Archive member included to satisfy reference by file (symbol)

c:/Users/fastr/AppData/Roaming/Code/User/globalStorage/bmd.stm32-for-vscode/@xpack-dev-tools/arm-none-eabi-gcc/15.2.1-1.1.1/.content/bin/../lib/gcc/arm-none-eabi/15.2.1/../../../../arm-none-eabi/lib/thumb/v6-m/nofp\libc_nano.a(libc_a-atexit.o)
                              c:/Users/fastr/AppData/Roaming/Code/User/globalStorage/bmd.stm32-for-vscode/@xpack-dev-tools/arm-none-eabi-gcc/15.2.1-1.1.1/.content/bin/../lib/gcc/arm-none-eabi/15.2.1/../../../../arm-none-eabi/lib/thumb/v6-m/nofp/crt0.o (atexit)
c:/Users/fastr/AppData/Roaming/Code/User/globalStorage/bmd.stm32-for-vscode/@xpack-dev-tools/arm-none-eabi-gcc/15.2.1-1.1.1/.content/bin/../lib/gcc/arm-none-eabi/15.2.1/../../../../arm-none-eabi/lib/thumb/v6-m/nofp\libc_nano.a(libc_a-exit.o)
                              c:/Users/fastr/AppData/Roaming/Code/User/globalStorage/bmd.stm32-for-vscode/@xpack-dev-tools/arm-none-eabi-gcc/15.2.1-1.1.1/.content/bin/../lib/gcc/arm-none-eabi/15.2.1/../../../../arm-none-eabi/lib/thumb/v6-m/nofp/crt0.o (exit)
c:/Users/fastr/AppData/Roaming/Code/User/globalStorage/bmd.stm32-for-vscode/@xpack-dev-tools/arm-none-eabi-gcc/15.2.1-1.1.1/.content/bin/../lib/gcc/arm-none-eabi/15.2.1/../../../../arm-none-eabi/lib/thumb/v6-m/nofp\libc_nano.a(libc_a-findfp.o)
                              c:/Users/fastr/AppData/Roaming/Code/User/globalStorage/bmd.stm32-for-vscode/@xpack-dev-tools/arm-none-eabi-gcc/15.2.1-1.1.1/.content/bin/../lib/gcc/arm-none-eabi/15.2.1/../../../../arm-none-eabi/lib/thumb/v6-m/nofp\libc_nano.a(libc_a-exit.o) (__stdio_exit_handler)
c:/Users/fastr/AppData/Roaming/Code/User/globalStorage/bmd.stm32-for-vscode/@xpack-dev-tools/arm-none-eabi-gcc/15.2.1-1.1.1/.content/bin/../lib/gcc/arm-none-eabi/15.2.1/../../../../arm-none-eabi/lib/thumb/v6-m/nofp\libc_nano.a(libc_a-fwalk.o)
                              c:/Users/fastr/AppData/Roaming/Code/User/globalStorage/bmd.stm32-for-vscode/@xpack-dev-tools/arm-none-eabi-gcc/15.2.1-1.1.1/.content/bin/../lib/gcc/arm-none-eabi/15.2.1/../../../../arm-none-eabi/lib/thumb/v6-m/nofp\libc_nano.a(libc_a-findfp.o) (_fwalk_sglue)
c:/Users/fastr/AppData/Roaming/Code/User/globalStorage/bmd.stm32-for-vscode/@xpack-dev-tools/arm-none-eabi-gcc/15.2.1-1.1.1/.content/bin/../lib/gcc/arm-none-eabi/15.2.1/../../../../arm-none-eabi/lib/thumb/v6-m/nofp\libc_nano.a(libc_a-stdio.o)
                              c:/Users/fastr/AppData/Roaming/Code/User/globalStorage/bmd.stm32-for-vscode/@xpack-dev-tools/arm-none-eabi-gcc/15.2.1-1.1.1/.content/bin/../lib/gcc/arm-none-eabi/15.2.1/../../../../arm-none-eabi/lib/thumb/v6-m/nofp\libc_nano.a(libc_a-findfp.o) (__sread)
c:/Users/fastr/AppData/Roaming/Code/User/globalStorage/bmd.stm32-for-vscode/@xpack-dev-tools/arm-none-eabi-gcc/15.2.1-1.1.1/.content/bin/../lib/gcc/arm-none-eabi/15.2.1/../../../../arm-none-eabi/lib/thumb/v6-m/nofp\libc_nano.a(libc_a-memset.o)
                              c:/Users/fastr/AppData/Roaming/Code/User/globalStorage/bmd.stm32-for-vscode/@xpack-dev-tools/arm-none-eabi-gcc/15.2.1-1.1.1/.content/bin/../lib/gcc/arm-none-eabi/15.2.1/../../../../arm-none-eabi/lib/thumb/v6-m/nofp/crt0.o (memset)
c:/Users/fastr/AppData/Roaming/Code/User/globalStorage/bmd.stm32-for-vscode/@xpack-dev-tools/arm-none-eabi-gcc/15.2.1-1.1.1/.content/bin/../lib/gcc/arm-none-eabi/15.2.1/../../../../arm-none-eabi/lib/thumb/v6-m/nofp\libc_nano.a(libc_a-closer.o)
                              c:/Users/fastr/AppData/Roaming/Code/User/globalStorage/bmd.stm32-for-vscode/@xpack-dev-tools/arm-none-eabi-gcc/15.2.1-1.1.1/.content/bin/../lib/gcc/arm-none-eabi/15.2.1/../../../../arm-none-eabi/lib/thumb/v6-m/nofp\libc_nano.a(libc_a-stdio.o) (_close_r)
c:/Users/fastr/AppData/Roaming/Code/User/globalStorage/bmd.stm32-for-vscode/@xpack-dev-tools/arm-none-eabi-gcc/15.2.1-1.1.1/.content/bin/../lib/gcc/arm-none-eabi/15.2.1/../../../../arm-none-eabi/lib/thumb/v6-m/nofp\libc_nano.a(libc_a-reent.o)
                              c:/Users/fastr/AppData/Roaming/Code/User/globalStorage/bmd.stm32-for-vscode/@xpack-dev-tools/arm-none-eabi-gcc/15.2.1-1.1.1/.content/bin/../lib/gcc/arm-none-eabi/15.2.1/../../../../arm-none-eabi/lib/thumb/v6-m/nofp\libc_nano.a(libc_a-closer.o) (errno)
c:/Users/fastr/AppData/Roaming/Code/User/globalStorage/bmd.stm32-for-vscode/@xpack-dev-tools/arm-none-eabi-gcc/15.2.1-1.1.1/.content/bin/../lib/gcc/arm-none-eabi/15.2.1/../../../../arm-none-eabi/lib/thumb/v6-m/nofp\libc_nano.a(libc_a-impure.o)
                              c:/Users/fastr/AppData/Roaming/Code/User/globalStorage/bmd.stm32-for-vscode/@xpack-dev-tools/arm-none-eabi-gcc/15.2.1-1.1.1/.content/bin/../lib/gcc/arm-none-eabi/15.2.1/../../../../arm-none-eabi/lib/thumb/v6-m/nofp\libc_nano.a(libc_a-reent.o) (_impure_ptr)
c:/Users/fastr/AppData/Roaming/Code/User/globalStorage/bmd.stm32-for-vscode/@xpack-dev-tools/arm-none-eabi-gcc/15.2.1-1.1.1/.content/bin/../lib/gcc/arm-none-eabi/15.2.1/../../../../arm-none-eabi/lib/thumb/v6-m/nofp\libc_nano.a(libc_a-lseekr.o)
[...]
Memory Configuration

Name             Origin             Length             Attributes
RAM              0x20000000         0x00002000         xrw
FLASH            0x08000000         0x00008000         xr
*default*        0x00000000         0xffffffff

Linker script and memory map

LOAD c:/Users/fastr/AppData/Roaming/Code/User/globalStorage/bmd.stm32-for-vscode/@xpack-dev-tools/arm-none-eabi-gcc/15.2.1-1.1.1/.content/bin/../lib/gcc/arm-none-eabi/15.2.1/thumb/v6-m/nofp/crti.o
LOAD c:/Users/fastr/AppData/Roaming/Code/User/globalStorage/bmd.stm32-for-vscode/@xpack-dev-tools/arm-none-eabi-gcc/15.2.1-1.1.1/.content/bin/../lib/gcc/arm-none-eabi/15.2.1/thumb/v6-m/nofp/crtbegin.o
LOAD c:/Users/fastr/AppData/Roaming/Code/User/globalStorage/bmd.stm32-for-vscode/@xpack-dev-tools/arm-none-eabi-gcc/15.2.1-1.1.1/.content/bin/../lib/gcc/arm-none-eabi/15.2.1/../../../../arm-none-eabi/lib/thumb/v6-m/nofp/crt0.o
LOAD build/debug/main.o
LOAD build/debug/stm32f0xx_hal.o
LOAD build/debug/stm32f0xx_hal_cortex.o
LOAD build/debug/stm32f0xx_hal_dma.o
LOAD build/debug/stm32f0xx_hal_flash.o
LOAD build/debug/stm32f0xx_hal_flash_ex.o
LOAD build/debug/stm32f0xx_hal_gpio.o
LOAD build/debug/stm32f0xx_hal_i2c.o
LOAD build/debug/stm32f0xx_hal_i2c_ex.o
LOAD build/debug/stm32f0xx_hal_msp.o
LOAD build/debug/stm32f0xx_hal_pwr.o
LOAD build/debug/stm32f0xx_hal_pwr_ex.o
LOAD build/debug/stm32f0xx_hal_rcc.o
LOAD build/debug/stm32f0xx_hal_rcc_ex.o
LOAD build/debug/stm32f0xx_hal_tim.o
LOAD build/debug/stm32f0xx_hal_tim_ex.o
LOAD build/debug/stm32f0xx_it.o
LOAD build/debug/stm32f0xx_ll_exti.o
LOAD build/debug/stm32f0xx_ll_gpio.o
LOAD build/debug/stm32f0xx_ll_rcc.o
LOAD build/debug/stm32f0xx_ll_utils.o
LOAD build/debug/system_stm32f0xx.o
LOAD build/debug/startup_stm32f051x8.o
LOAD c:/Users/fastr/AppData/Roaming/Code/User/globalStorage/bmd.stm32-for-vscode/@xpack-dev-tools/arm-none-eabi-gcc/15.2.1-1.1.1/.content/bin/../lib/gcc/arm-none-eabi/15.2.1/../../../../arm-none-eabi/lib/thumb/v6-m/nofp\libc_nano.a
LOAD c:/Users/fastr/AppData/Roaming/Code/User/globalStorage/bmd.stm32-for-vscode/@xpack-dev-tools/arm-none-eabi-gcc/15.2.1-1.1.1/.content/bin/../lib/gcc/arm-none-eabi/15.2.1/../../../../arm-none-eabi/lib/thumb/v6-m/nofp\libm.a
LOAD c:/Users/fastr/AppData/Roaming/Code/User/globalStorage/bmd.stm32-for-vscode/@xpack-dev-tools/arm-none-eabi-gcc/15.2.1-1.1.1/.content/bin/../lib/gcc/arm-none-eabi/15.2.1/../../../../arm-none-eabi/lib/thumb/v6-m/nofp\libnosys.a
START GROUP
LOAD c:/Users/fastr/AppData/Roaming/Code/User/globalStorage/bmd.stm32-for-vscode/@xpack-dev-tools/arm-none-eabi-gcc/15.2.1-1.1.1/.content/bin/../lib/gcc/arm-none-eabi/15.2.1/thumb/v6-m/nofp\libgcc.a
LOAD c:/Users/fastr/AppData/Roaming/Code/User/globalStorage/bmd.stm32-for-vscode/@xpack-dev-tools/arm-none-eabi-gcc/15.2.1-1.1.1/.content/bin/../lib/gcc/arm-none-eabi/15.2.1/../../../../arm-none-eabi/lib/thumb/v6-m/nofp\libc_nano.a
END GROUP
START GROUP
LOAD c:/Users/fastr/AppData/Roaming/Code/User/globalStorage/bmd.stm32-for-vscode/@xpack-dev-tools/arm-none-eabi-gcc/15.2.1-1.1.1/.content/bin/../lib/gcc/arm-none-eabi/15.2.1/thumb/v6-m/nofp\libgcc.a
LOAD c:/Users/fastr/AppData/Roaming/Code/User/globalStorage/bmd.stm32-for-vscode/@xpack-dev-tools/arm-none-eabi-gcc/15.2.1-1.1.1/.content/bin/../lib/gcc/arm-none-eabi/15.2.1/../../../../arm-none-eabi/lib/thumb/v6-m/nofp\libc_nano.a
END GROUP
LOAD c:/Users/fastr/AppData/Roaming/Code/User/globalStorage/bmd.stm32-for-vscode/@xpack-dev-tools/arm-none-eabi-gcc/15.2.1-1.1.1/.content/bin/../lib/gcc/arm-none-eabi/15.2.1/thumb/v6-m/nofp/crtend.o
LOAD c:/Users/fastr/AppData/Roaming/Code/User/globalStorage/bmd.stm32-for-vscode/@xpack-dev-tools/arm-none-eabi-gcc/15.2.1-1.1.1/.content/bin/../lib/gcc/arm-none-eabi/15.2.1/thumb/v6-m/nofp/crtn.o
                0x20002000                        _estack = (ORIGIN (RAM) + LENGTH (RAM))
                0x00000200                        _Min_Heap_Size = 0x200
                0x00000400                        _Min_Stack_Size = 0x400

.isr_vector     0x08000000       0xc0
                0x08000000                        . = ALIGN (0x4)
 *(.isr_vector)
 .isr_vector    0x08000000       0xc0 build/debug/startup_stm32f051x8.o
                0x08000000                g_pfnVectors
                0x080000c0                        . = ALIGN (0x4)

.text           0x080000c0      0x220
                0x080000c0                        . = ALIGN (0x4)
 *(.text)
 *(.text*)
 .text.__do_global_dtors_aux
                0x080000c0       0x28 c:/Users/fastr/AppData/Roaming/Code/User/globalStorage/bmd.stm32-for-vscode/@xpack-dev-tools/arm-none-eabi-gcc/15.2.1-1.1.1/.content/bin/../lib/gcc/arm-none-eabi/15.2.1/thumb/v6-m/nofp/crtbegin.o
 .text.frame_dummy
                0x080000e8       0x20 c:/Users/fastr/AppData/Roaming/Code/User/globalStorage/bmd.stm32-for-vscode/@xpack-dev-tools/arm-none-eabi-gcc/15.2.1-1.1.1/.content/bin/../lib/gcc/arm-none-eabi/15.2.1/thumb/v6-m/nofp/crtbegin.o
 .text.GPIO_Init
                0x08000108       0x4c build/debug/main.o
 .text.TIM16_Init
                0x08000154       0x58 build/debug/main.o
 .text.main     0x080001ac        0xc build/debug/main.o
                0x080001ac                main
 .text.TIM16_IRQHandler
                0x080001b8       0x48 build/debug/main.o
                0x080001b8                TIM16_IRQHandler
 .text.HAL_IncTick
                0x08000200       0x18 build/debug/stm32f0xx_hal.o
                0x08000200                HAL_IncTick
 .text.NMI_Handler
                0x08000218        0x2 build/debug/stm32f0xx_it.o
                0x08000218                NMI_Handler
 .text.HardFault_Handler
                0x0800021a        0x2 build/debug/stm32f0xx_it.o
                0x0800021a                HardFault_Handler
 .text.SVC_Handler
                0x0800021c        0x2 build/debug/stm32f0xx_it.o
                0x0800021c                SVC_Handler
 .text.PendSV_Handler
                0x0800021e        0x2 build/debug/stm32f0xx_it.o
                0x0800021e                PendSV_Handler
 .text.SysTick_Handler
                0x08000220        0x8 build/debug/stm32f0xx_it.o
                0x08000220                SysTick_Handler
 .text.SystemInit
                0x08000228        0x2 build/debug/system_stm32f0xx.o
                0x08000228                SystemInit
 *fill*         0x0800022a        0x2 
 .text.Reset_Handler
                0x0800022c       0x50 build/debug/startup_stm32f051x8.o
                0x0800022c                Reset_Handler
 .text.Default_Handler
                0x0800027c        0x2 build/debug/startup_stm32f051x8.o
                0x0800027c                TIM1_CC_IRQHandler
                0x0800027c                TSC_IRQHandler
                0x0800027c                ADC1_COMP_IRQHandler
                0x0800027c                PVD_IRQHandler
                0x0800027c                I2C1_IRQHandler
                0x0800027c                RCC_CRS_IRQHandler
                0x0800027c                SPI1_IRQHandler
                0x0800027c                TIM6_DAC_IRQHandler
                0x0800027c                EXTI2_3_IRQHandler
                0x0800027c                I2C2_IRQHandler
                0x0800027c                TIM17_IRQHandler
                0x0800027c                CEC_CAN_IRQHandler
                0x0800027c                RTC_IRQHandler
                0x0800027c                TIM3_IRQHandler
                0x0800027c                EXTI4_15_IRQHandler
                0x0800027c                DMA1_Channel1_IRQHandler
                0x0800027c                Default_Handler
                0x0800027c                TIM14_IRQHandler
                0x0800027c                DMA1_Channel4_5_IRQHandler
                0x0800027c                TIM15_IRQHandler
                0x0800027c                EXTI0_1_IRQHandler
                0x0800027c                SPI2_IRQHandler
                0x0800027c                WWDG_IRQHandler
                0x0800027c                TIM2_IRQHandler
                0x0800027c                DMA1_Channel2_3_IRQHandler
                0x0800027c                USART2_IRQHandler
                0x0800027c                FLASH_IRQHandler
                0x0800027c                USART1_IRQHandler
                0x0800027c                TIM1_BRK_UP_TRG_COM_IRQHandler
 *fill*         0x0800027e        0x2 
 .text.__libc_init_array
                0x08000280       0x48 c:/Users/fastr/AppData/Roaming/Code/User/globalStorage/bmd.stm32-for-vscode/@xpack-dev-tools/arm-none-eabi-gcc/15.2.1-1.1.1/.content/bin/../lib/gcc/arm-none-eabi/15.2.1/../../../../arm-none-eabi/lib/thumb/v6-m/nofp\libc_nano.a(libc_a-init.o)
                0x08000280                __libc_init_array
 *(.glue_7)
 .glue_7        0x080002c8        0x0 linker stubs
 *(.glue_7t)
 .glue_7t       0x080002c8        0x0 linker stubs
 *(.eh_frame)
 .eh_frame      0x080002c8        0x0 c:/Users/fastr/AppData/Roaming/Code/User/globalStorage/bmd.stm32-for-vscode/@xpack-dev-tools/arm-none-eabi-gcc/15.2.1-1.1.1/.content/bin/../lib/gcc/arm-none-eabi/15.2.1/thumb/v6-m/nofp/crtbegin.o
 *(.init)
 .init          0x080002c8        0x4 c:/Users/fastr/AppData/Roaming/Code/User/globalStorage/bmd.stm32-for-vscode/@xpack-dev-tools/arm-none-eabi-gcc/15.2.1-1.1.1/.content/bin/../lib/gcc/arm-none-eabi/15.2.1/thumb/v6-m/nofp/crti.o
                0x080002c8                _init
 .init          0x080002cc        0x8 c:/Users/fastr/AppData/Roaming/Code/User/globalStorage/bmd.stm32-for-vscode/@xpack-dev-tools/arm-none-eabi-gcc/15.2.1-1.1.1/.content/bin/../lib/gcc/arm-none-eabi/15.2.1/thumb/v6-m/nofp/crtn.o
 *(.fini)
 .fini          0x080002d4        0x4 c:/Users/fastr/AppData/Roaming/Code/User/globalStorage/bmd.stm32-for-vscode/@xpack-dev-tools/arm-none-eabi-gcc/15.2.1-1.1.1/.content/bin/../lib/gcc/arm-none-eabi/15.2.1/thumb/v6-m/nofp/crti.o
                0x080002d4                _fini
 .fini          0x080002d8        0x8 c:/Users/fastr/AppData/Roaming/Code/User/globalStorage/bmd.stm32-for-vscode/@xpack-dev-tools/arm-none-eabi-gcc/15.2.1-1.1.1/.content/bin/../lib/gcc/arm-none-eabi/15.2.1/thumb/v6-m/nofp/crtn.o
                0x080002e0                        . = ALIGN (0x4)
                0x080002e0                        _etext = .

.vfp11_veneer   0x080002e0        0x0
 .vfp11_veneer  0x080002e0        0x0 linker stubs

.v4_bx          0x080002e0        0x0
 .v4_bx         0x080002e0        0x0 linker stubs

.iplt           0x080002e0        0x0
 .iplt          0x080002e0        0x0 c:/Users/fastr/AppData/Roaming/Code/User/globalStorage/bmd.stm32-for-vscode/@xpack-dev-tools/arm-none-eabi-gcc/15.2.1-1.1.1/.content/bin/../lib/gcc/arm-none-eabi/15.2.1/thumb/v6-m/nofp/crtbegin.o

.rel.dyn        0x080002e0        0x0
 .rel.iplt      0x080002e0        0x0 c:/Users/fastr/AppData/Roaming/Code/User/globalStorage/bmd.stm32-for-vscode/@xpack-dev-tools/arm-none-eabi-gcc/15.2.1-1.1.1/.content/bin/../lib/gcc/arm-none-eabi/15.2.1/thumb/v6-m/nofp/crtbegin.o

.rodata         0x080002e0        0x0
                0x080002e0                        . = ALIGN (0x4)
 *(.rodata)
 *(.rodata*)
                0x080002e0                        . = ALIGN (0x4)

.ARM.extab      0x080002e0        0x0
                0x080002e0                        . = ALIGN (0x4)
 *(.ARM.extab* .gnu.linkonce.armextab.*)
                0x080002e0                        . = ALIGN (0x4)

.ARM            0x080002e0        0x0
                0x080002e0                        . = ALIGN (0x4)
                0x080002e0                        __exidx_start = .
 *(.ARM.exidx*)
                0x080002e0                        __exidx_end = .
                0x080002e0                        . = ALIGN (0x4)

.preinit_array  0x080002e0        0x0
                0x080002e0                        . = ALIGN (0x4)
                0x080002e0                        PROVIDE (__preinit_array_start = .)
 *(.preinit_array*)
                0x080002e0                        PROVIDE (__preinit_array_end = .)
                0x080002e0                        . = ALIGN (0x4)

.init_array     0x080002e0        0x4
                0x080002e0                        . = ALIGN (0x4)
                0x080002e0                        PROVIDE (__init_array_start = .)
 *(SORT_BY_NAME(.init_array.*))
 *(.init_array*)
 .init_array    0x080002e0        0x4 c:/Users/fastr/AppData/Roaming/Code/User/globalStorage/bmd.stm32-for-vscode/@xpack-dev-tools/arm-none-eabi-gcc/15.2.1-1.1.1/.content/bin/../lib/gcc/arm-none-eabi/15.2.1/thumb/v6-m/nofp/crtbegin.o
                0x080002e4                        PROVIDE (__init_array_end = .)
                0x080002e4                        . = ALIGN (0x4)

.fini_array     0x080002e4        0x4
                0x080002e4                        . = ALIGN (0x4)
                0x080002e4                        PROVIDE (__fini_array_start = .)
 *(SORT_BY_NAME(.fini_array.*))
 *(.fini_array*)
 .fini_array    0x080002e4        0x4 c:/Users/fastr/AppData/Roaming/Code/User/globalStorage/bmd.stm32-for-vscode/@xpack-dev-tools/arm-none-eabi-gcc/15.2.1-1.1.1/.content/bin/../lib/gcc/arm-none-eabi/15.2.1/thumb/v6-m/nofp/crtbegin.o
                0x080002e8                        PROVIDE (__fini_array_end = .)
                0x080002e8                        . = ALIGN (0x4)
                0x080002e8                        _sidata = LOADADDR (.data)

.data           0x20000000        0x4 load address 0x080002e8
                0x20000000                        . = ALIGN (0x4)
                0x20000000                        _sdata = .
 *(.data)
 *(.data*)
 .data.uwTickFreq
                0x20000000        0x1 build/debug/stm32f0xx_hal.o
                0x20000000                uwTickFreq
 *(.RamFunc)
 *(.RamFunc*)
                0x20000004                        . = ALIGN (0x4)
 *fill*         0x20000001        0x3 
                0x20000004                        _edata = .

.igot.plt       0x20000004        0x0 load address 0x080002ec
 .igot.plt      0x20000004        0x0 c:/Users/fastr/AppData/Roaming/Code/User/globalStorage/bmd.stm32-for-vscode/@xpack-dev-tools/arm-none-eabi-gcc/15.2.1-1.1.1/.content/bin/../lib/gcc/arm-none-eabi/15.2.1/thumb/v6-m/nofp/crtbegin.o
                0x20000004                        . = ALIGN (0x4)

.bss            0x20000004       0x24 load address 0x080002ec
                0x20000004                        _sbss = .
                0x20000004                        __bss_start__ = _sbss
 *(.bss)
 *(.bss*)
 .bss.completed.1
                0x20000004        0x1 c:/Users/fastr/AppData/Roaming/Code/User/globalStorage/bmd.stm32-for-vscode/@xpack-dev-tools/arm-none-eabi-gcc/15.2.1-1.1.1/.content/bin/../lib/gcc/arm-none-eabi/15.2.1/thumb/v6-m/nofp/crtbegin.o
 *fill*         0x20000005        0x3 
 .bss.object.0  0x20000008       0x18 c:/Users/fastr/AppData/Roaming/Code/User/globalStorage/bmd.stm32-for-vscode/@xpack-dev-tools/arm-none-eabi-gcc/15.2.1-1.1.1/.content/bin/../lib/gcc/arm-none-eabi/15.2.1/thumb/v6-m/nofp/crtbegin.o
 .bss.counter.0
                0x20000020        0x1 build/debug/main.o
 *fill*         0x20000021        0x3 
 .bss.uwTick    0x20000024        0x4 build/debug/stm32f0xx_hal.o
                0x20000024                uwTick
 *(COMMON)
                0x20000028                        . = ALIGN (0x4)
                0x20000028                        _ebss = .
                0x20000028                        __bss_end__ = _ebss

._user_heap_stack
                0x20000028      0x600 load address 0x080002ec
                0x20000028                        . = ALIGN (0x8)
                0x20000028                        PROVIDE (end = .)
                [!provide]                        PROVIDE (_end = .)
                0x20000228                        . = (. + _Min_Heap_Size)
 *fill*         0x20000028      0x200 
                0x20000628                        . = (. + _Min_Stack_Size)
 *fill*         0x20000228      0x400 
                0x20000628                        . = ALIGN (0x8)

/DISCARD/
 libc.a(*)
 libm.a(*)
 libgcc.a(*)

.ARM.attributes
                0x00000000       0x28
 *(.ARM.attributes)
 .ARM.attributes
                0x00000000       0x1e c:/Users/fastr/AppData/Roaming/Code/User/globalStorage/bmd.stm32-for-vscode/@xpack-dev-tools/arm-none-eabi-gcc/15.2.1-1.1.1/.content/bin/../lib/gcc/arm-none-eabi/15.2.1/thumb/v6-m/nofp/crti.o
 .ARM.attributes
                0x0000001e       0x2c c:/Users/fastr/AppData/Roaming/Code/User/globalStorage/bmd.stm32-for-vscode/@xpack-dev-tools/arm-none-eabi-gcc/15.2.1-1.1.1/.content/bin/../lib/gcc/arm-none-eabi/15.2.1/thumb/v6-m/nofp/crtbegin.o
 .ARM.attributes
                0x0000004a       0x2c build/debug/main.o
 .ARM.attributes
                0x00000076       0x2c build/debug/stm32f0xx_hal.o
 .ARM.attributes
                0x000000a2       0x2c build/debug/stm32f0xx_it.o
 .ARM.attributes
                0x000000ce       0x2c build/debug/system_stm32f0xx.o
 .ARM.attributes
                0x000000fa       0x21 build/debug/startup_stm32f051x8.o
 .ARM.attributes
                0x0000011b       0x2c c:/Users/fastr/AppData/Roaming/Code/User/globalStorage/bmd.stm32-for-vscode/@xpack-dev-tools/arm-none-eabi-gcc/15.2.1-1.1.1/.content/bin/../lib/gcc/arm-none-eabi/15.2.1/../../../../arm-none-eabi/lib/thumb/v6-m/nofp\libc_nano.a(libc_a-init.o)
 .ARM.attributes
                0x00000147       0x1e c:/Users/fastr/AppData/Roaming/Code/User/globalStorage/bmd.stm32-for-vscode/@xpack-dev-tools/arm-none-eabi-gcc/15.2.1-1.1.1/.content/bin/../lib/gcc/arm-none-eabi/15.2.1/thumb/v6-m/nofp/crtn.o
OUTPUT(build/debug/EEE2046Prac.elf elf32-littlearm)
LOAD linker stubs
LOAD c:/Users/fastr/AppData/Roaming/Code/User/globalStorage/bmd.stm32-for-vscode/@xpack-dev-tools/arm-none-eabi-gcc/15.2.1-1.1.1/.content/bin/../lib/gcc/arm-none-eabi/15.2.1/../../../../arm-none-eabi/lib/thumb/v6-m/nofp\libc.a
LOAD c:/Users/fastr/AppData/Roaming/Code/User/globalStorage/bmd.stm32-for-vscode/@xpack-dev-tools/arm-none-eabi-gcc/15.2.1-1.1.1/.content/bin/../lib/gcc/arm-none-eabi/15.2.1/../../../../arm-none-eabi/lib/thumb/v6-m/nofp\libm.a
LOAD c:/Users/fastr/AppData/Roaming/Code/User/globalStorage/bmd.stm32-for-vscode/@xpack-dev-tools/arm-none-eabi-gcc/15.2.1-1.1.1/.content/bin/../lib/gcc/arm-none-eabi/15.2.1/thumb/v6-m/nofp\libgcc.a

.comment        0x00000000       0x39
 .comment       0x00000000       0x39 c:/Users/fastr/AppData/Roaming/Code/User/globalStorage/bmd.stm32-for-vscode/@xpack-dev-tools/arm-none-eabi-gcc/15.2.1-1.1.1/.content/bin/../lib/gcc/arm-none-eabi/15.2.1/thumb/v6-m/nofp/crtbegin.o
                                 0x3a (size before relaxing)
 .comment       0x00000039        0x0 build/debug/main.o
                                 0x3a (size before relaxing)
 .comment       0x00000039        0x0 build/debug/stm32f0xx_hal.o
                                 0x3a (size before relaxing)
 .comment       0x00000039        0x0 build/debug/stm32f0xx_it.o
                                 0x3a (size before relaxing)
 .comment       0x00000039        0x0 build/debug/system_stm32f0xx.o
                                 0x3a (size before relaxing)
 .comment       0x00000039        0x0 c:/Users/fastr/AppData/Roaming/Code/User/globalStorage/bmd.stm32-for-vscode/@xpack-dev-tools/arm-none-eabi-gcc/15.2.1-1.1.1/.content/bin/../lib/gcc/arm-none-eabi/15.2.1/../../../../arm-none-eabi/lib/thumb/v6-m/nofp\libc_nano.a(libc_a-init.o)
                                 0x3a (size before relaxing)

.debug_info     0x00000000     0x1214
 .debug_info    0x00000000      0x70b build/debug/main.o
 .debug_info    0x0000070b      0x751 build/debug/stm32f0xx_hal.o
 .debug_info    0x00000e5c      0x126 build/debug/stm32f0xx_it.o
 .debug_info    0x00000f82      0x262 build/debug/system_stm32f0xx.o
 .debug_info    0x000011e4       0x30 build/debug/startup_stm32f051x8.o

.debug_abbrev   0x00000000      0x66e
 .debug_abbrev  0x00000000      0x1e8 build/debug/main.o
 .debug_abbrev  0x000001e8      0x26b build/debug/stm32f0xx_hal.o
 .debug_abbrev  0x00000453       0xbb build/debug/stm32f0xx_it.o
 .debug_abbrev  0x0000050e      0x13c build/debug/system_stm32f0xx.o
 .debug_abbrev  0x0000064a       0x24 build/debug/startup_stm32f051x8.o

.debug_loclists
                0x00000000      0x202
 .debug_loclists
                0x00000000       0x30 build/debug/main.o
 .debug_loclists
                0x00000030       0xe1 build/debug/stm32f0xx_hal.o
 .debug_loclists
                0x00000111       0xf1 build/debug/system_stm32f0xx.o

.debug_aranges  0x00000000      0x198
 .debug_aranges
                0x00000000       0x38 build/debug/main.o
 .debug_aranges
                0x00000038       0xd0 build/debug/stm32f0xx_hal.o
 .debug_aranges
                0x00000108       0x40 build/debug/stm32f0xx_it.o
 .debug_aranges
                0x00000148       0x28 build/debug/system_stm32f0xx.o
 .debug_aranges
                0x00000170       0x28 build/debug/startup_stm32f051x8.o

.debug_rnglists
                0x00000000      0x11a
 .debug_rnglists
                0x00000000       0x25 build/debug/main.o
 .debug_rnglists
                0x00000025       0x97 build/debug/stm32f0xx_hal.o
 .debug_rnglists
                0x000000bc       0x2b build/debug/stm32f0xx_it.o
 .debug_rnglists
                0x000000e7       0x1a build/debug/system_stm32f0xx.o
 .debug_rnglists
                0x00000101       0x19 build/debug/startup_stm32f051x8.o

.debug_line     0x00000000      0xe96
 .debug_line    0x00000000      0x35f build/debug/main.o
 .debug_line    0x0000035f      0x5b7 build/debug/stm32f0xx_hal.o
 .debug_line    0x00000916      0x256 build/debug/stm32f0xx_it.o
 .debug_line    0x00000b6c      0x2b3 build/debug/system_stm32f0xx.o
 .debug_line    0x00000e1f       0x77 build/debug/startup_stm32f051x8.o

.debug_str      0x00000000      0x92f
 .debug_str     0x00000000      0x92f build/debug/main.o
                                0x517 (size before relaxing)
 .debug_str     0x0000092f        0x0 build/debug/stm32f0xx_hal.o
                                0x6ea (size before relaxing)
 .debug_str     0x0000092f        0x0 build/debug/stm32f0xx_it.o
                                0x205 (size before relaxing)
 .debug_str     0x0000092f        0x0 build/debug/system_stm32f0xx.o
                                0x276 (size before relaxing)
 .debug_str     0x0000092f        0x0 build/debug/startup_stm32f051x8.o
                                 0x8b (size before relaxing)

.debug_frame    0x00000000      0x2b8
 .debug_frame   0x00000000       0x68 build/debug/main.o
 .debug_frame   0x00000068      0x1b0 build/debug/stm32f0xx_hal.o
 .debug_frame   0x00000218       0x68 build/debug/stm32f0xx_it.o
 .debug_frame   0x00000280       0x38 build/debug/system_stm32f0xx.o

.debug_line_str
                0x00000000       0x6f
 .debug_line_str
                0x00000000       0x6f build/debug/startup_stm32f051x8.o

Cross Reference Table

Symbol                                            File
ADC1_COMP_IRQHandler                              build/debug/startup_stm32f051x8.o
AHBPrescTable                                     build/debug/system_stm32f0xx.o
                                                  build/debug/stm32f0xx_ll_utils.o
                                                  build/debug/stm32f0xx_ll_rcc.o
                                                  build/debug/stm32f0xx_hal_rcc.o
APBPrescTable                                     build/debug/system_stm32f0xx.o
                                                  build/debug/stm32f0xx_ll_rcc.o
                                                  build/debug/stm32f0xx_hal_rcc.o
CEC_CAN_IRQHandler                                build/debug/startup_stm32f051x8.o
DMA1_Channel1_IRQHandler                          build/debug/startup_stm32f051x8.o
DMA1_Channel2_3_IRQHandler                        build/debug/startup_stm32f051x8.o
DMA1_Channel4_5_IRQHandler                        build/debug/startup_stm32f051x8.o
Default_Handler                                   build/debug/startup_stm32f051x8.o
EXTI0_1_IRQHandler                                build/debug/startup_stm32f051x8.o
EXTI2_3_IRQHandler                                build/debug/startup_stm32f051x8.o
EXTI4_15_IRQHandler                               build/debug/startup_stm32f051x8.o
FLASH_IRQHandler                                  build/debug/startup_stm32f051x8.o
FLASH_PageErase                                   build/debug/stm32f0xx_hal_flash_ex.o
                                                  build/debug/stm32f0xx_hal_flash.o
FLASH_WaitForLastOperation                        build/debug/stm32f0xx_hal_flash.o
                                                  build/debug/stm32f0xx_hal_flash_ex.o
HAL_DBGMCU_DisableDBGStandbyMode                  build/debug/stm32f0xx_hal.o
HAL_DBGMCU_DisableDBGStopMode                     build/debug/stm32f0xx_hal.o
HAL_DBGMCU_EnableDBGStandbyMode                   build/debug/stm32f0xx_hal.o
HAL_DBGMCU_EnableDBGStopMode                      build/debug/stm32f0xx_hal.o
HAL_DMA_Abort                                     build/debug/stm32f0xx_hal_dma.o
HAL_DMA_Abort_IT                                  build/debug/stm32f0xx_hal_dma.o
                                                  build/debug/stm32f0xx_hal_tim_ex.o
                                                  build/debug/stm32f0xx_hal_tim.o
                                                  build/debug/stm32f0xx_hal_i2c.o
HAL_DMA_DeInit                                    build/debug/stm32f0xx_hal_dma.o
HAL_DMA_GetError                                  build/debug/stm32f0xx_hal_dma.o
HAL_DMA_GetState                                  build/debug/stm32f0xx_hal_dma.o
                                                  build/debug/stm32f0xx_hal_i2c.o
HAL_DMA_IRQHandler                                build/debug/stm32f0xx_hal_dma.o
HAL_DMA_Init                                      build/debug/stm32f0xx_hal_dma.o
HAL_DMA_PollForTransfer                           build/debug/stm32f0xx_hal_dma.o
HAL_DMA_RegisterCallback                          build/debug/stm32f0xx_hal_dma.o
HAL_DMA_Start                                     build/debug/stm32f0xx_hal_dma.o
HAL_DMA_Start_IT                                  build/debug/stm32f0xx_hal_dma.o
                                                  build/debug/stm32f0xx_hal_tim_ex.o
                                                  build/debug/stm32f0xx_hal_tim.o
                                                  build/debug/stm32f0xx_hal_i2c.o
HAL_DMA_UnRegisterCallback                        build/debug/stm32f0xx_hal_dma.o
HAL_DeInit                                        build/debug/stm32f0xx_hal.o
HAL_Delay                                         build/debug/stm32f0xx_hal.o
HAL_FLASHEx_Erase                                 build/debug/stm32f0xx_hal_flash_ex.o
HAL_FLASHEx_Erase_IT                              build/debug/stm32f0xx_hal_flash_ex.o
HAL_FLASHEx_OBErase                               build/debug/stm32f0xx_hal_flash_ex.o
HAL_FLASHEx_OBGetConfig                           build/debug/stm32f0xx_hal_flash_ex.o
HAL_FLASHEx_OBGetUserData                         build/debug/stm32f0xx_hal_flash_ex.o
HAL_FLASHEx_OBProgram                             build/debug/stm32f0xx_hal_flash_ex.o
HAL_FLASH_EndOfOperationCallback                  build/debug/stm32f0xx_hal_flash.o
HAL_FLASH_GetError                                build/debug/stm32f0xx_hal_flash.o
HAL_FLASH_IRQHandler                              build/debug/stm32f0xx_hal_flash.o
HAL_FLASH_Lock                                    build/debug/stm32f0xx_hal_flash.o
HAL_FLASH_OB_Launch                               build/debug/stm32f0xx_hal_flash.o
HAL_FLASH_OB_Lock                                 build/debug/stm32f0xx_hal_flash.o
HAL_FLASH_OB_Unlock                               build/debug/stm32f0xx_hal_flash.o
HAL_FLASH_OperationErrorCallback                  build/debug/stm32f0xx_hal_flash.o
HAL_FLASH_Program                                 build/debug/stm32f0xx_hal_flash.o
HAL_FLASH_Program_IT                              build/debug/stm32f0xx_hal_flash.o
HAL_FLASH_Unlock                                  build/debug/stm32f0xx_hal_flash.o
HAL_GPIO_DeInit                                   build/debug/stm32f0xx_hal_gpio.o
HAL_GPIO_EXTI_Callback                            build/debug/stm32f0xx_hal_gpio.o
HAL_GPIO_EXTI_IRQHandler                          build/debug/stm32f0xx_hal_gpio.o
HAL_GPIO_Init                                     build/debug/stm32f0xx_hal_gpio.o
                                                  build/debug/stm32f0xx_hal_rcc.o
HAL_GPIO_LockPin                                  build/debug/stm32f0xx_hal_gpio.o
HAL_GPIO_ReadPin                                  build/debug/stm32f0xx_hal_gpio.o
HAL_GPIO_TogglePin                                build/debug/stm32f0xx_hal_gpio.o
HAL_GPIO_WritePin                                 build/debug/stm32f0xx_hal_gpio.o
HAL_GetDEVID                                      build/debug/stm32f0xx_hal.o
HAL_GetHalVersion                                 build/debug/stm32f0xx_hal.o
HAL_GetREVID                                      build/debug/stm32f0xx_hal.o
HAL_GetTick                                       build/debug/stm32f0xx_hal.o
                                                  build/debug/stm32f0xx_hal_rcc_ex.o
                                                  build/debug/stm32f0xx_hal_rcc.o
                                                  build/debug/stm32f0xx_hal_i2c.o
                                                  build/debug/stm32f0xx_hal_flash.o
                                                  build/debug/stm32f0xx_hal_dma.o
HAL_GetTickFreq                                   build/debug/stm32f0xx_hal.o
HAL_GetTickPrio                                   build/debug/stm32f0xx_hal.o
HAL_GetUIDw0                                      build/debug/stm32f0xx_hal.o
HAL_GetUIDw1                                      build/debug/stm32f0xx_hal.o
HAL_GetUIDw2                                      build/debug/stm32f0xx_hal.o
HAL_I2CEx_ConfigAnalogFilter                      build/debug/stm32f0xx_hal_i2c_ex.o
HAL_I2CEx_ConfigDigitalFilter                     build/debug/stm32f0xx_hal_i2c_ex.o
HAL_I2CEx_DisableFastModePlus                     build/debug/stm32f0xx_hal_i2c_ex.o
HAL_I2CEx_DisableWakeUp                           build/debug/stm32f0xx_hal_i2c_ex.o
HAL_I2CEx_EnableFastModePlus                      build/debug/stm32f0xx_hal_i2c_ex.o
HAL_I2CEx_EnableWakeUp                            build/debug/stm32f0xx_hal_i2c_ex.o
HAL_I2C_AbortCpltCallback                         build/debug/stm32f0xx_hal_i2c.o
HAL_I2C_AddrCallback                              build/debug/stm32f0xx_hal_i2c.o
HAL_I2C_DeInit                                    build/debug/stm32f0xx_hal_i2c.o
HAL_I2C_DisableListen_IT                          build/debug/stm32f0xx_hal_i2c.o
HAL_I2C_ER_IRQHandler                             build/debug/stm32f0xx_hal_i2c.o
HAL_I2C_EV_IRQHandler                             build/debug/stm32f0xx_hal_i2c.o
HAL_I2C_EnableListen_IT                           build/debug/stm32f0xx_hal_i2c.o
HAL_I2C_ErrorCallback                             build/debug/stm32f0xx_hal_i2c.o
HAL_I2C_GetError                                  build/debug/stm32f0xx_hal_i2c.o
HAL_I2C_GetMode                                   build/debug/stm32f0xx_hal_i2c.o
HAL_I2C_GetState                                  build/debug/stm32f0xx_hal_i2c.o
HAL_I2C_Init                                      build/debug/stm32f0xx_hal_i2c.o
HAL_I2C_IsDeviceReady                             build/debug/stm32f0xx_hal_i2c.o
HAL_I2C_ListenCpltCallback                        build/debug/stm32f0xx_hal_i2c.o
HAL_I2C_MasterRxCpltCallback                      build/debug/stm32f0xx_hal_i2c.o
HAL_I2C_MasterTxCpltCallback                      build/debug/stm32f0xx_hal_i2c.o
HAL_I2C_Master_Abort_IT                           build/debug/stm32f0xx_hal_i2c.o
HAL_I2C_Master_Receive                            build/debug/stm32f0xx_hal_i2c.o
HAL_I2C_Master_Receive_DMA                        build/debug/stm32f0xx_hal_i2c.o
HAL_I2C_Master_Receive_IT                         build/debug/stm32f0xx_hal_i2c.o
HAL_I2C_Master_Seq_Receive_DMA                    build/debug/stm32f0xx_hal_i2c.o
HAL_I2C_Master_Seq_Receive_IT                     build/debug/stm32f0xx_hal_i2c.o
HAL_I2C_Master_Seq_Transmit_DMA                   build/debug/stm32f0xx_hal_i2c.o
HAL_I2C_Master_Seq_Transmit_IT                    build/debug/stm32f0xx_hal_i2c.o
HAL_I2C_Master_Transmit                           build/debug/stm32f0xx_hal_i2c.o
HAL_I2C_Master_Transmit_DMA                       build/debug/stm32f0xx_hal_i2c.o
HAL_I2C_Master_Transmit_IT                        build/debug/stm32f0xx_hal_i2c.o
HAL_I2C_MemRxCpltCallback                         build/debug/stm32f0xx_hal_i2c.o
HAL_I2C_MemTxCpltCallback                         build/debug/stm32f0xx_hal_i2c.o
HAL_I2C_Mem_Read                                  build/debug/stm32f0xx_hal_i2c.o
HAL_I2C_Mem_Read_DMA                              build/debug/stm32f0xx_hal_i2c.o
HAL_I2C_Mem_Read_IT                               build/debug/stm32f0xx_hal_i2c.o
HAL_I2C_Mem_Write                                 build/debug/stm32f0xx_hal_i2c.o
HAL_I2C_Mem_Write_DMA                             build/debug/stm32f0xx_hal_i2c.o
HAL_I2C_Mem_Write_IT                              build/debug/stm32f0xx_hal_i2c.o
HAL_I2C_MspDeInit                                 build/debug/stm32f0xx_hal_i2c.o
HAL_I2C_MspInit                                   build/debug/stm32f0xx_hal_i2c.o
HAL_I2C_SlaveRxCpltCallback                       build/debug/stm32f0xx_hal_i2c.o
HAL_I2C_SlaveTxCpltCallback                       build/debug/stm32f0xx_hal_i2c.o
HAL_I2C_Slave_Receive                             build/debug/stm32f0xx_hal_i2c.o
HAL_I2C_Slave_Receive_DMA                         build/debug/stm32f0xx_hal_i2c.o
HAL_I2C_Slave_Receive_IT                          build/debug/stm32f0xx_hal_i2c.o
HAL_I2C_Slave_Seq_Receive_DMA                     build/debug/stm32f0xx_hal_i2c.o
HAL_I2C_Slave_Seq_Receive_IT                      build/debug/stm32f0xx_hal_i2c.o
HAL_I2C_Slave_Seq_Transmit_DMA                    build/debug/stm32f0xx_hal_i2c.o
HAL_I2C_Slave_Seq_Transmit_IT                     build/debug/stm32f0xx_hal_i2c.o
HAL_I2C_Slave_Transmit                            build/debug/stm32f0xx_hal_i2c.o
HAL_I2C_Slave_Transmit_DMA                        build/debug/stm32f0xx_hal_i2c.o
HAL_I2C_Slave_Transmit_IT                         build/debug/stm32f0xx_hal_i2c.o
HAL_IncTick                                       build/debug/stm32f0xx_hal.o
                                                  build/debug/stm32f0xx_it.o
HAL_Init                                          build/debug/stm32f0xx_hal.o
HAL_InitTick                                      build/debug/stm32f0xx_hal.o
                                                  build/debug/stm32f0xx_hal_rcc.o
HAL_MspDeInit                                     build/debug/stm32f0xx_hal.o
HAL_MspInit                                       build/debug/stm32f0xx_hal_msp.o
                                                  build/debug/stm32f0xx_hal.o
HAL_NVIC_ClearPendingIRQ                          build/debug/stm32f0xx_hal_cortex.o
HAL_NVIC_DisableIRQ                               build/debug/stm32f0xx_hal_cortex.o
HAL_NVIC_EnableIRQ                                build/debug/stm32f0xx_hal_cortex.o
HAL_NVIC_GetPendingIRQ                            build/debug/stm32f0xx_hal_cortex.o
HAL_NVIC_GetPriority                              build/debug/stm32f0xx_hal_cortex.o
HAL_NVIC_SetPendingIRQ                            build/debug/stm32f0xx_hal_cortex.o
HAL_NVIC_SetPriority                              build/debug/stm32f0xx_hal_cortex.o
                                                  build/debug/stm32f0xx_hal.o
HAL_NVIC_SystemReset                              build/debug/stm32f0xx_hal_cortex.o
HAL_PWR_ConfigPVD                                 build/debug/stm32f0xx_hal_pwr_ex.o
HAL_PWR_DeInit                                    build/debug/stm32f0xx_hal_pwr.o
HAL_PWR_DisableBkUpAccess                         build/debug/stm32f0xx_hal_pwr.o
HAL_PWR_DisablePVD                                build/debug/stm32f0xx_hal_pwr_ex.o
HAL_PWR_DisableSEVOnPend                          build/debug/stm32f0xx_hal_pwr.o
HAL_PWR_DisableSleepOnExit                        build/debug/stm32f0xx_hal_pwr.o
HAL_PWR_DisableWakeUpPin                          build/debug/stm32f0xx_hal_pwr.o
HAL_PWR_EnableBkUpAccess                          build/debug/stm32f0xx_hal_pwr.o
HAL_PWR_EnablePVD                                 build/debug/stm32f0xx_hal_pwr_ex.o
HAL_PWR_EnableSEVOnPend                           build/debug/stm32f0xx_hal_pwr.o
HAL_PWR_EnableSleepOnExit                         build/debug/stm32f0xx_hal_pwr.o
HAL_PWR_EnableWakeUpPin                           build/debug/stm32f0xx_hal_pwr.o
HAL_PWR_EnterSLEEPMode                            build/debug/stm32f0xx_hal_pwr.o
HAL_PWR_EnterSTANDBYMode                          build/debug/stm32f0xx_hal_pwr.o
HAL_PWR_EnterSTOPMode                             build/debug/stm32f0xx_hal_pwr.o
HAL_PWR_PVDCallback                               build/debug/stm32f0xx_hal_pwr_ex.o
HAL_PWR_PVD_IRQHandler                            build/debug/stm32f0xx_hal_pwr_ex.o
HAL_RCCEx_GetPeriphCLKConfig                      build/debug/stm32f0xx_hal_rcc_ex.o
HAL_RCCEx_GetPeriphCLKFreq                        build/debug/stm32f0xx_hal_rcc_ex.o
HAL_RCCEx_PeriphCLKConfig                         build/debug/stm32f0xx_hal_rcc_ex.o
HAL_RCC_CSSCallback                               build/debug/stm32f0xx_hal_rcc.o
HAL_RCC_ClockConfig                               build/debug/stm32f0xx_hal_rcc.o
HAL_RCC_DeInit                                    build/debug/stm32f0xx_hal_rcc.o
HAL_RCC_DisableCSS                                build/debug/stm32f0xx_hal_rcc.o
HAL_RCC_EnableCSS                                 build/debug/stm32f0xx_hal_rcc.o
HAL_RCC_GetClockConfig                            build/debug/stm32f0xx_hal_rcc.o
HAL_RCC_GetHCLKFreq                               build/debug/stm32f0xx_hal_rcc.o
HAL_RCC_GetOscConfig                              build/debug/stm32f0xx_hal_rcc.o
HAL_RCC_GetPCLK1Freq                              build/debug/stm32f0xx_hal_rcc.o
                                                  build/debug/stm32f0xx_hal_rcc_ex.o
HAL_RCC_GetSysClockFreq                           build/debug/stm32f0xx_hal_rcc.o
                                                  build/debug/stm32f0xx_hal_rcc_ex.o
HAL_RCC_MCOConfig                                 build/debug/stm32f0xx_hal_rcc.o
HAL_RCC_NMI_IRQHandler                            build/debug/stm32f0xx_hal_rcc.o
HAL_RCC_OscConfig                                 build/debug/stm32f0xx_hal_rcc.o
HAL_ResumeTick                                    build/debug/stm32f0xx_hal.o
HAL_SYSTICK_CLKSourceConfig                       build/debug/stm32f0xx_hal_cortex.o
HAL_SYSTICK_Callback                              build/debug/stm32f0xx_hal_cortex.o
HAL_SYSTICK_Config                                build/debug/stm32f0xx_hal_cortex.o
                                                  build/debug/stm32f0xx_hal.o
HAL_SYSTICK_IRQHandler                            build/debug/stm32f0xx_hal_cortex.o
HAL_SetTickFreq                                   build/debug/stm32f0xx_hal.o
HAL_SuspendTick                                   build/debug/stm32f0xx_hal.o
HAL_TIMEx_BreakCallback                           build/debug/stm32f0xx_hal_tim_ex.o
                                                  build/debug/stm32f0xx_hal_tim.o
HAL_TIMEx_CommutCallback                          build/debug/stm32f0xx_hal_tim_ex.o
                                                  build/debug/stm32f0xx_hal_tim.o
HAL_TIMEx_CommutHalfCpltCallback                  build/debug/stm32f0xx_hal_tim_ex.o
HAL_TIMEx_ConfigBreakDeadTime                     build/debug/stm32f0xx_hal_tim_ex.o
HAL_TIMEx_ConfigCommutEvent                       build/debug/stm32f0xx_hal_tim_ex.o
HAL_TIMEx_ConfigCommutEvent_DMA                   build/debug/stm32f0xx_hal_tim_ex.o
HAL_TIMEx_ConfigCommutEvent_IT                    build/debug/stm32f0xx_hal_tim_ex.o
HAL_TIMEx_GetChannelNState                        build/debug/stm32f0xx_hal_tim_ex.o
HAL_TIMEx_HallSensor_DeInit                       build/debug/stm32f0xx_hal_tim_ex.o
HAL_TIMEx_HallSensor_GetState                     build/debug/stm32f0xx_hal_tim_ex.o
HAL_TIMEx_HallSensor_Init                         build/debug/stm32f0xx_hal_tim_ex.o
HAL_TIMEx_HallSensor_MspDeInit                    build/debug/stm32f0xx_hal_tim_ex.o
HAL_TIMEx_HallSensor_MspInit                      build/debug/stm32f0xx_hal_tim_ex.o
HAL_TIMEx_HallSensor_Start                        build/debug/stm32f0xx_hal_tim_ex.o
HAL_TIMEx_HallSensor_Start_DMA                    build/debug/stm32f0xx_hal_tim_ex.o
HAL_TIMEx_HallSensor_Start_IT                     build/debug/stm32f0xx_hal_tim_ex.o
HAL_TIMEx_HallSensor_Stop                         build/debug/stm32f0xx_hal_tim_ex.o
HAL_TIMEx_HallSensor_Stop_DMA                     build/debug/stm32f0xx_hal_tim_ex.o
HAL_TIMEx_HallSensor_Stop_IT                      build/debug/stm32f0xx_hal_tim_ex.o
HAL_TIMEx_MasterConfigSynchronization             build/debug/stm32f0xx_hal_tim_ex.o
HAL_TIMEx_OCN_Start                               build/debug/stm32f0xx_hal_tim_ex.o
HAL_TIMEx_OCN_Start_DMA                           build/debug/stm32f0xx_hal_tim_ex.o
HAL_TIMEx_OCN_Start_IT                            build/debug/stm32f0xx_hal_tim_ex.o
HAL_TIMEx_OCN_Stop                                build/debug/stm32f0xx_hal_tim_ex.o
HAL_TIMEx_OCN_Stop_DMA                            build/debug/stm32f0xx_hal_tim_ex.o
HAL_TIMEx_OCN_Stop_IT                             build/debug/stm32f0xx_hal_tim_ex.o
HAL_TIMEx_OnePulseN_Start                         build/debug/stm32f0xx_hal_tim_ex.o
HAL_TIMEx_OnePulseN_Start_IT                      build/debug/stm32f0xx_hal_tim_ex.o
HAL_TIMEx_OnePulseN_Stop                          build/debug/stm32f0xx_hal_tim_ex.o
HAL_TIMEx_OnePulseN_Stop_IT                       build/debug/stm32f0xx_hal_tim_ex.o
HAL_TIMEx_PWMN_Start                              build/debug/stm32f0xx_hal_tim_ex.o
HAL_TIMEx_PWMN_Start_DMA                          build/debug/stm32f0xx_hal_tim_ex.o
HAL_TIMEx_PWMN_Start_IT                           build/debug/stm32f0xx_hal_tim_ex.o
HAL_TIMEx_PWMN_Stop                               build/debug/stm32f0xx_hal_tim_ex.o
HAL_TIMEx_PWMN_Stop_DMA                           build/debug/stm32f0xx_hal_tim_ex.o
HAL_TIMEx_PWMN_Stop_IT                            build/debug/stm32f0xx_hal_tim_ex.o
HAL_TIMEx_RemapConfig                             build/debug/stm32f0xx_hal_tim_ex.o
HAL_TIM_Base_DeInit                               build/debug/stm32f0xx_hal_tim.o
HAL_TIM_Base_GetState                             build/debug/stm32f0xx_hal_tim.o
HAL_TIM_Base_Init                                 build/debug/stm32f0xx_hal_tim.o
HAL_TIM_Base_MspDeInit                            build/debug/stm32f0xx_hal_msp.o
HAL_TIM_Base_MspInit                              build/debug/stm32f0xx_hal_msp.o
HAL_TIM_Base_Start                                build/debug/stm32f0xx_hal_tim.o
HAL_TIM_Base_Start_DMA                            build/debug/stm32f0xx_hal_tim.o
HAL_TIM_Base_Start_IT                             build/debug/stm32f0xx_hal_tim.o
HAL_TIM_Base_Stop                                 build/debug/stm32f0xx_hal_tim.o
HAL_TIM_Base_Stop_DMA                             build/debug/stm32f0xx_hal_tim.o
HAL_TIM_Base_Stop_IT                              build/debug/stm32f0xx_hal_tim.o
HAL_TIM_ConfigClockSource                         build/debug/stm32f0xx_hal_tim.o
HAL_TIM_ConfigOCrefClear                          build/debug/stm32f0xx_hal_tim.o
HAL_TIM_ConfigTI1Input                            build/debug/stm32f0xx_hal_tim.o
HAL_TIM_DMABurstState                             build/debug/stm32f0xx_hal_tim.o
HAL_TIM_DMABurst_MultiReadStart                   build/debug/stm32f0xx_hal_tim.o
HAL_TIM_DMABurst_MultiWriteStart                  build/debug/stm32f0xx_hal_tim.o
HAL_TIM_DMABurst_ReadStart                        build/debug/stm32f0xx_hal_tim.o
HAL_TIM_DMABurst_ReadStop                         build/debug/stm32f0xx_hal_tim.o
HAL_TIM_DMABurst_WriteStart                       build/debug/stm32f0xx_hal_tim.o
HAL_TIM_DMABurst_WriteStop                        build/debug/stm32f0xx_hal_tim.o
HAL_TIM_Encoder_DeInit                            build/debug/stm32f0xx_hal_tim.o
HAL_TIM_Encoder_GetState                          build/debug/stm32f0xx_hal_tim.o
HAL_TIM_Encoder_Init                              build/debug/stm32f0xx_hal_tim.o
HAL_TIM_Encoder_MspDeInit                         build/debug/stm32f0xx_hal_tim.o
HAL_TIM_Encoder_MspInit                           build/debug/stm32f0xx_hal_tim.o
HAL_TIM_Encoder_Start                             build/debug/stm32f0xx_hal_tim.o
HAL_TIM_Encoder_Start_DMA                         build/debug/stm32f0xx_hal_tim.o
HAL_TIM_Encoder_Start_IT                          build/debug/stm32f0xx_hal_tim.o
HAL_TIM_Encoder_Stop                              build/debug/stm32f0xx_hal_tim.o
HAL_TIM_Encoder_Stop_DMA                          build/debug/stm32f0xx_hal_tim.o
HAL_TIM_Encoder_Stop_IT                           build/debug/stm32f0xx_hal_tim.o
HAL_TIM_ErrorCallback                             build/debug/stm32f0xx_hal_tim.o
                                                  build/debug/stm32f0xx_hal_tim_ex.o
HAL_TIM_GenerateEvent                             build/debug/stm32f0xx_hal_tim.o
HAL_TIM_GetActiveChannel                          build/debug/stm32f0xx_hal_tim.o
HAL_TIM_GetChannelState                           build/debug/stm32f0xx_hal_tim.o
HAL_TIM_IC_CaptureCallback                        build/debug/stm32f0xx_hal_tim.o
HAL_TIM_IC_CaptureHalfCpltCallback                build/debug/stm32f0xx_hal_tim.o
HAL_TIM_IC_ConfigChannel                          build/debug/stm32f0xx_hal_tim.o
HAL_TIM_IC_DeInit                                 build/debug/stm32f0xx_hal_tim.o
HAL_TIM_IC_GetState                               build/debug/stm32f0xx_hal_tim.o
HAL_TIM_IC_Init                                   build/debug/stm32f0xx_hal_tim.o
HAL_TIM_IC_MspDeInit                              build/debug/stm32f0xx_hal_tim.o
HAL_TIM_IC_MspInit                                build/debug/stm32f0xx_hal_tim.o
HAL_TIM_IC_Start                                  build/debug/stm32f0xx_hal_tim.o
HAL_TIM_IC_Start_DMA                              build/debug/stm32f0xx_hal_tim.o
HAL_TIM_IC_Start_IT                               build/debug/stm32f0xx_hal_tim.o
HAL_TIM_IC_Stop                                   build/debug/stm32f0xx_hal_tim.o
HAL_TIM_IC_Stop_DMA                               build/debug/stm32f0xx_hal_tim.o
HAL_TIM_IC_Stop_IT                                build/debug/stm32f0xx_hal_tim.o
HAL_TIM_IRQHandler                                build/debug/stm32f0xx_hal_tim.o
HAL_TIM_OC_ConfigChannel                          build/debug/stm32f0xx_hal_tim.o
HAL_TIM_OC_DeInit                                 build/debug/stm32f0xx_hal_tim.o
HAL_TIM_OC_DelayElapsedCallback                   build/debug/stm32f0xx_hal_tim.o
HAL_TIM_OC_GetState                               build/debug/stm32f0xx_hal_tim.o
HAL_TIM_OC_Init                                   build/debug/stm32f0xx_hal_tim.o
HAL_TIM_OC_MspDeInit                              build/debug/stm32f0xx_hal_tim.o
HAL_TIM_OC_MspInit                                build/debug/stm32f0xx_hal_tim.o
HAL_TIM_OC_Start                                  build/debug/stm32f0xx_hal_tim.o
HAL_TIM_OC_Start_DMA                              build/debug/stm32f0xx_hal_tim.o
HAL_TIM_OC_Start_IT                               build/debug/stm32f0xx_hal_tim.o
HAL_TIM_OC_Stop                                   build/debug/stm32f0xx_hal_tim.o
HAL_TIM_OC_Stop_DMA                               build/debug/stm32f0xx_hal_tim.o
HAL_TIM_OC_Stop_IT                                build/debug/stm32f0xx_hal_tim.o
HAL_TIM_OnePulse_ConfigChannel                    build/debug/stm32f0xx_hal_tim.o
HAL_TIM_OnePulse_DeInit                           build/debug/stm32f0xx_hal_tim.o
HAL_TIM_OnePulse_GetState                         build/debug/stm32f0xx_hal_tim.o
HAL_TIM_OnePulse_Init                             build/debug/stm32f0xx_hal_tim.o
HAL_TIM_OnePulse_MspDeInit                        build/debug/stm32f0xx_hal_tim.o
HAL_TIM_OnePulse_MspInit                          build/debug/stm32f0xx_hal_tim.o
HAL_TIM_OnePulse_Start                            build/debug/stm32f0xx_hal_tim.o
HAL_TIM_OnePulse_Start_IT                         build/debug/stm32f0xx_hal_tim.o
HAL_TIM_OnePulse_Stop                             build/debug/stm32f0xx_hal_tim.o
HAL_TIM_OnePulse_Stop_IT                          build/debug/stm32f0xx_hal_tim.o
HAL_TIM_PWM_ConfigChannel                         build/debug/stm32f0xx_hal_tim.o
HAL_TIM_PWM_DeInit                                build/debug/stm32f0xx_hal_tim.o
HAL_TIM_PWM_GetState                              build/debug/stm32f0xx_hal_tim.o
HAL_TIM_PWM_Init                                  build/debug/stm32f0xx_hal_tim.o
HAL_TIM_PWM_MspDeInit                             build/debug/stm32f0xx_hal_tim.o
HAL_TIM_PWM_MspInit                               build/debug/stm32f0xx_hal_tim.o
HAL_TIM_PWM_PulseFinishedCallback                 build/debug/stm32f0xx_hal_tim.o
                                                  build/debug/stm32f0xx_hal_tim_ex.o
HAL_TIM_PWM_PulseFinishedHalfCpltCallback         build/debug/stm32f0xx_hal_tim.o
HAL_TIM_PWM_Start                                 build/debug/stm32f0xx_hal_tim.o
HAL_TIM_PWM_Start_DMA                             build/debug/stm32f0xx_hal_tim.o
HAL_TIM_PWM_Start_IT                              build/debug/stm32f0xx_hal_tim.o
HAL_TIM_PWM_Stop                                  build/debug/stm32f0xx_hal_tim.o
HAL_TIM_PWM_Stop_DMA                              build/debug/stm32f0xx_hal_tim.o
HAL_TIM_PWM_Stop_IT                               build/debug/stm32f0xx_hal_tim.o
HAL_TIM_PeriodElapsedCallback                     build/debug/stm32f0xx_hal_tim.o
HAL_TIM_PeriodElapsedHalfCpltCallback             build/debug/stm32f0xx_hal_tim.o
HAL_TIM_ReadCapturedValue                         build/debug/stm32f0xx_hal_tim.o
HAL_TIM_SlaveConfigSynchro                        build/debug/stm32f0xx_hal_tim.o
HAL_TIM_SlaveConfigSynchro_IT                     build/debug/stm32f0xx_hal_tim.o
HAL_TIM_TriggerCallback                           build/debug/stm32f0xx_hal_tim.o
HAL_TIM_TriggerHalfCpltCallback                   build/debug/stm32f0xx_hal_tim.o
HardFault_Handler                                 build/debug/stm32f0xx_it.o
I2C1_IRQHandler                                   build/debug/startup_stm32f051x8.o
I2C2_IRQHandler                                   build/debug/startup_stm32f051x8.o
LL_EXTI_DeInit                                    build/debug/stm32f0xx_ll_exti.o
LL_EXTI_Init                                      build/debug/stm32f0xx_ll_exti.o
LL_EXTI_StructInit                                build/debug/stm32f0xx_ll_exti.o
LL_GPIO_DeInit                                    build/debug/stm32f0xx_ll_gpio.o
LL_GPIO_Init                                      build/debug/stm32f0xx_ll_gpio.o
LL_GPIO_StructInit                                build/debug/stm32f0xx_ll_gpio.o
LL_Init1msTick                                    build/debug/stm32f0xx_ll_utils.o
LL_PLL_ConfigSystemClock_HSE                      build/debug/stm32f0xx_ll_utils.o
LL_PLL_ConfigSystemClock_HSI                      build/debug/stm32f0xx_ll_utils.o
LL_RCC_DeInit                                     build/debug/stm32f0xx_ll_rcc.o
LL_RCC_GetCECClockFreq                            build/debug/stm32f0xx_ll_rcc.o
LL_RCC_GetI2CClockFreq                            build/debug/stm32f0xx_ll_rcc.o
LL_RCC_GetSystemClocksFreq                        build/debug/stm32f0xx_ll_rcc.o
LL_RCC_GetUSARTClockFreq                          build/debug/stm32f0xx_ll_rcc.o
LL_SetFlashLatency                                build/debug/stm32f0xx_ll_utils.o
LL_SetSystemCoreClock                             build/debug/stm32f0xx_ll_utils.o
LL_mDelay                                         build/debug/stm32f0xx_ll_utils.o
NMI_Handler                                       build/debug/stm32f0xx_it.o
PVD_IRQHandler                                    build/debug/startup_stm32f051x8.o
PendSV_Handler                                    build/debug/stm32f0xx_it.o
RCC_CRS_IRQHandler                                build/debug/startup_stm32f051x8.o
RCC_GetHCLKClockFreq                              build/debug/stm32f0xx_ll_rcc.o
RCC_GetPCLK1ClockFreq                             build/debug/stm32f0xx_ll_rcc.o
RCC_GetSystemClockFreq                            build/debug/stm32f0xx_ll_rcc.o
RCC_PLL_GetFreqDomain_SYS                         build/debug/stm32f0xx_ll_rcc.o
RTC_IRQHandler                                    build/debug/startup_stm32f051x8.o
Reset_Handler                                     build/debug/startup_stm32f051x8.o
SPI1_IRQHandler                                   build/debug/startup_stm32f051x8.o
SPI2_IRQHandler                                   build/debug/startup_stm32f051x8.o
SVC_Handler                                       build/debug/stm32f0xx_it.o
SysTick_Handler                                   build/debug/stm32f0xx_it.o
SystemCoreClock                                   build/debug/system_stm32f0xx.o
                                                  build/debug/stm32f0xx_ll_utils.o
                                                  build/debug/stm32f0xx_hal_rcc.o
                                                  build/debug/stm32f0xx_hal.o
SystemCoreClockUpdate                             build/debug/system_stm32f0xx.o
SystemInit                                        build/debug/system_stm32f0xx.o
                                                  build/debug/startup_stm32f051x8.o
TIM14_IRQHandler                                  build/debug/startup_stm32f051x8.o
TIM15_IRQHandler                                  build/debug/startup_stm32f051x8.o
TIM16_IRQHandler                                  build/debug/main.o
TIM17_IRQHandler                                  build/debug/startup_stm32f051x8.o
TIM1_BRK_UP_TRG_COM_IRQHandler                    build/debug/startup_stm32f051x8.o
TIM1_CC_IRQHandler                                build/debug/startup_stm32f051x8.o
TIM2_IRQHandler                                   build/debug/startup_stm32f051x8.o
TIM3_IRQHandler                                   build/debug/startup_stm32f051x8.o
TIM6_DAC_IRQHandler                               build/debug/startup_stm32f051x8.o
TIMEx_DMACommutationCplt                          build/debug/stm32f0xx_hal_tim_ex.o
                                                  build/debug/stm32f0xx_hal_tim.o
TIMEx_DMACommutationHalfCplt                      build/debug/stm32f0xx_hal_tim_ex.o
                                                  build/debug/stm32f0xx_hal_tim.o
TIM_Base_SetConfig                                build/debug/stm32f0xx_hal_tim.o
                                                  build/debug/stm32f0xx_hal_tim_ex.o
TIM_CCxChannelCmd                                 build/debug/stm32f0xx_hal_tim.o
                                                  build/debug/stm32f0xx_hal_tim_ex.o
TIM_DMACaptureCplt                                build/debug/stm32f0xx_hal_tim.o
                                                  build/debug/stm32f0xx_hal_tim_ex.o
TIM_DMACaptureHalfCplt                            build/debug/stm32f0xx_hal_tim.o
                                                  build/debug/stm32f0xx_hal_tim_ex.o
TIM_DMADelayPulseHalfCplt                         build/debug/stm32f0xx_hal_tim.o
                                                  build/debug/stm32f0xx_hal_tim_ex.o
TIM_DMAError                                      build/debug/stm32f0xx_hal_tim.o
                                                  build/debug/stm32f0xx_hal_tim_ex.o
TIM_ETR_SetConfig                                 build/debug/stm32f0xx_hal_tim.o
TIM_OC2_SetConfig                                 build/debug/stm32f0xx_hal_tim.o
                                                  build/debug/stm32f0xx_hal_tim_ex.o
TIM_TI1_SetConfig                                 build/debug/stm32f0xx_hal_tim.o
                                                  build/debug/stm32f0xx_hal_tim_ex.o
TSC_IRQHandler                                    build/debug/startup_stm32f051x8.o
USART1_IRQHandler                                 build/debug/startup_stm32f051x8.o
USART2_IRQHandler                                 build/debug/startup_stm32f051x8.o
WWDG_IRQHandler                                   build/debug/startup_stm32f051x8.o
__aeabi_idiv0                                     c:/Users/fastr/AppData/Roaming/Code/User/globalStorage/bmd.stm32-for-vscode/@xpack-dev-tools/arm-none-eabi-gcc/15.2.1-1.1.1/.content/bin/../lib/gcc/arm-none-eabi/15.2.1/thumb/v6-m/nofp\libgcc.a(_dvmd_tls.o)
                                                  c:/Users/fastr/AppData/Roaming/Code/User/globalStorage/bmd.stm32-for-vscode/@xpack-dev-tools/arm-none-eabi-gcc/15.2.1-1.1.1/.content/bin/../lib/gcc/arm-none-eabi/15.2.1/thumb/v6-m/nofp\libgcc.a(_udivsi3.o)
__aeabi_ldiv0                                     c:/Users/fastr/AppData/Roaming/Code/User/globalStorage/bmd.stm32-for-vscode/@xpack-dev-tools/arm-none-eabi-gcc/15.2.1-1.1.1/.content/bin/../lib/gcc/arm-none-eabi/15.2.1/thumb/v6-m/nofp\libgcc.a(_dvmd_tls.o)
__aeabi_uidiv                                     c:/Users/fastr/AppData/Roaming/Code/User/globalStorage/bmd.stm32-for-vscode/@xpack-dev-tools/arm-none-eabi-gcc/15.2.1-1.1.1/.content/bin/../lib/gcc/arm-none-eabi/15.2.1/thumb/v6-m/nofp\libgcc.a(_udivsi3.o)
                                                  build/debug/system_stm32f0xx.o
                                                  build/debug/stm32f0xx_ll_utils.o
                                                  build/debug/stm32f0xx_ll_rcc.o
                                                  build/debug/stm32f0xx_hal_rcc.o
                                                  build/debug/stm32f0xx_hal_dma.o
                                                  build/debug/stm32f0xx_hal.o
__aeabi_uidivmod                                  c:/Users/fastr/AppData/Roaming/Code/User/globalStorage/bmd.stm32-for-vscode/@xpack-dev-tools/arm-none-eabi-gcc/15.2.1-1.1.1/.content/bin/../lib/gcc/arm-none-eabi/15.2.1/thumb/v6-m/nofp\libgcc.a(_udivsi3.o)
__atexit                                          c:/Users/fastr/AppData/Roaming/Code/User/globalStorage/bmd.stm32-for-vscode/@xpack-dev-tools/arm-none-eabi-gcc/15.2.1-1.1.1/.content/bin/../lib/gcc/arm-none-eabi/15.2.1/../../../../arm-none-eabi/lib/thumb/v6-m/nofp\libc_nano.a(libc_a-__call_atexit.o)
                                                  c:/Users/fastr/AppData/Roaming/Code/User/globalStorage/bmd.stm32-for-vscode/@xpack-dev-tools/arm-none-eabi-gcc/15.2.1-1.1.1/.content/bin/../lib/gcc/arm-none-eabi/15.2.1/../../../../arm-none-eabi/lib/thumb/v6-m/nofp\libc_nano.a(libc_a-__atexit.o)
__atexit0                                         c:/Users/fastr/AppData/Roaming/Code/User/globalStorage/bmd.stm32-for-vscode/@xpack-dev-tools/arm-none-eabi-gcc/15.2.1-1.1.1/.content/bin/../lib/gcc/arm-none-eabi/15.2.1/../../../../arm-none-eabi/lib/thumb/v6-m/nofp\libc_nano.a(libc_a-__atexit.o)
__atexit_dummy                                    c:/Users/fastr/AppData/Roaming/Code/User/globalStorage/bmd.stm32-for-vscode/@xpack-dev-tools/arm-none-eabi-gcc/15.2.1-1.1.1/.content/bin/../lib/gcc/arm-none-eabi/15.2.1/../../../../arm-none-eabi/lib/thumb/v6-m/nofp\libc_nano.a(libc_a-__atexit.o)
__atexit_recursive_mutex                          c:/Users/fastr/AppData/Roaming/Code/User/globalStorage/bmd.stm32-for-vscode/@xpack-dev-tools/arm-none-eabi-gcc/15.2.1-1.1.1/.content/bin/../lib/gcc/arm-none-eabi/15.2.1/../../../../arm-none-eabi/lib/thumb/v6-m/nofp\libc_nano.a(libc_a-__call_atexit.o)
                                                  c:/Users/fastr/AppData/Roaming/Code/User/globalStorage/bmd.stm32-for-vscode/@xpack-dev-tools/arm-none-eabi-gcc/15.2.1-1.1.1/.content/bin/../lib/gcc/arm-none-eabi/15.2.1/../../../../arm-none-eabi/lib/thumb/v6-m/nofp\libc_nano.a(libc_a-__atexit.o)
__bss_end__                                       c:/Users/fastr/AppData/Roaming/Code/User/globalStorage/bmd.stm32-for-vscode/@xpack-dev-tools/arm-none-eabi-gcc/15.2.1-1.1.1/.content/bin/../lib/gcc/arm-none-eabi/15.2.1/../../../../arm-none-eabi/lib/thumb/v6-m/nofp/crt0.o
__bss_start__                                     c:/Users/fastr/AppData/Roaming/Code/User/globalStorage/bmd.stm32-for-vscode/@xpack-dev-tools/arm-none-eabi-gcc/15.2.1-1.1.1/.content/bin/../lib/gcc/arm-none-eabi/15.2.1/../../../../arm-none-eabi/lib/thumb/v6-m/nofp/crt0.o
__call_exitprocs                                  c:/Users/fastr/AppData/Roaming/Code/User/globalStorage/bmd.stm32-for-vscode/@xpack-dev-tools/arm-none-eabi-gcc/15.2.1-1.1.1/.content/bin/../lib/gcc/arm-none-eabi/15.2.1/../../../../arm-none-eabi/lib/thumb/v6-m/nofp\libc_nano.a(libc_a-__call_atexit.o)
                                                  c:/Users/fastr/AppData/Roaming/Code/User/globalStorage/bmd.stm32-for-vscode/@xpack-dev-tools/arm-none-eabi-gcc/15.2.1-1.1.1/.content/bin/../lib/gcc/arm-none-eabi/15.2.1/../../../../arm-none-eabi/lib/thumb/v6-m/nofp\libc_nano.a(libc_a-__atexit.o)
                                                  c:/Users/fastr/AppData/Roaming/Code/User/globalStorage/bmd.stm32-for-vscode/@xpack-dev-tools/arm-none-eabi-gcc/15.2.1-1.1.1/.content/bin/../lib/gcc/arm-none-eabi/15.2.1/../../../../arm-none-eabi/lib/thumb/v6-m/nofp\libc_nano.a(libc_a-exit.o)
__deregister_frame_info                           c:/Users/fastr/AppData/Roaming/Code/User/globalStorage/bmd.stm32-for-vscode/@xpack-dev-tools/arm-none-eabi-gcc/15.2.1-1.1.1/.content/bin/../lib/gcc/arm-none-eabi/15.2.1/thumb/v6-m/nofp/crtbegin.o
__dso_handle                                      c:/Users/fastr/AppData/Roaming/Code/User/globalStorage/bmd.stm32-for-vscode/@xpack-dev-tools/arm-none-eabi-gcc/15.2.1-1.1.1/.content/bin/../lib/gcc/arm-none-eabi/15.2.1/thumb/v6-m/nofp/crtbegin.o
__fini_array_end                                  c:/Users/fastr/AppData/Roaming/Code/User/globalStorage/bmd.stm32-for-vscode/@xpack-dev-tools/arm-none-eabi-gcc/15.2.1-1.1.1/.content/bin/../lib/gcc/arm-none-eabi/15.2.1/../../../../arm-none-eabi/lib/thumb/v6-m/nofp\libc_nano.a(libc_a-fini.o)
__fini_array_start                                c:/Users/fastr/AppData/Roaming/Code/User/globalStorage/bmd.stm32-for-vscode/@xpack-dev-tools/arm-none-eabi-gcc/15.2.1-1.1.1/.content/bin/../lib/gcc/arm-none-eabi/15.2.1/../../../../arm-none-eabi/lib/thumb/v6-m/nofp\libc_nano.a(libc_a-fini.o)
__fp_lock_all                                     c:/Users/fastr/AppData/Roaming/Code/User/globalStorage/bmd.stm32-for-vscode/@xpack-dev-tools/arm-none-eabi-gcc/15.2.1-1.1.1/.content/bin/../lib/gcc/arm-none-eabi/15.2.1/../../../../arm-none-eabi/lib/thumb/v6-m/nofp\libc_nano.a(libc_a-findfp.o)
__fp_unlock_all                                   c:/Users/fastr/AppData/Roaming/Code/User/globalStorage/bmd.stm32-for-vscode/@xpack-dev-tools/arm-none-eabi-gcc/15.2.1-1.1.1/.content/bin/../lib/gcc/arm-none-eabi/15.2.1/../../../../arm-none-eabi/lib/thumb/v6-m/nofp\libc_nano.a(libc_a-findfp.o)
__init_array_end                                  c:/Users/fastr/AppData/Roaming/Code/User/globalStorage/bmd.stm32-for-vscode/@xpack-dev-tools/arm-none-eabi-gcc/15.2.1-1.1.1/.content/bin/../lib/gcc/arm-none-eabi/15.2.1/../../../../arm-none-eabi/lib/thumb/v6-m/nofp\libc_nano.a(libc_a-init.o)
__init_array_start                                c:/Users/fastr/AppData/Roaming/Code/User/globalStorage/bmd.stm32-for-vscode/@xpack-dev-tools/arm-none-eabi-gcc/15.2.1-1.1.1/.content/bin/../lib/gcc/arm-none-eabi/15.2.1/../../../../arm-none-eabi/lib/thumb/v6-m/nofp\libc_nano.a(libc_a-init.o)
__libc_fini_array                                 c:/Users/fastr/AppData/Roaming/Code/User/globalStorage/bmd.stm32-for-vscode/@xpack-dev-tools/arm-none-eabi-gcc/15.2.1-1.1.1/.content/bin/../lib/gcc/arm-none-eabi/15.2.1/../../../../arm-none-eabi/lib/thumb/v6-m/nofp\libc_nano.a(libc_a-fini.o)
                                                  c:/Users/fastr/AppData/Roaming/Code/User/globalStorage/bmd.stm32-for-vscode/@xpack-dev-tools/arm-none-eabi-gcc/15.2.1-1.1.1/.content/bin/../lib/gcc/arm-none-eabi/15.2.1/../../../../arm-none-eabi/lib/thumb/v6-m/nofp/crt0.o
__libc_init_array                                 c:/Users/fastr/AppData/Roaming/Code/User/globalStorage/bmd.stm32-for-vscode/@xpack-dev-tools/arm-none-eabi-gcc/15.2.1-1.1.1/.content/bin/../lib/gcc/arm-none-eabi/15.2.1/../../../../arm-none-eabi/lib/thumb/v6-m/nofp\libc_nano.a(libc_a-init.o)
                                                  build/debug/startup_stm32f051x8.o
                                                  c:/Users/fastr/AppData/Roaming/Code/User/globalStorage/bmd.stm32-for-vscode/@xpack-dev-tools/arm-none-eabi-gcc/15.2.1-1.1.1/.content/bin/../lib/gcc/arm-none-eabi/15.2.1/../../../../arm-none-eabi/lib/thumb/v6-m/nofp/crt0.o
__lock___arc4random_mutex                         c:/Users/fastr/AppData/Roaming/Code/User/globalStorage/bmd.stm32-for-vscode/@xpack-dev-tools/arm-none-eabi-gcc/15.2.1-1.1.1/.content/bin/../lib/gcc/arm-none-eabi/15.2.1/../../../../arm-none-eabi/lib/thumb/v6-m/nofp\libc_nano.a(libc_a-lock.o)
__lock___at_quick_exit_mutex                      c:/Users/fastr/AppData/Roaming/Code/User/globalStorage/bmd.stm32-for-vscode/@xpack-dev-tools/arm-none-eabi-gcc/15.2.1-1.1.1/.content/bin/../lib/gcc/arm-none-eabi/15.2.1/../../../../arm-none-eabi/lib/thumb/v6-m/nofp\libc_nano.a(libc_a-lock.o)
__lock___atexit_recursive_mutex                   c:/Users/fastr/AppData/Roaming/Code/User/globalStorage/bmd.stm32-for-vscode/@xpack-dev-tools/arm-none-eabi-gcc/15.2.1-1.1.1/.content/bin/../lib/gcc/arm-none-eabi/15.2.1/../../../../arm-none-eabi/lib/thumb/v6-m/nofp\libc_nano.a(libc_a-lock.o)
                                                  c:/Users/fastr/AppData/Roaming/Code/User/globalStorage/bmd.stm32-for-vscode/@xpack-dev-tools/arm-none-eabi-gcc/15.2.1-1.1.1/.content/bin/../lib/gcc/arm-none-eabi/15.2.1/../../../../arm-none-eabi/lib/thumb/v6-m/nofp\libc_nano.a(libc_a-__call_atexit.o)
__lock___dd_hash_mutex                            c:/Users/fastr/AppData/Roaming/Code/User/globalStorage/bmd.stm32-for-vscode/@xpack-dev-tools/arm-none-eabi-gcc/15.2.1-1.1.1/.content/bin/../lib/gcc/arm-none-eabi/15.2.1/../../../../arm-none-eabi/lib/thumb/v6-m/nofp\libc_nano.a(libc_a-lock.o)
__lock___env_recursive_mutex                      c:/Users/fastr/AppData/Roaming/Code/User/globalStorage/bmd.stm32-for-vscode/@xpack-dev-tools/arm-none-eabi-gcc/15.2.1-1.1.1/.content/bin/../lib/gcc/arm-none-eabi/15.2.1/../../../../arm-none-eabi/lib/thumb/v6-m/nofp\libc_nano.a(libc_a-lock.o)
__lock___malloc_recursive_mutex                   c:/Users/fastr/AppData/Roaming/Code/User/globalStorage/bmd.stm32-for-vscode/@xpack-dev-tools/arm-none-eabi-gcc/15.2.1-1.1.1/.content/bin/../lib/gcc/arm-none-eabi/15.2.1/../../../../arm-none-eabi/lib/thumb/v6-m/nofp\libc_nano.a(libc_a-lock.o)
                                                  c:/Users/fastr/AppData/Roaming/Code/User/globalStorage/bmd.stm32-for-vscode/@xpack-dev-tools/arm-none-eabi-gcc/15.2.1-1.1.1/.content/bin/../lib/gcc/arm-none-eabi/15.2.1/../../../../arm-none-eabi/lib/thumb/v6-m/nofp\libc_nano.a(libc_a-mlock.o)
__lock___sfp_recursive_mutex                      c:/Users/fastr/AppData/Roaming/Code/User/globalStorage/bmd.stm32-for-vscode/@xpack-dev-tools/arm-none-eabi-gcc/15.2.1-1.1.1/.content/bin/../lib/gcc/arm-none-eabi/15.2.1/../../../../arm-none-eabi/lib/thumb/v6-m/nofp\libc_nano.a(libc_a-lock.o)
                                                  c:/Users/fastr/AppData/Roaming/Code/User/globalStorage/bmd.stm32-for-vscode/@xpack-dev-tools/arm-none-eabi-gcc/15.2.1-1.1.1/.content/bin/../lib/gcc/arm-none-eabi/15.2.1/../../../../arm-none-eabi/lib/thumb/v6-m/nofp\libc_nano.a(libc_a-findfp.o)
__lock___tz_mutex                                 c:/Users/fastr/AppData/Roaming/Code/User/globalStorage/bmd.stm32-for-vscode/@xpack-dev-tools/arm-none-eabi-gcc/15.2.1-1.1.1/.content/bin/../lib/gcc/arm-none-eabi/15.2.1/../../../../arm-none-eabi/lib/thumb/v6-m/nofp\libc_nano.a(libc_a-lock.o)
__malloc_free_list                                c:/Users/fastr/AppData/Roaming/Code/User/globalStorage/bmd.stm32-for-vscode/@xpack-dev-tools/arm-none-eabi-gcc/15.2.1-1.1.1/.content/bin/../lib/gcc/arm-none-eabi/15.2.1/../../../../arm-none-eabi/lib/thumb/v6-m/nofp\libc_nano.a(libc_a-mallocr.o)
                                                  c:/Users/fastr/AppData/Roaming/Code/User/globalStorage/bmd.stm32-for-vscode/@xpack-dev-tools/arm-none-eabi-gcc/15.2.1-1.1.1/.content/bin/../lib/gcc/arm-none-eabi/15.2.1/../../../../arm-none-eabi/lib/thumb/v6-m/nofp\libc_nano.a(libc_a-freer.o)
__malloc_lock                                     c:/Users/fastr/AppData/Roaming/Code/User/globalStorage/bmd.stm32-for-vscode/@xpack-dev-tools/arm-none-eabi-gcc/15.2.1-1.1.1/.content/bin/../lib/gcc/arm-none-eabi/15.2.1/../../../../arm-none-eabi/lib/thumb/v6-m/nofp\libc_nano.a(libc_a-mlock.o)
                                                  c:/Users/fastr/AppData/Roaming/Code/User/globalStorage/bmd.stm32-for-vscode/@xpack-dev-tools/arm-none-eabi-gcc/15.2.1-1.1.1/.content/bin/../lib/gcc/arm-none-eabi/15.2.1/../../../../arm-none-eabi/lib/thumb/v6-m/nofp\libc_nano.a(libc_a-mallocr.o)
                                                  c:/Users/fastr/AppData/Roaming/Code/User/globalStorage/bmd.stm32-for-vscode/@xpack-dev-tools/arm-none-eabi-gcc/15.2.1-1.1.1/.content/bin/../lib/gcc/arm-none-eabi/15.2.1/../../../../arm-none-eabi/lib/thumb/v6-m/nofp\libc_nano.a(libc_a-freer.o)
__malloc_sbrk_start                               c:/Users/fastr/AppData/Roaming/Code/User/globalStorage/bmd.stm32-for-vscode/@xpack-dev-tools/arm-none-eabi-gcc/15.2.1-1.1.1/.content/bin/../lib/gcc/arm-none-eabi/15.2.1/../../../../arm-none-eabi/lib/thumb/v6-m/nofp\libc_nano.a(libc_a-mallocr.o)
__malloc_unlock                                   c:/Users/fastr/AppData/Roaming/Code/User/globalStorage/bmd.stm32-for-vscode/@xpack-dev-tools/arm-none-eabi-gcc/15.2.1-1.1.1/.content/bin/../lib/gcc/arm-none-eabi/15.2.1/../../../../arm-none-eabi/lib/thumb/v6-m/nofp\libc_nano.a(libc_a-mlock.o)
                                                  c:/Users/fastr/AppData/Roaming/Code/User/globalStorage/bmd.stm32-for-vscode/@xpack-dev-tools/arm-none-eabi-gcc/15.2.1-1.1.1/.content/bin/../lib/gcc/arm-none-eabi/15.2.1/../../../../arm-none-eabi/lib/thumb/v6-m/nofp\libc_nano.a(libc_a-mallocr.o)
                                                  c:/Users/fastr/AppData/Roaming/Code/User/globalStorage/bmd.stm32-for-vscode/@xpack-dev-tools/arm-none-eabi-gcc/15.2.1-1.1.1/.content/bin/../lib/gcc/arm-none-eabi/15.2.1/../../../../arm-none-eabi/lib/thumb/v6-m/nofp\libc_nano.a(libc_a-freer.o)
__on_exit_args                                    c:/Users/fastr/AppData/Roaming/Code/User/globalStorage/bmd.stm32-for-vscode/@xpack-dev-tools/arm-none-eabi-gcc/15.2.1-1.1.1/.content/bin/../lib/gcc/arm-none-eabi/15.2.1/../../../../arm-none-eabi/lib/thumb/v6-m/nofp\libc_nano.a(libc_a-__atexit.o)
__preinit_array_end                               c:/Users/fastr/AppData/Roaming/Code/User/globalStorage/bmd.stm32-for-vscode/@xpack-dev-tools/arm-none-eabi-gcc/15.2.1-1.1.1/.content/bin/../lib/gcc/arm-none-eabi/15.2.1/../../../../arm-none-eabi/lib/thumb/v6-m/nofp\libc_nano.a(libc_a-init.o)
__preinit_array_start                             c:/Users/fastr/AppData/Roaming/Code/User/globalStorage/bmd.stm32-for-vscode/@xpack-dev-tools/arm-none-eabi-gcc/15.2.1-1.1.1/.content/bin/../lib/gcc/arm-none-eabi/15.2.1/../../../../arm-none-eabi/lib/thumb/v6-m/nofp\libc_nano.a(libc_a-init.o)
__register_exitproc                               c:/Users/fastr/AppData/Roaming/Code/User/globalStorage/bmd.stm32-for-vscode/@xpack-dev-tools/arm-none-eabi-gcc/15.2.1-1.1.1/.content/bin/../lib/gcc/arm-none-eabi/15.2.1/../../../../arm-none-eabi/lib/thumb/v6-m/nofp\libc_nano.a(libc_a-__atexit.o)
                                                  c:/Users/fastr/AppData/Roaming/Code/User/globalStorage/bmd.stm32-for-vscode/@xpack-dev-tools/arm-none-eabi-gcc/15.2.1-1.1.1/.content/bin/../lib/gcc/arm-none-eabi/15.2.1/../../../../arm-none-eabi/lib/thumb/v6-m/nofp\libc_nano.a(libc_a-atexit.o)
__register_frame_info                             c:/Users/fastr/AppData/Roaming/Code/User/globalStorage/bmd.stm32-for-vscode/@xpack-dev-tools/arm-none-eabi-gcc/15.2.1-1.1.1/.content/bin/../lib/gcc/arm-none-eabi/15.2.1/thumb/v6-m/nofp/crtbegin.o
__retarget_lock_acquire                           c:/Users/fastr/AppData/Roaming/Code/User/globalStorage/bmd.stm32-for-vscode/@xpack-dev-tools/arm-none-eabi-gcc/15.2.1-1.1.1/.content/bin/../lib/gcc/arm-none-eabi/15.2.1/../../../../arm-none-eabi/lib/thumb/v6-m/nofp\libc_nano.a(libc_a-lock.o)
__retarget_lock_acquire_recursive                 c:/Users/fastr/AppData/Roaming/Code/User/globalStorage/bmd.stm32-for-vscode/@xpack-dev-tools/arm-none-eabi-gcc/15.2.1-1.1.1/.content/bin/../lib/gcc/arm-none-eabi/15.2.1/../../../../arm-none-eabi/lib/thumb/v6-m/nofp\libc_nano.a(libc_a-lock.o)
                                                  c:/Users/fastr/AppData/Roaming/Code/User/globalStorage/bmd.stm32-for-vscode/@xpack-dev-tools/arm-none-eabi-gcc/15.2.1-1.1.1/.content/bin/../lib/gcc/arm-none-eabi/15.2.1/../../../../arm-none-eabi/lib/thumb/v6-m/nofp\libc_nano.a(libc_a-fflush.o)
                                                  c:/Users/fastr/AppData/Roaming/Code/User/globalStorage/bmd.stm32-for-vscode/@xpack-dev-tools/arm-none-eabi-gcc/15.2.1-1.1.1/.content/bin/../lib/gcc/arm-none-eabi/15.2.1/../../../../arm-none-eabi/lib/thumb/v6-m/nofp\libc_nano.a(libc_a-mlock.o)
                                                  c:/Users/fastr/AppData/Roaming/Code/User/globalStorage/bmd.stm32-for-vscode/@xpack-dev-tools/arm-none-eabi-gcc/15.2.1-1.1.1/.content/bin/../lib/gcc/arm-none-eabi/15.2.1/../../../../arm-none-eabi/lib/thumb/v6-m/nofp\libc_nano.a(libc_a-__call_atexit.o)
                                                  c:/Users/fastr/AppData/Roaming/Code/User/globalStorage/bmd.stm32-for-vscode/@xpack-dev-tools/arm-none-eabi-gcc/15.2.1-1.1.1/.content/bin/../lib/gcc/arm-none-eabi/15.2.1/../../../../arm-none-eabi/lib/thumb/v6-m/nofp\libc_nano.a(libc_a-__atexit.o)
                                                  c:/Users/fastr/AppData/Roaming/Code/User/globalStorage/bmd.stm32-for-vscode/@xpack-dev-tools/arm-none-eabi-gcc/15.2.1-1.1.1/.content/bin/../lib/gcc/arm-none-eabi/15.2.1/../../../../arm-none-eabi/lib/thumb/v6-m/nofp\libc_nano.a(libc_a-findfp.o)
__retarget_lock_close                             c:/Users/fastr/AppData/Roaming/Code/User/globalStorage/bmd.stm32-for-vscode/@xpack-dev-tools/arm-none-eabi-gcc/15.2.1-1.1.1/.content/bin/../lib/gcc/arm-none-eabi/15.2.1/../../../../arm-none-eabi/lib/thumb/v6-m/nofp\libc_nano.a(libc_a-lock.o)
__retarget_lock_close_recursive                   c:/Users/fastr/AppData/Roaming/Code/User/globalStorage/bmd.stm32-for-vscode/@xpack-dev-tools/arm-none-eabi-gcc/15.2.1-1.1.1/.content/bin/../lib/gcc/arm-none-eabi/15.2.1/../../../../arm-none-eabi/lib/thumb/v6-m/nofp\libc_nano.a(libc_a-lock.o)
__retarget_lock_init                              c:/Users/fastr/AppData/Roaming/Code/User/globalStorage/bmd.stm32-for-vscode/@xpack-dev-tools/arm-none-eabi-gcc/15.2.1-1.1.1/.content/bin/../lib/gcc/arm-none-eabi/15.2.1/../../../../arm-none-eabi/lib/thumb/v6-m/nofp\libc_nano.a(libc_a-lock.o)
__retarget_lock_init_recursive                    c:/Users/fastr/AppData/Roaming/Code/User/globalStorage/bmd.stm32-for-vscode/@xpack-dev-tools/arm-none-eabi-gcc/15.2.1-1.1.1/.content/bin/../lib/gcc/arm-none-eabi/15.2.1/../../../../arm-none-eabi/lib/thumb/v6-m/nofp\libc_nano.a(libc_a-lock.o)
                                                  c:/Users/fastr/AppData/Roaming/Code/User/globalStorage/bmd.stm32-for-vscode/@xpack-dev-tools/arm-none-eabi-gcc/15.2.1-1.1.1/.content/bin/../lib/gcc/arm-none-eabi/15.2.1/../../../../arm-none-eabi/lib/thumb/v6-m/nofp\libc_nano.a(libc_a-findfp.o)
__retarget_lock_release                           c:/Users/fastr/AppData/Roaming/Code/User/globalStorage/bmd.stm32-for-vscode/@xpack-dev-tools/arm-none-eabi-gcc/15.2.1-1.1.1/.content/bin/../lib/gcc/arm-none-eabi/15.2.1/../../../../arm-none-eabi/lib/thumb/v6-m/nofp\libc_nano.a(libc_a-lock.o)
__retarget_lock_release_recursive                 c:/Users/fastr/AppData/Roaming/Code/User/globalStorage/bmd.stm32-for-vscode/@xpack-dev-tools/arm-none-eabi-gcc/15.2.1-1.1.1/.content/bin/../lib/gcc/arm-none-eabi/15.2.1/../../../../arm-none-eabi/lib/thumb/v6-m/nofp\libc_nano.a(libc_a-lock.o)
                                                  c:/Users/fastr/AppData/Roaming/Code/User/globalStorage/bmd.stm32-for-vscode/@xpack-dev-tools/arm-none-eabi-gcc/15.2.1-1.1.1/.content/bin/../lib/gcc/arm-none-eabi/15.2.1/../../../../arm-none-eabi/lib/thumb/v6-m/nofp\libc_nano.a(libc_a-fflush.o)
                                                  c:/Users/fastr/AppData/Roaming/Code/User/globalStorage/bmd.stm32-for-vscode/@xpack-dev-tools/arm-none-eabi-gcc/15.2.1-1.1.1/.content/bin/../lib/gcc/arm-none-eabi/15.2.1/../../../../arm-none-eabi/lib/thumb/v6-m/nofp\libc_nano.a(libc_a-mlock.o)
                                                  c:/Users/fastr/AppData/Roaming/Code/User/globalStorage/bmd.stm32-for-vscode/@xpack-dev-tools/arm-none-eabi-gcc/15.2.1-1.1.1/.content/bin/../lib/gcc/arm-none-eabi/15.2.1/../../../../arm-none-eabi/lib/thumb/v6-m/nofp\libc_nano.a(libc_a-__call_atexit.o)
                                                  c:/Users/fastr/AppData/Roaming/Code/User/globalStorage/bmd.stm32-for-vscode/@xpack-dev-tools/arm-none-eabi-gcc/15.2.1-1.1.1/.content/bin/../lib/gcc/arm-none-eabi/15.2.1/../../../../arm-none-eabi/lib/thumb/v6-m/nofp\libc_nano.a(libc_a-__atexit.o)
                                                  c:/Users/fastr/AppData/Roaming/Code/User/globalStorage/bmd.stm32-for-vscode/@xpack-dev-tools/arm-none-eabi-gcc/15.2.1-1.1.1/.content/bin/../lib/gcc/arm-none-eabi/15.2.1/../../../../arm-none-eabi/lib/thumb/v6-m/nofp\libc_nano.a(libc_a-findfp.o)
__retarget_lock_try_acquire                       c:/Users/fastr/AppData/Roaming/Code/User/globalStorage/bmd.stm32-for-vscode/@xpack-dev-tools/arm-none-eabi-gcc/15.2.1-1.1.1/.content/bin/../lib/gcc/arm-none-eabi/15.2.1/../../../../arm-none-eabi/lib/thumb/v6-m/nofp\libc_nano.a(libc_a-lock.o)
__retarget_lock_try_acquire_recursive             c:/Users/fastr/AppData/Roaming/Code/User/globalStorage/bmd.stm32-for-vscode/@xpack-dev-tools/arm-none-eabi-gcc/15.2.1-1.1.1/.content/bin/../lib/gcc/arm-none-eabi/15.2.1/../../../../arm-none-eabi/lib/thumb/v6-m/nofp\libc_nano.a(libc_a-lock.o)
__sclose                                          c:/Users/fastr/AppData/Roaming/Code/User/globalStorage/bmd.stm32-for-vscode/@xpack-dev-tools/arm-none-eabi-gcc/15.2.1-1.1.1/.content/bin/../lib/gcc/arm-none-eabi/15.2.1/../../../../arm-none-eabi/lib/thumb/v6-m/nofp\libc_nano.a(libc_a-stdio.o)
                                                  c:/Users/fastr/AppData/Roaming/Code/User/globalStorage/bmd.stm32-for-vscode/@xpack-dev-tools/arm-none-eabi-gcc/15.2.1-1.1.1/.content/bin/../lib/gcc/arm-none-eabi/15.2.1/../../../../arm-none-eabi/lib/thumb/v6-m/nofp\libc_nano.a(libc_a-findfp.o)
__seofread                                        c:/Users/fastr/AppData/Roaming/Code/User/globalStorage/bmd.stm32-for-vscode/@xpack-dev-tools/arm-none-eabi-gcc/15.2.1-1.1.1/.content/bin/../lib/gcc/arm-none-eabi/15.2.1/../../../../arm-none-eabi/lib/thumb/v6-m/nofp\libc_nano.a(libc_a-stdio.o)
__sf                                              c:/Users/fastr/AppData/Roaming/Code/User/globalStorage/bmd.stm32-for-vscode/@xpack-dev-tools/arm-none-eabi-gcc/15.2.1-1.1.1/.content/bin/../lib/gcc/arm-none-eabi/15.2.1/../../../../arm-none-eabi/lib/thumb/v6-m/nofp\libc_nano.a(libc_a-findfp.o)
                                                  c:/Users/fastr/AppData/Roaming/Code/User/globalStorage/bmd.stm32-for-vscode/@xpack-dev-tools/arm-none-eabi-gcc/15.2.1-1.1.1/.content/bin/../lib/gcc/arm-none-eabi/15.2.1/../../../../arm-none-eabi/lib/thumb/v6-m/nofp\libc_nano.a(libc_a-impure.o)
__sflush_r                                        c:/Users/fastr/AppData/Roaming/Code/User/globalStorage/bmd.stm32-for-vscode/@xpack-dev-tools/arm-none-eabi-gcc/15.2.1-1.1.1/.content/bin/../lib/gcc/arm-none-eabi/15.2.1/../../../../arm-none-eabi/lib/thumb/v6-m/nofp\libc_nano.a(libc_a-fflush.o)
__sfp                                             c:/Users/fastr/AppData/Roaming/Code/User/globalStorage/bmd.stm32-for-vscode/@xpack-dev-tools/arm-none-eabi-gcc/15.2.1-1.1.1/.content/bin/../lib/gcc/arm-none-eabi/15.2.1/../../../../arm-none-eabi/lib/thumb/v6-m/nofp\libc_nano.a(libc_a-findfp.o)
__sfp_lock_acquire                                c:/Users/fastr/AppData/Roaming/Code/User/globalStorage/bmd.stm32-for-vscode/@xpack-dev-tools/arm-none-eabi-gcc/15.2.1-1.1.1/.content/bin/../lib/gcc/arm-none-eabi/15.2.1/../../../../arm-none-eabi/lib/thumb/v6-m/nofp\libc_nano.a(libc_a-findfp.o)
__sfp_lock_release                                c:/Users/fastr/AppData/Roaming/Code/User/globalStorage/bmd.stm32-for-vscode/@xpack-dev-tools/arm-none-eabi-gcc/15.2.1-1.1.1/.content/bin/../lib/gcc/arm-none-eabi/15.2.1/../../../../arm-none-eabi/lib/thumb/v6-m/nofp\libc_nano.a(libc_a-findfp.o)
__sglue                                           c:/Users/fastr/AppData/Roaming/Code/User/globalStorage/bmd.stm32-for-vscode/@xpack-dev-tools/arm-none-eabi-gcc/15.2.1-1.1.1/.content/bin/../lib/gcc/arm-none-eabi/15.2.1/../../../../arm-none-eabi/lib/thumb/v6-m/nofp\libc_nano.a(libc_a-findfp.o)
                                                  c:/Users/fastr/AppData/Roaming/Code/User/globalStorage/bmd.stm32-for-vscode/@xpack-dev-tools/arm-none-eabi-gcc/15.2.1-1.1.1/.content/bin/../lib/gcc/arm-none-eabi/15.2.1/../../../../arm-none-eabi/lib/thumb/v6-m/nofp\libc_nano.a(libc_a-fflush.o)
__sinit                                           c:/Users/fastr/AppData/Roaming/Code/User/globalStorage/bmd.stm32-for-vscode/@xpack-dev-tools/arm-none-eabi-gcc/15.2.1-1.1.1/.content/bin/../lib/gcc/arm-none-eabi/15.2.1/../../../../arm-none-eabi/lib/thumb/v6-m/nofp\libc_nano.a(libc_a-findfp.o)
                                                  c:/Users/fastr/AppData/Roaming/Code/User/globalStorage/bmd.stm32-for-vscode/@xpack-dev-tools/arm-none-eabi-gcc/15.2.1-1.1.1/.content/bin/../lib/gcc/arm-none-eabi/15.2.1/../../../../arm-none-eabi/lib/thumb/v6-m/nofp\libc_nano.a(libc_a-fflush.o)
__sread                                           c:/Users/fastr/AppData/Roaming/Code/User/globalStorage/bmd.stm32-for-vscode/@xpack-dev-tools/arm-none-eabi-gcc/15.2.1-1.1.1/.content/bin/../lib/gcc/arm-none-eabi/15.2.1/../../../../arm-none-eabi/lib/thumb/v6-m/nofp\libc_nano.a(libc_a-stdio.o)
                                                  c:/Users/fastr/AppData/Roaming/Code/User/globalStorage/bmd.stm32-for-vscode/@xpack-dev-tools/arm-none-eabi-gcc/15.2.1-1.1.1/.content/bin/../lib/gcc/arm-none-eabi/15.2.1/../../../../arm-none-eabi/lib/thumb/v6-m/nofp\libc_nano.a(libc_a-findfp.o)
__sseek                                           c:/Users/fastr/AppData/Roaming/Code/User/globalStorage/bmd.stm32-for-vscode/@xpack-dev-tools/arm-none-eabi-gcc/15.2.1-1.1.1/.content/bin/../lib/gcc/arm-none-eabi/15.2.1/../../../../arm-none-eabi/lib/thumb/v6-m/nofp\libc_nano.a(libc_a-stdio.o)
                                                  c:/Users/fastr/AppData/Roaming/Code/User/globalStorage/bmd.stm32-for-vscode/@xpack-dev-tools/arm-none-eabi-gcc/15.2.1-1.1.1/.content/bin/../lib/gcc/arm-none-eabi/15.2.1/../../../../arm-none-eabi/lib/thumb/v6-m/nofp\libc_nano.a(libc_a-findfp.o)
__stack                                           c:/Users/fastr/AppData/Roaming/Code/User/globalStorage/bmd.stm32-for-vscode/@xpack-dev-tools/arm-none-eabi-gcc/15.2.1-1.1.1/.content/bin/../lib/gcc/arm-none-eabi/15.2.1/../../../../arm-none-eabi/lib/thumb/v6-m/nofp/crt0.o
__stdio_exit_handler                              c:/Users/fastr/AppData/Roaming/Code/User/globalStorage/bmd.stm32-for-vscode/@xpack-dev-tools/arm-none-eabi-gcc/15.2.1-1.1.1/.content/bin/../lib/gcc/arm-none-eabi/15.2.1/../../../../arm-none-eabi/lib/thumb/v6-m/nofp\libc_nano.a(libc_a-findfp.o)
                                                  c:/Users/fastr/AppData/Roaming/Code/User/globalStorage/bmd.stm32-for-vscode/@xpack-dev-tools/arm-none-eabi-gcc/15.2.1-1.1.1/.content/bin/../lib/gcc/arm-none-eabi/15.2.1/../../../../arm-none-eabi/lib/thumb/v6-m/nofp\libc_nano.a(libc_a-exit.o)
__swrite                                          c:/Users/fastr/AppData/Roaming/Code/User/globalStorage/bmd.stm32-for-vscode/@xpack-dev-tools/arm-none-eabi-gcc/15.2.1-1.1.1/.content/bin/../lib/gcc/arm-none-eabi/15.2.1/../../../../arm-none-eabi/lib/thumb/v6-m/nofp\libc_nano.a(libc_a-stdio.o)
                                                  c:/Users/fastr/AppData/Roaming/Code/User/globalStorage/bmd.stm32-for-vscode/@xpack-dev-tools/arm-none-eabi-gcc/15.2.1-1.1.1/.content/bin/../lib/gcc/arm-none-eabi/15.2.1/../../../../arm-none-eabi/lib/thumb/v6-m/nofp\libc_nano.a(libc_a-findfp.o)
__udivsi3                                         c:/Users/fastr/AppData/Roaming/Code/User/globalStorage/bmd.stm32-for-vscode/@xpack-dev-tools/arm-none-eabi-gcc/15.2.1-1.1.1/.content/bin/../lib/gcc/arm-none-eabi/15.2.1/thumb/v6-m/nofp\libgcc.a(_udivsi3.o)
_close                                            c:/Users/fastr/AppData/Roaming/Code/User/globalStorage/bmd.stm32-for-vscode/@xpack-dev-tools/arm-none-eabi-gcc/15.2.1-1.1.1/.content/bin/../lib/gcc/arm-none-eabi/15.2.1/../../../../arm-none-eabi/lib/thumb/v6-m/nofp\libnosys.a(close.o)
                                                  c:/Users/fastr/AppData/Roaming/Code/User/globalStorage/bmd.stm32-for-vscode/@xpack-dev-tools/arm-none-eabi-gcc/15.2.1-1.1.1/.content/bin/../lib/gcc/arm-none-eabi/15.2.1/../../../../arm-none-eabi/lib/thumb/v6-m/nofp\libc_nano.a(libc_a-closer.o)
_close_r                                          c:/Users/fastr/AppData/Roaming/Code/User/globalStorage/bmd.stm32-for-vscode/@xpack-dev-tools/arm-none-eabi-gcc/15.2.1-1.1.1/.content/bin/../lib/gcc/arm-none-eabi/15.2.1/../../../../arm-none-eabi/lib/thumb/v6-m/nofp\libc_nano.a(libc_a-closer.o)
                                                  c:/Users/fastr/AppData/Roaming/Code/User/globalStorage/bmd.stm32-for-vscode/@xpack-dev-tools/arm-none-eabi-gcc/15.2.1-1.1.1/.content/bin/../lib/gcc/arm-none-eabi/15.2.1/../../../../arm-none-eabi/lib/thumb/v6-m/nofp\libc_nano.a(libc_a-stdio.o)
_ebss                                             build/debug/startup_stm32f051x8.o
_edata                                            build/debug/startup_stm32f051x8.o
_estack                                           build/debug/startup_stm32f051x8.o
_exit                                             c:/Users/fastr/AppData/Roaming/Code/User/globalStorage/bmd.stm32-for-vscode/@xpack-dev-tools/arm-none-eabi-gcc/15.2.1-1.1.1/.content/bin/../lib/gcc/arm-none-eabi/15.2.1/../../../../arm-none-eabi/lib/thumb/v6-m/nofp\libnosys.a(_exit.o)
                                                  c:/Users/fastr/AppData/Roaming/Code/User/globalStorage/bmd.stm32-for-vscode/@xpack-dev-tools/arm-none-eabi-gcc/15.2.1-1.1.1/.content/bin/../lib/gcc/arm-none-eabi/15.2.1/../../../../arm-none-eabi/lib/thumb/v6-m/nofp\libc_nano.a(libc_a-exit.o)
_fflush_r                                         c:/Users/fastr/AppData/Roaming/Code/User/globalStorage/bmd.stm32-for-vscode/@xpack-dev-tools/arm-none-eabi-gcc/15.2.1-1.1.1/.content/bin/../lib/gcc/arm-none-eabi/15.2.1/../../../../arm-none-eabi/lib/thumb/v6-m/nofp\libc_nano.a(libc_a-fflush.o)
                                                  c:/Users/fastr/AppData/Roaming/Code/User/globalStorage/bmd.stm32-for-vscode/@xpack-dev-tools/arm-none-eabi-gcc/15.2.1-1.1.1/.content/bin/../lib/gcc/arm-none-eabi/15.2.1/../../../../arm-none-eabi/lib/thumb/v6-m/nofp\libc_nano.a(libc_a-findfp.o)
_fini                                             c:/Users/fastr/AppData/Roaming/Code/User/globalStorage/bmd.stm32-for-vscode/@xpack-dev-tools/arm-none-eabi-gcc/15.2.1-1.1.1/.content/bin/../lib/gcc/arm-none-eabi/15.2.1/thumb/v6-m/nofp/crti.o
                                                  c:/Users/fastr/AppData/Roaming/Code/User/globalStorage/bmd.stm32-for-vscode/@xpack-dev-tools/arm-none-eabi-gcc/15.2.1-1.1.1/.content/bin/../lib/gcc/arm-none-eabi/15.2.1/../../../../arm-none-eabi/lib/thumb/v6-m/nofp\libc_nano.a(libc_a-fini.o)
_free_r                                           c:/Users/fastr/AppData/Roaming/Code/User/globalStorage/bmd.stm32-for-vscode/@xpack-dev-tools/arm-none-eabi-gcc/15.2.1-1.1.1/.content/bin/../lib/gcc/arm-none-eabi/15.2.1/../../../../arm-none-eabi/lib/thumb/v6-m/nofp\libc_nano.a(libc_a-freer.o)
                                                  c:/Users/fastr/AppData/Roaming/Code/User/globalStorage/bmd.stm32-for-vscode/@xpack-dev-tools/arm-none-eabi-gcc/15.2.1-1.1.1/.content/bin/../lib/gcc/arm-none-eabi/15.2.1/../../../../arm-none-eabi/lib/thumb/v6-m/nofp\libc_nano.a(libc_a-fflush.o)
                                                  c:/Users/fastr/AppData/Roaming/Code/User/globalStorage/bmd.stm32-for-vscode/@xpack-dev-tools/arm-none-eabi-gcc/15.2.1-1.1.1/.content/bin/../lib/gcc/arm-none-eabi/15.2.1/../../../../arm-none-eabi/lib/thumb/v6-m/nofp\libc_nano.a(libc_a-reent.o)
_fwalk_sglue                                      c:/Users/fastr/AppData/Roaming/Code/User/globalStorage/bmd.stm32-for-vscode/@xpack-dev-tools/arm-none-eabi-gcc/15.2.1-1.1.1/.content/bin/../lib/gcc/arm-none-eabi/15.2.1/../../../../arm-none-eabi/lib/thumb/v6-m/nofp\libc_nano.a(libc_a-fwalk.o)
                                                  c:/Users/fastr/AppData/Roaming/Code/User/globalStorage/bmd.stm32-for-vscode/@xpack-dev-tools/arm-none-eabi-gcc/15.2.1-1.1.1/.content/bin/../lib/gcc/arm-none-eabi/15.2.1/../../../../arm-none-eabi/lib/thumb/v6-m/nofp\libc_nano.a(libc_a-fflush.o)
                                                  c:/Users/fastr/AppData/Roaming/Code/User/globalStorage/bmd.stm32-for-vscode/@xpack-dev-tools/arm-none-eabi-gcc/15.2.1-1.1.1/.content/bin/../lib/gcc/arm-none-eabi/15.2.1/../../../../arm-none-eabi/lib/thumb/v6-m/nofp\libc_nano.a(libc_a-findfp.o)
_impure_data                                      c:/Users/fastr/AppData/Roaming/Code/User/globalStorage/bmd.stm32-for-vscode/@xpack-dev-tools/arm-none-eabi-gcc/15.2.1-1.1.1/.content/bin/../lib/gcc/arm-none-eabi/15.2.1/../../../../arm-none-eabi/lib/thumb/v6-m/nofp\libc_nano.a(libc_a-impure.o)
                                                  c:/Users/fastr/AppData/Roaming/Code/User/globalStorage/bmd.stm32-for-vscode/@xpack-dev-tools/arm-none-eabi-gcc/15.2.1-1.1.1/.content/bin/../lib/gcc/arm-none-eabi/15.2.1/../../../../arm-none-eabi/lib/thumb/v6-m/nofp\libc_nano.a(libc_a-fflush.o)
                                                  c:/Users/fastr/AppData/Roaming/Code/User/globalStorage/bmd.stm32-for-vscode/@xpack-dev-tools/arm-none-eabi-gcc/15.2.1-1.1.1/.content/bin/../lib/gcc/arm-none-eabi/15.2.1/../../../../arm-none-eabi/lib/thumb/v6-m/nofp\libc_nano.a(libc_a-findfp.o)
_impure_ptr                                       c:/Users/fastr/AppData/Roaming/Code/User/globalStorage/bmd.stm32-for-vscode/@xpack-dev-tools/arm-none-eabi-gcc/15.2.1-1.1.1/.content/bin/../lib/gcc/arm-none-eabi/15.2.1/../../../../arm-none-eabi/lib/thumb/v6-m/nofp\libc_nano.a(libc_a-impure.o)
                                                  c:/Users/fastr/AppData/Roaming/Code/User/globalStorage/bmd.stm32-for-vscode/@xpack-dev-tools/arm-none-eabi-gcc/15.2.1-1.1.1/.content/bin/../lib/gcc/arm-none-eabi/15.2.1/../../../../arm-none-eabi/lib/thumb/v6-m/nofp\libc_nano.a(libc_a-fflush.o)
                                                  c:/Users/fastr/AppData/Roaming/Code/User/globalStorage/bmd.stm32-for-vscode/@xpack-dev-tools/arm-none-eabi-gcc/15.2.1-1.1.1/.content/bin/../lib/gcc/arm-none-eabi/15.2.1/../../../../arm-none-eabi/lib/thumb/v6-m/nofp\libc_nano.a(libc_a-reent.o)
_init                                             c:/Users/fastr/AppData/Roaming/Code/User/globalStorage/bmd.stm32-for-vscode/@xpack-dev-tools/arm-none-eabi-gcc/15.2.1-1.1.1/.content/bin/../lib/gcc/arm-none-eabi/15.2.1/thumb/v6-m/nofp/crti.o
                                                  c:/Users/fastr/AppData/Roaming/Code/User/globalStorage/bmd.stm32-for-vscode/@xpack-dev-tools/arm-none-eabi-gcc/15.2.1-1.1.1/.content/bin/../lib/gcc/arm-none-eabi/15.2.1/../../../../arm-none-eabi/lib/thumb/v6-m/nofp\libc_nano.a(libc_a-init.o)
_lseek                                            c:/Users/fastr/AppData/Roaming/Code/User/globalStorage/bmd.stm32-for-vscode/@xpack-dev-tools/arm-none-eabi-gcc/15.2.1-1.1.1/.content/bin/../lib/gcc/arm-none-eabi/15.2.1/../../../../arm-none-eabi/lib/thumb/v6-m/nofp\libnosys.a(lseek.o)
                                                  c:/Users/fastr/AppData/Roaming/Code/User/globalStorage/bmd.stm32-for-vscode/@xpack-dev-tools/arm-none-eabi-gcc/15.2.1-1.1.1/.content/bin/../lib/gcc/arm-none-eabi/15.2.1/../../../../arm-none-eabi/lib/thumb/v6-m/nofp\libc_nano.a(libc_a-lseekr.o)
_lseek_r                                          c:/Users/fastr/AppData/Roaming/Code/User/globalStorage/bmd.stm32-for-vscode/@xpack-dev-tools/arm-none-eabi-gcc/15.2.1-1.1.1/.content/bin/../lib/gcc/arm-none-eabi/15.2.1/../../../../arm-none-eabi/lib/thumb/v6-m/nofp\libc_nano.a(libc_a-lseekr.o)
                                                  c:/Users/fastr/AppData/Roaming/Code/User/globalStorage/bmd.stm32-for-vscode/@xpack-dev-tools/arm-none-eabi-gcc/15.2.1-1.1.1/.content/bin/../lib/gcc/arm-none-eabi/15.2.1/../../../../arm-none-eabi/lib/thumb/v6-m/nofp\libc_nano.a(libc_a-stdio.o)
_mainCRTStartup                                   c:/Users/fastr/AppData/Roaming/Code/User/globalStorage/bmd.stm32-for-vscode/@xpack-dev-tools/arm-none-eabi-gcc/15.2.1-1.1.1/.content/bin/../lib/gcc/arm-none-eabi/15.2.1/../../../../arm-none-eabi/lib/thumb/v6-m/nofp/crt0.o
_malloc_r                                         c:/Users/fastr/AppData/Roaming/Code/User/globalStorage/bmd.stm32-for-vscode/@xpack-dev-tools/arm-none-eabi-gcc/15.2.1-1.1.1/.content/bin/../lib/gcc/arm-none-eabi/15.2.1/../../../../arm-none-eabi/lib/thumb/v6-m/nofp\libc_nano.a(libc_a-mallocr.o)