ARM GAS  C:\Users\fastr\AppData\Local\Temp\ccGOSKck.s 			page 1


   1              		.cpu cortex-m0
   2              		.arch armv6s-m
   3              		.fpu softvfp
   4              		.eabi_attribute 20, 1
   5              		.eabi_attribute 21, 1
   6              		.eabi_attribute 23, 3
   7              		.eabi_attribute 24, 1
   8              		.eabi_attribute 25, 1
   9              		.eabi_attribute 26, 1
  10              		.eabi_attribute 30, 1
  11              		.eabi_attribute 34, 0
  12              		.eabi_attribute 18, 4
  13              		.file	"main.c"
  14              		.text
  15              	.Ltext0:
  16              		.cfi_sections	.debug_frame
  17              		.file 1 "Core/Src/main.c"
  18              		.section	.text.gpio_init,"ax",%progbits
  19              		.align	1
  20              		.syntax unified
  21              		.code	16
  22              		.thumb_func
  24              	gpio_init:
  25              	.LFB40:
   1:Core/Src/main.c **** /* USER CODE BEGIN Header */
   2:Core/Src/main.c **** /**
   3:Core/Src/main.c ****   ******************************************************************************
   4:Core/Src/main.c ****   * EEE3096S 2026 - Practical 1B
   5:Core/Src/main.c ****   * Tasks 2 and 3: fast integer square root, TIM16 timing, optimisation flags
   6:Core/Src/main.c ****   *
   7:Core/Src/main.c ****   * Student 1 : <Raman Raja>  <RJXRAM001>
   8:Core/Src/main.c ****   * Student 2 : <name>  <student number>
   9:Core/Src/main.c ****   * Date      : <21/09/2026>
  10:Core/Src/main.c ****   *
  11:Core/Src/main.c ****   * Board pins used
  12:Core/Src/main.c ****   *   PC13 : scope pulse. Driven LOW for the timed section, HIGH otherwise.
  13:Core/Src/main.c ****   *          Broken out on Header P1.
  14:Core/Src/main.c ****   *   PB1  : pass or fail indicator. User LED 1. ON means all ten golden
  15:Core/Src/main.c ****   *          values matched.
  16:Core/Src/main.c ****   *
  17:Core/Src/main.c ****   * Search for TODO. Every TODO is a piece of work you have to complete.
  18:Core/Src/main.c ****   * Do not delete the USER CODE markers. STM32CubeIDE overwrites everything
  19:Core/Src/main.c ****   * outside them whenever you regenerate from the .ioc file.
  20:Core/Src/main.c ****   ******************************************************************************
  21:Core/Src/main.c ****   */
  22:Core/Src/main.c **** /* USER CODE END Header */
  23:Core/Src/main.c **** 
  24:Core/Src/main.c **** /* Includes ------------------------------------------------------------------*/
  25:Core/Src/main.c **** #include "main.h"
  26:Core/Src/main.c **** 
  27:Core/Src/main.c **** /* USER CODE BEGIN Includes */
  28:Core/Src/main.c **** #include <stdint.h>
  29:Core/Src/main.c **** /* USER CODE END Includes */
  30:Core/Src/main.c **** 
  31:Core/Src/main.c **** /* USER CODE BEGIN PD */
  32:Core/Src/main.c **** #define PULSE_PIN    13u          /* PC13 */
  33:Core/Src/main.c **** #define LED_PIN      1u           /* PB1  */
ARM GAS  C:\Users\fastr\AppData\Local\Temp\ccGOSKck.s 			page 2


  34:Core/Src/main.c **** 
  35:Core/Src/main.c **** #define TEST_INPUT   987654321u   /* the input named in the Task 2 question */
  36:Core/Src/main.c **** #define LONG_RUN_N   20000u       /* calls in the wrap-around run           */
  37:Core/Src/main.c **** /* USER CODE END PD */
  38:Core/Src/main.c **** 
  39:Core/Src/main.c **** /* USER CODE BEGIN PV */
  40:Core/Src/main.c **** 
  41:Core/Src/main.c **** /* The ten inputs from Task 1. Do not change these. */
  42:Core/Src/main.c **** static const uint32_t golden_inputs[10] = {
  43:Core/Src/main.c ****     0u, 1u, 15u, 16u, 4095u, 65535u,
  44:Core/Src/main.c ****     123456789u, 987654321u, 4294836225u, 4294967295u
  45:Core/Src/main.c **** };
  46:Core/Src/main.c **** 
  47:Core/Src/main.c **** /*
  48:Core/Src/main.c ****  * TODO 1
  49:Core/Src/main.c ****  * Fill this array with the ten outputs produced by YOUR Task 1 golden
  50:Core/Src/main.c ****  * measure. Copy them from your own PC run, not from a friend and not from
  51:Core/Src/main.c ****  * the practical sheet. The firmware self-test below compares against these.
  52:Core/Src/main.c ****  */
  53:Core/Src/main.c **** static const uint32_t golden_outputs[10] = {
  54:Core/Src/main.c ****     0u, 1u, 3u, 4u, 64u, 255u,
  55:Core/Src/main.c ****     11111u, 31426u, 65535u, 65535u
  56:Core/Src/main.c **** };
  57:Core/Src/main.c **** 
  58:Core/Src/main.c **** /*
  59:Core/Src/main.c ****  * Results. Keep these volatile so the optimiser leaves them alone at -O1
  60:Core/Src/main.c ****  * and above. Read them in the STM32CubeIDE Live Expressions view.
  61:Core/Src/main.c ****  */
  62:Core/Src/main.c **** volatile uint8_t  pass_all          = 0u;   /* 1 means all ten matched      */
  63:Core/Src/main.c **** volatile uint32_t single_call_span  = 0u;   /* timer counts, one call       */
  64:Core/Src/main.c **** volatile uint32_t long_run_span     = 0u;   /* timer counts, LONG_RUN_N     */
  65:Core/Src/main.c **** volatile float    mean_us_per_call  = 0.0f; /* long run divided by N        */
  66:Core/Src/main.c **** 
  67:Core/Src/main.c **** /* Sink for the return value. Stops the optimiser deleting the call. */
  68:Core/Src/main.c **** static volatile uint32_t sink = 0u;
  69:Core/Src/main.c **** 
  70:Core/Src/main.c **** /* USER CODE END PV */
  71:Core/Src/main.c **** 
  72:Core/Src/main.c **** /* Private function prototypes -----------------------------------------------*/
  73:Core/Src/main.c **** void SystemClock_Config(void);
  74:Core/Src/main.c **** 
  75:Core/Src/main.c **** /* USER CODE BEGIN PFP */
  76:Core/Src/main.c **** static void     gpio_init(void);
  77:Core/Src/main.c **** static void     timing_timer_init(void);
  78:Core/Src/main.c **** static uint32_t isqrt(uint32_t x);
  79:Core/Src/main.c **** static uint32_t time_one_call(uint32_t x);
  80:Core/Src/main.c **** static uint32_t time_n_calls(uint32_t x, uint32_t n);
  81:Core/Src/main.c **** /* USER CODE END PFP */
  82:Core/Src/main.c **** 
  83:Core/Src/main.c **** /* USER CODE BEGIN 0 */
  84:Core/Src/main.c **** 
  85:Core/Src/main.c **** /* ---------------------------------------------------------------------------
  86:Core/Src/main.c ****  * Hardware initialisation
  87:Core/Src/main.c ****  * ------------------------------------------------------------------------ */
  88:Core/Src/main.c **** static void gpio_init(void)
  89:Core/Src/main.c **** {
  26              		.loc 1 89 1 view -0
ARM GAS  C:\Users\fastr\AppData\Local\Temp\ccGOSKck.s 			page 3


  27              		.cfi_startproc
  28              		@ args = 0, pretend = 0, frame = 0
  29              		@ frame_needed = 0, uses_anonymous_args = 0
  30              		@ link register save eliminated.
  90:Core/Src/main.c ****     /*
  91:Core/Src/main.c ****      * TODO 2
  92:Core/Src/main.c ****      * Enable the peripheral clock for GPIOC and GPIOB.
  93:Core/Src/main.c ****      *
  94:Core/Src/main.c ****      * Look up the correct RCC enable register in RM0091 Section 6, Reset
  95:Core/Src/main.c ****      * and Clock Control, and name the register in your report.
  96:Core/Src/main.c ****      *
  97:Core/Src/main.c ****      * RCC->???ENR |= ... ;
  98:Core/Src/main.c ****      */
  99:Core/Src/main.c ****   RCC->AHBENR |= RCC_AHBENR_GPIOBEN | RCC_AHBENR_GPIOCEN;
  31              		.loc 1 99 3 view .LVU1
  32              		.loc 1 99 6 is_stmt 0 view .LVU2
  33 0000 0F4A     		ldr	r2, .L2
  34 0002 5169     		ldr	r1, [r2, #20]
  35              		.loc 1 99 15 view .LVU3
  36 0004 C023     		movs	r3, #192
  37 0006 1B03     		lsls	r3, r3, #12
  38 0008 0B43     		orrs	r3, r1
  39 000a 5361     		str	r3, [r2, #20]
 100:Core/Src/main.c ****    
 101:Core/Src/main.c **** 
 102:Core/Src/main.c ****     /*
 103:Core/Src/main.c ****      * TODO 3
 104:Core/Src/main.c ****      * Put PC13 and PB1 into general purpose output mode.
 105:Core/Src/main.c ****      * MODER holds two bits per pin. Clear both bits first, then set the
 106:Core/Src/main.c ****      * output pattern. Leave every other pin untouched.
 107:Core/Src/main.c ****      */
 108:Core/Src/main.c ****     
 109:Core/Src/main.c ****   GPIOC->MODER &= ~(0x3UL << (PULSE_PIN * 2u));
  40              		.loc 1 109 3 is_stmt 1 view .LVU4
  41              		.loc 1 109 8 is_stmt 0 view .LVU5
  42 000c 0D4A     		ldr	r2, .L2+4
  43 000e 1368     		ldr	r3, [r2]
  44              		.loc 1 109 16 view .LVU6
  45 0010 0D49     		ldr	r1, .L2+8
  46 0012 0B40     		ands	r3, r1
  47 0014 1360     		str	r3, [r2]
 110:Core/Src/main.c ****   GPIOC->MODER |=  (0x1UL << (PULSE_PIN * 2u));
  48              		.loc 1 110 3 is_stmt 1 view .LVU7
  49              		.loc 1 110 8 is_stmt 0 view .LVU8
  50 0016 1168     		ldr	r1, [r2]
  51              		.loc 1 110 16 view .LVU9
  52 0018 8023     		movs	r3, #128
  53 001a DB04     		lsls	r3, r3, #19
  54 001c 0B43     		orrs	r3, r1
  55 001e 1360     		str	r3, [r2]
 111:Core/Src/main.c ****   
 112:Core/Src/main.c ****   GPIOB->MODER &= ~(0x3UL << (LED_PIN * 2u));
  56              		.loc 1 112 3 is_stmt 1 view .LVU10
  57              		.loc 1 112 8 is_stmt 0 view .LVU11
  58 0020 0A4B     		ldr	r3, .L2+12
  59 0022 1968     		ldr	r1, [r3]
  60              		.loc 1 112 16 view .LVU12
ARM GAS  C:\Users\fastr\AppData\Local\Temp\ccGOSKck.s 			page 4


  61 0024 0C20     		movs	r0, #12
  62 0026 8143     		bics	r1, r0
  63 0028 1960     		str	r1, [r3]
 113:Core/Src/main.c ****   GPIOB->MODER |=  (0x1UL << (LED_PIN * 2u));
  64              		.loc 1 113 3 is_stmt 1 view .LVU13
  65              		.loc 1 113 8 is_stmt 0 view .LVU14
  66 002a 1968     		ldr	r1, [r3]
  67              		.loc 1 113 16 view .LVU15
  68 002c 0838     		subs	r0, r0, #8
  69 002e 0143     		orrs	r1, r0
  70 0030 1960     		str	r1, [r3]
 114:Core/Src/main.c **** 
 115:Core/Src/main.c ****      /*
 116:Core/Src/main.c ****      * TODO 4
 117:Core/Src/main.c ****      * Set the idle states: PC13 HIGH (pulse is active low) and PB1 LOW
 118:Core/Src/main.c ****      * (LED off until the self-test passes).
 119:Core/Src/main.c ****      * BSRR sets a pin. BRR clears a pin.
 120:Core/Src/main.c ****      */
 121:Core/Src/main.c **** 
 122:Core/Src/main.c ****   GPIOC->BSRR = (1UL << PULSE_PIN);
  71              		.loc 1 122 3 is_stmt 1 view .LVU16
  72              		.loc 1 122 15 is_stmt 0 view .LVU17
  73 0032 8021     		movs	r1, #128
  74 0034 8901     		lsls	r1, r1, #6
  75 0036 9161     		str	r1, [r2, #24]
 123:Core/Src/main.c ****   GPIOB->BRR  = (1UL << LED_PIN);
  76              		.loc 1 123 3 is_stmt 1 view .LVU18
  77              		.loc 1 123 15 is_stmt 0 view .LVU19
  78 0038 0222     		movs	r2, #2
  79 003a 9A62     		str	r2, [r3, #40]
 124:Core/Src/main.c **** 
 125:Core/Src/main.c **** }
  80              		.loc 1 125 1 view .LVU20
  81              		@ sp needed
  82 003c 7047     		bx	lr
  83              	.L3:
  84 003e C046     		.align	2
  85              	.L2:
  86 0040 00100240 		.word	1073876992
  87 0044 00080048 		.word	1207961600
  88 0048 FFFFFFF3 		.word	-201326593
  89 004c 00040048 		.word	1207960576
  90              		.cfi_endproc
  91              	.LFE40:
  93              		.section	.text.timing_timer_init,"ax",%progbits
  94              		.align	1
  95              		.syntax unified
  96              		.code	16
  97              		.thumb_func
  99              	timing_timer_init:
 100              	.LFB41:
 126:Core/Src/main.c **** 
 127:Core/Src/main.c **** static void timing_timer_init(void)
 128:Core/Src/main.c **** {
 101              		.loc 1 128 1 is_stmt 1 view -0
 102              		.cfi_startproc
 103              		@ args = 0, pretend = 0, frame = 0
ARM GAS  C:\Users\fastr\AppData\Local\Temp\ccGOSKck.s 			page 5


 104              		@ frame_needed = 0, uses_anonymous_args = 0
 105              		@ link register save eliminated.
 129:Core/Src/main.c ****     /*
 130:Core/Src/main.c ****      * TODO 5
 131:Core/Src/main.c ****      * Enable the TIM16 peripheral clock. TIM16 and the GPIO ports sit on
 132:Core/Src/main.c ****      * different buses on this device. Name both buses in your report.
 133:Core/Src/main.c ****      */
 134:Core/Src/main.c ****   RCC->APB2ENR |= RCC_APB2ENR_TIM16EN;
 106              		.loc 1 134 3 view .LVU22
 107              		.loc 1 134 6 is_stmt 0 view .LVU23
 108 0000 094A     		ldr	r2, .L5
 109 0002 9169     		ldr	r1, [r2, #24]
 110              		.loc 1 134 16 view .LVU24
 111 0004 8023     		movs	r3, #128
 112 0006 9B02     		lsls	r3, r3, #10
 113 0008 0B43     		orrs	r3, r1
 114 000a 9361     		str	r3, [r2, #24]
 135:Core/Src/main.c **** 
 136:Core/Src/main.c ****     /*
 137:Core/Src/main.c ****      * TODO 6
 138:Core/Src/main.c ****      * Set the prescaler so one timer count equals a time you choose and
 139:Core/Src/main.c ****      * state. The division factor is PSC + 1, so:
 140:Core/Src/main.c ****      *
 141:Core/Src/main.c ****      *     counter clock = timer clock / (PSC + 1)
 142:Core/Src/main.c ****      *
 143:Core/Src/main.c ****      * Work out the timer clock from the path HSI -> AHB prescaler ->
 144:Core/Src/main.c ****      * APB prescaler -> TIM16. Write the full path and every divider into
 145:Core/Src/main.c ****      * your report before you pick the number.
 146:Core/Src/main.c ****      *
 147:Core/Src/main.c ****      * TIM16->PSC = ??? ;
 148:Core/Src/main.c ****      */
 149:Core/Src/main.c ****   TIM16->PSC = 79u;
 115              		.loc 1 149 3 is_stmt 1 view .LVU25
 116              		.loc 1 149 14 is_stmt 0 view .LVU26
 117 000c 074B     		ldr	r3, .L5+4
 118 000e 4F22     		movs	r2, #79
 119 0010 9A62     		str	r2, [r3, #40]
 150:Core/Src/main.c **** 
 151:Core/Src/main.c ****     /*
 152:Core/Src/main.c ****      * TODO 7
 153:Core/Src/main.c ****      * Set ARR for a free running 16-bit counter, force the prescaler to
 154:Core/Src/main.c ****      * load with an update event, then enable the counter.
 155:Core/Src/main.c ****      */
 156:Core/Src/main.c **** 
 157:Core/Src/main.c ****   TIM16->ARR = 0xFFFFu;
 120              		.loc 1 157 3 is_stmt 1 view .LVU27
 121              		.loc 1 157 14 is_stmt 0 view .LVU28
 122 0012 074A     		ldr	r2, .L5+8
 123 0014 DA62     		str	r2, [r3, #44]
 158:Core/Src/main.c ****   TIM16->EGR |= TIM_EGR_UG;    /* force update: PSC takes effect now */
 124              		.loc 1 158 3 is_stmt 1 view .LVU29
 125              		.loc 1 158 8 is_stmt 0 view .LVU30
 126 0016 5A69     		ldr	r2, [r3, #20]
 127              		.loc 1 158 14 view .LVU31
 128 0018 0121     		movs	r1, #1
 129 001a 0A43     		orrs	r2, r1
 130 001c 5A61     		str	r2, [r3, #20]
ARM GAS  C:\Users\fastr\AppData\Local\Temp\ccGOSKck.s 			page 6


 159:Core/Src/main.c ****   TIM16->CR1 |= TIM_CR1_CEN;   /* start counting */  
 131              		.loc 1 159 3 is_stmt 1 view .LVU32
 132              		.loc 1 159 8 is_stmt 0 view .LVU33
 133 001e 1A68     		ldr	r2, [r3]
 134              		.loc 1 159 14 view .LVU34
 135 0020 0A43     		orrs	r2, r1
 136 0022 1A60     		str	r2, [r3]
 160:Core/Src/main.c **** }
 137              		.loc 1 160 1 view .LVU35
 138              		@ sp needed
 139 0024 7047     		bx	lr
 140              	.L6:
 141 0026 C046     		.align	2
 142              	.L5:
 143 0028 00100240 		.word	1073876992
 144 002c 00440140 		.word	1073824768
 145 0030 FFFF0000 		.word	65535
 146              		.cfi_endproc
 147              	.LFE41:
 149              		.section	.text.isqrt,"ax",%progbits
 150              		.align	1
 151              		.syntax unified
 152              		.code	16
 153              		.thumb_func
 155              	isqrt:
 156              	.LVL0:
 157              	.LFB43:
 161:Core/Src/main.c **** 
 162:Core/Src/main.c **** /* ---------------------------------------------------------------------------
 163:Core/Src/main.c ****  * Task 2 core algorithm
 164:Core/Src/main.c ****  * ------------------------------------------------------------------------ */
 165:Core/Src/main.c **** 
 166:Core/Src/main.c **** /*
 167:Core/Src/main.c ****  * Helper. Returns non-zero when mid * mid is at or below x.
 168:Core/Src/main.c ****  *
 169:Core/Src/main.c ****  * Keep this as a separate function. Task 3 asks you to find one
 170:Core/Src/main.c ****  * optimisation transformation in the disassembly, and the treatment of
 171:Core/Src/main.c ****  * this helper at -O2 is the easiest one to spot and name.
 172:Core/Src/main.c ****  *
 173:Core/Src/main.c ****  * Note: mid * mid overflows 32 bits for large mid. Promote before you
 174:Core/Src/main.c ****  * multiply.
 175:Core/Src/main.c ****  */
 176:Core/Src/main.c **** static inline uint32_t square_le(uint32_t mid, uint32_t x)
 177:Core/Src/main.c **** {
 178:Core/Src/main.c ****     /* TODO 8: return the comparison result. */
 179:Core/Src/main.c ****     uint64_t sq = (uint64_t)mid * (uint64_t)mid;
 180:Core/Src/main.c ****     return (sq <= (uint64_t)x) ? 1u : 0u;
 181:Core/Src/main.c **** }
 182:Core/Src/main.c **** 
 183:Core/Src/main.c **** /*
 184:Core/Src/main.c ****  * Integer square root. Returns the largest r with r * r <= x, for every
 185:Core/Src/main.c ****  * x from 0 to 4294967295.
 186:Core/Src/main.c ****  */
 187:Core/Src/main.c **** static uint32_t isqrt(uint32_t x)
 188:Core/Src/main.c **** {
 158              		.loc 1 188 1 is_stmt 1 view -0
 159              		.cfi_startproc
ARM GAS  C:\Users\fastr\AppData\Local\Temp\ccGOSKck.s 			page 7


 160              		@ args = 0, pretend = 0, frame = 0
 161              		@ frame_needed = 0, uses_anonymous_args = 0
 162              		.loc 1 188 1 is_stmt 0 view .LVU37
 163 0000 F8B5     		push	{r3, r4, r5, r6, r7, lr}
 164              		.cfi_def_cfa_offset 24
 165              		.cfi_offset 3, -24
 166              		.cfi_offset 4, -20
 167              		.cfi_offset 5, -16
 168              		.cfi_offset 6, -12
 169              		.cfi_offset 7, -8
 170              		.cfi_offset 14, -4
 171 0002 0500     		movs	r5, r0
 189:Core/Src/main.c ****     /*
 190:Core/Src/main.c ****      * TODO 9
 191:Core/Src/main.c ****      * Implement a fast integer square root. A binary search over the
 192:Core/Src/main.c ****      * answer range works well and is simple to reason about.
 193:Core/Src/main.c ****      *
 194:Core/Src/main.c ****      */
 195:Core/Src/main.c ****     uint32_t lo = 0u;
 172              		.loc 1 195 5 is_stmt 1 view .LVU38
 173              	.LVL1:
 196:Core/Src/main.c ****     uint32_t hi = 65535u;
 174              		.loc 1 196 5 view .LVU39
 197:Core/Src/main.c **** 
 198:Core/Src/main.c ****     while (lo < hi)
 175              		.loc 1 198 5 view .LVU40
 196:Core/Src/main.c ****     uint32_t hi = 65535u;
 176              		.loc 1 196 14 is_stmt 0 view .LVU41
 177 0004 0D4F     		ldr	r7, .L15
 195:Core/Src/main.c ****     uint32_t hi = 65535u;
 178              		.loc 1 195 14 view .LVU42
 179 0006 0026     		movs	r6, #0
 180              		.loc 1 198 11 view .LVU43
 181 0008 00E0     		b	.L9
 182              	.LVL2:
 183              	.L13:
 184              	.LBB7:
 199:Core/Src/main.c ****     {
 200:Core/Src/main.c ****         uint32_t mid = lo + (hi - lo + 1u) / 2u;   /* round up: avoids infinite loop */
 201:Core/Src/main.c ****         if (square_le(mid, x))
 202:Core/Src/main.c ****         {
 203:Core/Src/main.c ****             lo = mid;
 204:Core/Src/main.c ****         }
 205:Core/Src/main.c ****         else
 206:Core/Src/main.c ****         {
 207:Core/Src/main.c ****             hi = mid - 1u;
 185              		.loc 1 207 13 is_stmt 1 view .LVU44
 186              		.loc 1 207 16 is_stmt 0 view .LVU45
 187 000a 671E     		subs	r7, r4, #1
 188              	.LVL3:
 189              	.L9:
 190              		.loc 1 207 16 view .LVU46
 191              	.LBE7:
 198:Core/Src/main.c ****     {
 192              		.loc 1 198 15 is_stmt 1 view .LVU47
 193 000c BE42     		cmp	r6, r7
 194 000e 12D2     		bcs	.L14
ARM GAS  C:\Users\fastr\AppData\Local\Temp\ccGOSKck.s 			page 8


 195              	.LBB10:
 200:Core/Src/main.c ****         if (square_le(mid, x))
 196              		.loc 1 200 9 view .LVU48
 200:Core/Src/main.c ****         if (square_le(mid, x))
 197              		.loc 1 200 33 is_stmt 0 view .LVU49
 198 0010 BC1B     		subs	r4, r7, r6
 200:Core/Src/main.c ****         if (square_le(mid, x))
 199              		.loc 1 200 38 view .LVU50
 200 0012 0134     		adds	r4, r4, #1
 200:Core/Src/main.c ****         if (square_le(mid, x))
 201              		.loc 1 200 44 view .LVU51
 202 0014 6408     		lsrs	r4, r4, #1
 200:Core/Src/main.c ****         if (square_le(mid, x))
 203              		.loc 1 200 18 view .LVU52
 204 0016 A419     		adds	r4, r4, r6
 205              	.LVL4:
 201:Core/Src/main.c ****         {
 206              		.loc 1 201 9 is_stmt 1 view .LVU53
 207              	.LBB8:
 208              	.LBI8:
 176:Core/Src/main.c **** {
 209              		.loc 1 176 24 view .LVU54
 210              	.LBB9:
 179:Core/Src/main.c ****     return (sq <= (uint64_t)x) ? 1u : 0u;
 211              		.loc 1 179 5 view .LVU55
 179:Core/Src/main.c ****     return (sq <= (uint64_t)x) ? 1u : 0u;
 212              		.loc 1 179 14 is_stmt 0 view .LVU56
 213 0018 2200     		movs	r2, r4
 214 001a 0023     		movs	r3, #0
 215 001c 2000     		movs	r0, r4
 216 001e 0021     		movs	r1, #0
 217 0020 FFF7FEFF 		bl	__aeabi_lmul
 218              	.LVL5:
 180:Core/Src/main.c **** }
 219              		.loc 1 180 5 is_stmt 1 view .LVU57
 180:Core/Src/main.c **** }
 220              		.loc 1 180 19 is_stmt 0 view .LVU58
 221 0024 0023     		movs	r3, #0
 180:Core/Src/main.c **** }
 222              		.loc 1 180 37 view .LVU59
 223 0026 0029     		cmp	r1, #0
 224 0028 EFD1     		bne	.L13
 225 002a 9942     		cmp	r1, r3
 226 002c 01D1     		bne	.L12
 227 002e A842     		cmp	r0, r5
 228 0030 EBD8     		bhi	.L13
 229              	.L12:
 180:Core/Src/main.c **** }
 230              		.loc 1 180 37 view .LVU60
 231              	.LBE9:
 232              	.LBE8:
 203:Core/Src/main.c ****         }
 233              		.loc 1 203 16 view .LVU61
 234 0032 2600     		movs	r6, r4
 235              	.LVL6:
 203:Core/Src/main.c ****         }
 236              		.loc 1 203 16 view .LVU62
ARM GAS  C:\Users\fastr\AppData\Local\Temp\ccGOSKck.s 			page 9


 237 0034 EAE7     		b	.L9
 238              	.LVL7:
 239              	.L14:
 203:Core/Src/main.c ****         }
 240              		.loc 1 203 16 view .LVU63
 241              	.LBE10:
 208:Core/Src/main.c ****         }
 209:Core/Src/main.c ****     }
 210:Core/Src/main.c ****     return lo;
 242              		.loc 1 210 5 is_stmt 1 view .LVU64
 211:Core/Src/main.c **** }
 243              		.loc 1 211 1 is_stmt 0 view .LVU65
 244 0036 3000     		movs	r0, r6
 245              		@ sp needed
 246              	.LVL8:
 247              	.LVL9:
 248              	.LVL10:
 249              		.loc 1 211 1 view .LVU66
 250 0038 F8BD     		pop	{r3, r4, r5, r6, r7, pc}
 251              	.L16:
 252 003a C046     		.align	2
 253              	.L15:
 254 003c FFFF0000 		.word	65535
 255              		.cfi_endproc
 256              	.LFE43:
 258              		.section	.text.time_one_call,"ax",%progbits
 259              		.align	1
 260              		.syntax unified
 261              		.code	16
 262              		.thumb_func
 264              	time_one_call:
 265              	.LVL11:
 266              	.LFB44:
 212:Core/Src/main.c **** 
 213:Core/Src/main.c **** /* ---------------------------------------------------------------------------
 214:Core/Src/main.c ****  * Timing harness
 215:Core/Src/main.c ****  * ------------------------------------------------------------------------ */
 216:Core/Src/main.c **** 
 217:Core/Src/main.c **** /*
 218:Core/Src/main.c ****  * Times one call.
 219:Core/Src/main.c ****  * Drives PC13 LOW for the timed window so the scope pulse and the counter
 220:Core/Src/main.c ****  * span cover the same code.
 221:Core/Src/main.c ****  * Returns the elapsed counter span.
 222:Core/Src/main.c ****  */
 223:Core/Src/main.c **** static uint32_t time_one_call(uint32_t x)
 224:Core/Src/main.c **** {
 267              		.loc 1 224 1 is_stmt 1 view -0
 268              		.cfi_startproc
 269              		@ args = 0, pretend = 0, frame = 0
 270              		@ frame_needed = 0, uses_anonymous_args = 0
 271              		.loc 1 224 1 is_stmt 0 view .LVU68
 272 0000 F8B5     		push	{r3, r4, r5, r6, r7, lr}
 273              		.cfi_def_cfa_offset 24
 274              		.cfi_offset 3, -24
 275              		.cfi_offset 4, -20
 276              		.cfi_offset 5, -16
 277              		.cfi_offset 6, -12
ARM GAS  C:\Users\fastr\AppData\Local\Temp\ccGOSKck.s 			page 10


 278              		.cfi_offset 7, -8
 279              		.cfi_offset 14, -4
 225:Core/Src/main.c ****     uint16_t a = 0u;
 280              		.loc 1 225 5 is_stmt 1 view .LVU69
 281              	.LVL12:
 226:Core/Src/main.c ****     uint16_t b = 0u;
 282              		.loc 1 226 5 view .LVU70
 227:Core/Src/main.c **** 
 228:Core/Src/main.c ****     GPIOC->BRR = (1UL << PULSE_PIN);   /* PC13 low: pulse starts */
 283              		.loc 1 228 5 view .LVU71
 284              		.loc 1 228 16 is_stmt 0 view .LVU72
 285 0002 084D     		ldr	r5, .L18
 286 0004 8026     		movs	r6, #128
 287 0006 B601     		lsls	r6, r6, #6
 288 0008 AE62     		str	r6, [r5, #40]
 229:Core/Src/main.c **** 
 230:Core/Src/main.c ****     /* TODO 10: capture the counter into a. Which register holds the count? */
 231:Core/Src/main.c ****      a = (uint16_t)TIM16->CNT;
 289              		.loc 1 231 6 is_stmt 1 view .LVU73
 290              		.loc 1 231 25 is_stmt 0 view .LVU74
 291 000a 074F     		ldr	r7, .L18+4
 292 000c 7C6A     		ldr	r4, [r7, #36]
 293              		.loc 1 231 8 view .LVU75
 294 000e A4B2     		uxth	r4, r4
 295              	.LVL13:
 232:Core/Src/main.c **** 
 233:Core/Src/main.c ****     sink = isqrt(x);                   /* the code under test */
 296              		.loc 1 233 5 is_stmt 1 view .LVU76
 297              		.loc 1 233 12 is_stmt 0 view .LVU77
 298 0010 FFF7FEFF 		bl	isqrt
 299              	.LVL14:
 300              		.loc 1 233 10 discriminator 1 view .LVU78
 301 0014 054B     		ldr	r3, .L18+8
 302 0016 1860     		str	r0, [r3]
 234:Core/Src/main.c **** 
 235:Core/Src/main.c ****     /* TODO 11: capture the counter into b. */
 236:Core/Src/main.c ****     b = (uint16_t)TIM16->CNT;
 303              		.loc 1 236 5 is_stmt 1 view .LVU79
 304              		.loc 1 236 24 is_stmt 0 view .LVU80
 305 0018 786A     		ldr	r0, [r7, #36]
 306              		.loc 1 236 7 view .LVU81
 307 001a 80B2     		uxth	r0, r0
 308              	.LVL15:
 237:Core/Src/main.c **** 
 238:Core/Src/main.c ****     GPIOC->BSRR = (1UL << PULSE_PIN);  /* PC13 high: pulse ends */
 309              		.loc 1 238 5 is_stmt 1 view .LVU82
 310              		.loc 1 238 17 is_stmt 0 view .LVU83
 311 001c AE61     		str	r6, [r5, #24]
 239:Core/Src/main.c **** 
 240:Core/Src/main.c ****     /*
 241:Core/Src/main.c ****      * TODO 12
 242:Core/Src/main.c ****      * Return the elapsed span. The counter wraps at its top value during
 243:Core/Src/main.c ****      * long runs, so a plain b minus a is wrong once the counter rolls over.
 244:Core/Src/main.c ****      * Work out an expression correct across a wrap and explain it in your
 245:Core/Src/main.c ****      * report. Test your reasoning on a = 65500, b = 20.
 246:Core/Src/main.c ****      */
 247:Core/Src/main.c ****     return (uint32_t)(uint16_t)(b - a);
ARM GAS  C:\Users\fastr\AppData\Local\Temp\ccGOSKck.s 			page 11


 312              		.loc 1 247 5 is_stmt 1 view .LVU84
 313              		.loc 1 247 22 is_stmt 0 view .LVU85
 314 001e 001B     		subs	r0, r0, r4
 315              	.LVL16:
 316              		.loc 1 247 22 view .LVU86
 317 0020 80B2     		uxth	r0, r0
 248:Core/Src/main.c **** }
 318              		.loc 1 248 1 view .LVU87
 319              		@ sp needed
 320              	.LVL17:
 321              		.loc 1 248 1 view .LVU88
 322 0022 F8BD     		pop	{r3, r4, r5, r6, r7, pc}
 323              	.L19:
 324              		.align	2
 325              	.L18:
 326 0024 00080048 		.word	1207961600
 327 0028 00440140 		.word	1073824768
 328 002c 00000000 		.word	sink
 329              		.cfi_endproc
 330              	.LFE44:
 332              		.section	.text.time_n_calls,"ax",%progbits
 333              		.align	1
 334              		.syntax unified
 335              		.code	16
 336              		.thumb_func
 338              	time_n_calls:
 339              	.LVL18:
 340              	.LFB45:
 249:Core/Src/main.c **** 
 250:Core/Src/main.c **** /*
 251:Core/Src/main.c ****  * Times n calls back to back so the counter crosses its overflow more
 252:Core/Src/main.c ****  * than once. Same arithmetic as the single call version.
 253:Core/Src/main.c ****  */
 254:Core/Src/main.c **** static uint32_t time_n_calls(uint32_t x, uint32_t n)
 255:Core/Src/main.c **** {
 341              		.loc 1 255 1 is_stmt 1 view -0
 342              		.cfi_startproc
 343              		@ args = 0, pretend = 0, frame = 0
 344              		@ frame_needed = 0, uses_anonymous_args = 0
 345              		.loc 1 255 1 is_stmt 0 view .LVU90
 346 0000 F8B5     		push	{r3, r4, r5, r6, r7, lr}
 347              		.cfi_def_cfa_offset 24
 348              		.cfi_offset 3, -24
 349              		.cfi_offset 4, -20
 350              		.cfi_offset 5, -16
 351              		.cfi_offset 6, -12
 352              		.cfi_offset 7, -8
 353              		.cfi_offset 14, -4
 354 0002 0600     		movs	r6, r0
 355 0004 0D00     		movs	r5, r1
 256:Core/Src/main.c ****     uint16_t a = 0u;
 356              		.loc 1 256 5 is_stmt 1 view .LVU91
 357              	.LVL19:
 257:Core/Src/main.c ****     uint16_t b = 0u;
 358              		.loc 1 257 5 view .LVU92
 258:Core/Src/main.c **** 
 259:Core/Src/main.c ****     GPIOC->BRR = (1UL << PULSE_PIN);
ARM GAS  C:\Users\fastr\AppData\Local\Temp\ccGOSKck.s 			page 12


 359              		.loc 1 259 5 view .LVU93
 360              		.loc 1 259 16 is_stmt 0 view .LVU94
 361 0006 0D4B     		ldr	r3, .L23
 362 0008 8022     		movs	r2, #128
 363 000a 9201     		lsls	r2, r2, #6
 364 000c 9A62     		str	r2, [r3, #40]
 260:Core/Src/main.c **** 
 261:Core/Src/main.c ****     /* TODO 13: capture the counter into a. */
 262:Core/Src/main.c ****     a = (uint16_t)TIM16->CNT;
 365              		.loc 1 262 5 is_stmt 1 view .LVU95
 366              		.loc 1 262 24 is_stmt 0 view .LVU96
 367 000e 0C4B     		ldr	r3, .L23+4
 368 0010 5F6A     		ldr	r7, [r3, #36]
 369              		.loc 1 262 7 view .LVU97
 370 0012 BFB2     		uxth	r7, r7
 371              	.LVL20:
 263:Core/Src/main.c **** 
 264:Core/Src/main.c ****     for (uint32_t i = 0u; i < n; i++)
 372              		.loc 1 264 5 is_stmt 1 view .LVU98
 373              	.LBB11:
 374              		.loc 1 264 10 view .LVU99
 375              		.loc 1 264 19 is_stmt 0 view .LVU100
 376 0014 0024     		movs	r4, #0
 377              		.loc 1 264 5 view .LVU101
 378 0016 05E0     		b	.L21
 379              	.LVL21:
 380              	.L22:
 265:Core/Src/main.c ****     {
 266:Core/Src/main.c ****         sink = isqrt(x);
 381              		.loc 1 266 9 is_stmt 1 view .LVU102
 382              		.loc 1 266 16 is_stmt 0 view .LVU103
 383 0018 3000     		movs	r0, r6
 384 001a FFF7FEFF 		bl	isqrt
 385              	.LVL22:
 386              		.loc 1 266 14 discriminator 1 view .LVU104
 387 001e 094B     		ldr	r3, .L23+8
 388 0020 1860     		str	r0, [r3]
 264:Core/Src/main.c ****     {
 389              		.loc 1 264 35 is_stmt 1 discriminator 3 view .LVU105
 390 0022 0134     		adds	r4, r4, #1
 391              	.LVL23:
 392              	.L21:
 264:Core/Src/main.c ****     {
 393              		.loc 1 264 29 discriminator 1 view .LVU106
 394 0024 AC42     		cmp	r4, r5
 395 0026 F7D3     		bcc	.L22
 396              	.LBE11:
 267:Core/Src/main.c ****     }
 268:Core/Src/main.c **** 
 269:Core/Src/main.c ****     /* TODO 14: capture the counter into b. */
 270:Core/Src/main.c ****     b = (uint16_t)TIM16->CNT;
 397              		.loc 1 270 5 view .LVU107
 398              		.loc 1 270 24 is_stmt 0 view .LVU108
 399 0028 054B     		ldr	r3, .L23+4
 400 002a 586A     		ldr	r0, [r3, #36]
 401              		.loc 1 270 7 view .LVU109
 402 002c 80B2     		uxth	r0, r0
ARM GAS  C:\Users\fastr\AppData\Local\Temp\ccGOSKck.s 			page 13


 403              	.LVL24:
 271:Core/Src/main.c **** 
 272:Core/Src/main.c ****     GPIOC->BSRR = (1UL << PULSE_PIN);
 404              		.loc 1 272 5 is_stmt 1 view .LVU110
 405              		.loc 1 272 17 is_stmt 0 view .LVU111
 406 002e 034B     		ldr	r3, .L23
 407 0030 8022     		movs	r2, #128
 408 0032 9201     		lsls	r2, r2, #6
 409 0034 9A61     		str	r2, [r3, #24]
 273:Core/Src/main.c **** 
 274:Core/Src/main.c ****     /*
 275:Core/Src/main.c ****      * TODO 15
 276:Core/Src/main.c ****      * Return the elapsed span using the same wrap-safe expression.
 277:Core/Src/main.c ****      *
 278:Core/Src/main.c ****      * Careful: a 16-bit counter measures a limited window without
 279:Core/Src/main.c ****      * ambiguity. Work out that window from your prescaler, then pick n so
 280:Core/Src/main.c ****      * the total run stays inside a single unambiguous window, or track the
 281:Core/Src/main.c ****      * overflows yourself. State your choice in the report.
 282:Core/Src/main.c ****      */
 283:Core/Src/main.c ****     return (uint32_t)(uint16_t)(b - a);
 410              		.loc 1 283 5 is_stmt 1 view .LVU112
 411              		.loc 1 283 22 is_stmt 0 view .LVU113
 412 0036 C01B     		subs	r0, r0, r7
 413              	.LVL25:
 414              		.loc 1 283 22 view .LVU114
 415 0038 80B2     		uxth	r0, r0
 284:Core/Src/main.c **** }
 416              		.loc 1 284 1 view .LVU115
 417              		@ sp needed
 418              	.LVL26:
 419              	.LVL27:
 420              	.LVL28:
 421              	.LVL29:
 422              		.loc 1 284 1 view .LVU116
 423 003a F8BD     		pop	{r3, r4, r5, r6, r7, pc}
 424              	.L24:
 425              		.align	2
 426              	.L23:
 427 003c 00080048 		.word	1207961600
 428 0040 00440140 		.word	1073824768
 429 0044 00000000 		.word	sink
 430              		.cfi_endproc
 431              	.LFE45:
 433              		.section	.text.Error_Handler,"ax",%progbits
 434              		.align	1
 435              		.global	Error_Handler
 436              		.syntax unified
 437              		.code	16
 438              		.thumb_func
 440              	Error_Handler:
 441              	.LFB48:
 285:Core/Src/main.c **** 
 286:Core/Src/main.c **** /* USER CODE END 0 */
 287:Core/Src/main.c **** 
 288:Core/Src/main.c **** /**
 289:Core/Src/main.c ****   * @brief  The application entry point.
 290:Core/Src/main.c ****   */
ARM GAS  C:\Users\fastr\AppData\Local\Temp\ccGOSKck.s 			page 14


 291:Core/Src/main.c **** int main(void)
 292:Core/Src/main.c **** {
 293:Core/Src/main.c ****   /* MCU Configuration -------------------------------------------------------*/
 294:Core/Src/main.c ****   HAL_Init();
 295:Core/Src/main.c ****   SystemClock_Config();
 296:Core/Src/main.c **** 
 297:Core/Src/main.c ****   /* USER CODE BEGIN 2 */
 298:Core/Src/main.c ****   gpio_init();
 299:Core/Src/main.c ****   timing_timer_init();
 300:Core/Src/main.c **** 
 301:Core/Src/main.c ****   /* Self-test against the ten golden values from Task 1 */
 302:Core/Src/main.c ****   pass_all = 1u;
 303:Core/Src/main.c ****   for (int i = 0; i < 10; i++)
 304:Core/Src/main.c ****   {
 305:Core/Src/main.c ****       if (isqrt(golden_inputs[i]) != golden_outputs[i])
 306:Core/Src/main.c ****       {
 307:Core/Src/main.c ****           pass_all = 0u;
 308:Core/Src/main.c ****           break;
 309:Core/Src/main.c ****       }
 310:Core/Src/main.c ****   }
 311:Core/Src/main.c **** 
 312:Core/Src/main.c ****   /*
 313:Core/Src/main.c ****    * TODO 16
 314:Core/Src/main.c ****    * Drive PB1 from pass_all. LED on for a pass, off for a fail.
 315:Core/Src/main.c ****    * The demonstrator checks this LED before anything else.
 316:Core/Src/main.c ****    */
 317:Core/Src/main.c ****   if (pass_all)
 318:Core/Src/main.c ****   {
 319:Core/Src/main.c ****       GPIOB->BSRR = (1UL << LED_PIN);   /* LED on: pass */
 320:Core/Src/main.c ****   }
 321:Core/Src/main.c ****   else
 322:Core/Src/main.c ****   {
 323:Core/Src/main.c ****       GPIOB->BRR = (1UL << LED_PIN);    /* LED off: fail */
 324:Core/Src/main.c ****   }
 325:Core/Src/main.c **** 
 326:Core/Src/main.c **** 
 327:Core/Src/main.c ****   /* USER CODE END 2 */
 328:Core/Src/main.c **** 
 329:Core/Src/main.c ****   /* Infinite loop */
 330:Core/Src/main.c ****   while (1)
 331:Core/Src/main.c ****   {
 332:Core/Src/main.c ****     /* USER CODE BEGIN 3 */
 333:Core/Src/main.c **** 
 334:Core/Src/main.c ****     /* Task 2 and Task 3: single call measurement */
 335:Core/Src/main.c ****     single_call_span = time_one_call(TEST_INPUT);
 336:Core/Src/main.c **** 
 337:Core/Src/main.c ****     /*
 338:Core/Src/main.c ****      * TODO 17
 339:Core/Src/main.c ****      * Task 2 wrap case: run the long measurement, then work out the mean
 340:Core/Src/main.c ****      * time per call and confirm it agrees with the single call figure.
 341:Core/Src/main.c ****      *
 342:Core/Src/main.c ****      * Comment this out while you place the scope cursors on the single
 343:Core/Src/main.c ****      * call pulse. Two pulses of very different widths on one pin make the
 344:Core/Src/main.c ****      * scope trigger jump.
 345:Core/Src/main.c ****      */
 346:Core/Src/main.c ****     /* long_run_span    = time_n_calls(TEST_INPUT, LONG_RUN_N); */
 347:Core/Src/main.c ****     /* mean_us_per_call = ??? ; */
ARM GAS  C:\Users\fastr\AppData\Local\Temp\ccGOSKck.s 			page 15


 348:Core/Src/main.c ****     long_run_span    = time_n_calls(TEST_INPUT, LONG_RUN_N);
 349:Core/Src/main.c ****     mean_us_per_call = ((float)long_run_span * (float)10u)
 350:Core/Src/main.c ****                        / (float)LONG_RUN_N;
 351:Core/Src/main.c **** 
 352:Core/Src/main.c ****     /* Gap between measurements so the scope has a clean single pulse */
 353:Core/Src/main.c ****     for (volatile int d = 0; d < 100000; d++)
 354:Core/Src/main.c ****     {
 355:Core/Src/main.c ****     }
 356:Core/Src/main.c ****     /* USER CODE END 3 */
 357:Core/Src/main.c ****   }
 358:Core/Src/main.c **** }
 359:Core/Src/main.c **** 
 360:Core/Src/main.c **** /**
 361:Core/Src/main.c ****   * @brief System Clock Configuration
 362:Core/Src/main.c ****   * @retval None
 363:Core/Src/main.c ****   */
 364:Core/Src/main.c **** void SystemClock_Config(void)
 365:Core/Src/main.c **** {
 366:Core/Src/main.c ****   RCC_OscInitTypeDef RCC_OscInitStruct = {0};
 367:Core/Src/main.c ****   RCC_ClkInitTypeDef RCC_ClkInitStruct = {0};
 368:Core/Src/main.c **** 
 369:Core/Src/main.c ****   RCC_OscInitStruct.OscillatorType = RCC_OSCILLATORTYPE_HSI;
 370:Core/Src/main.c ****   RCC_OscInitStruct.HSIState = RCC_HSI_ON;
 371:Core/Src/main.c ****   RCC_OscInitStruct.HSICalibrationValue = RCC_HSICALIBRATION_DEFAULT;
 372:Core/Src/main.c ****   RCC_OscInitStruct.PLL.PLLState = RCC_PLL_NONE;
 373:Core/Src/main.c ****   if (HAL_RCC_OscConfig(&RCC_OscInitStruct) != HAL_OK)
 374:Core/Src/main.c ****   {
 375:Core/Src/main.c ****     Error_Handler();
 376:Core/Src/main.c ****   }
 377:Core/Src/main.c **** 
 378:Core/Src/main.c ****   RCC_ClkInitStruct.ClockType = RCC_CLOCKTYPE_HCLK | RCC_CLOCKTYPE_SYSCLK
 379:Core/Src/main.c ****                               | RCC_CLOCKTYPE_PCLK1;
 380:Core/Src/main.c ****   RCC_ClkInitStruct.SYSCLKSource = RCC_SYSCLKSOURCE_HSI;
 381:Core/Src/main.c ****   RCC_ClkInitStruct.AHBCLKDivider = RCC_SYSCLK_DIV1;
 382:Core/Src/main.c ****   RCC_ClkInitStruct.APB1CLKDivider = RCC_HCLK_DIV1;
 383:Core/Src/main.c **** 
 384:Core/Src/main.c ****   if (HAL_RCC_ClockConfig(&RCC_ClkInitStruct, FLASH_LATENCY_0) != HAL_OK)
 385:Core/Src/main.c ****   {
 386:Core/Src/main.c ****     Error_Handler();
 387:Core/Src/main.c ****   }
 388:Core/Src/main.c **** }
 389:Core/Src/main.c **** 
 390:Core/Src/main.c **** /**
 391:Core/Src/main.c ****   * @brief  This function is executed in case of error occurrence.
 392:Core/Src/main.c ****   */
 393:Core/Src/main.c **** void Error_Handler(void)
 394:Core/Src/main.c **** {
 442              		.loc 1 394 1 is_stmt 1 view -0
 443              		.cfi_startproc
 444              		@ Volatile: function does not return.
 445              		@ args = 0, pretend = 0, frame = 0
 446              		@ frame_needed = 0, uses_anonymous_args = 0
 447              		@ link register save eliminated.
 395:Core/Src/main.c ****   __disable_irq();
 448              		.loc 1 395 3 view .LVU118
 449              	.LBB12:
 450              	.LBI12:
ARM GAS  C:\Users\fastr\AppData\Local\Temp\ccGOSKck.s 			page 16


 451              		.file 2 "Drivers/CMSIS/Include/cmsis_gcc.h"
   1:Drivers/CMSIS/Include/cmsis_gcc.h **** /**************************************************************************//**
   2:Drivers/CMSIS/Include/cmsis_gcc.h ****  * @file     cmsis_gcc.h
   3:Drivers/CMSIS/Include/cmsis_gcc.h ****  * @brief    CMSIS compiler GCC header file
   4:Drivers/CMSIS/Include/cmsis_gcc.h ****  * @version  V5.0.4
   5:Drivers/CMSIS/Include/cmsis_gcc.h ****  * @date     09. April 2018
   6:Drivers/CMSIS/Include/cmsis_gcc.h ****  ******************************************************************************/
   7:Drivers/CMSIS/Include/cmsis_gcc.h **** /*
   8:Drivers/CMSIS/Include/cmsis_gcc.h ****  * Copyright (c) 2009-2018 Arm Limited. All rights reserved.
   9:Drivers/CMSIS/Include/cmsis_gcc.h ****  *
  10:Drivers/CMSIS/Include/cmsis_gcc.h ****  * SPDX-License-Identifier: Apache-2.0
  11:Drivers/CMSIS/Include/cmsis_gcc.h ****  *
  12:Drivers/CMSIS/Include/cmsis_gcc.h ****  * Licensed under the Apache License, Version 2.0 (the License); you may
  13:Drivers/CMSIS/Include/cmsis_gcc.h ****  * not use this file except in compliance with the License.
  14:Drivers/CMSIS/Include/cmsis_gcc.h ****  * You may obtain a copy of the License at
  15:Drivers/CMSIS/Include/cmsis_gcc.h ****  *
  16:Drivers/CMSIS/Include/cmsis_gcc.h ****  * www.apache.org/licenses/LICENSE-2.0
  17:Drivers/CMSIS/Include/cmsis_gcc.h ****  *
  18:Drivers/CMSIS/Include/cmsis_gcc.h ****  * Unless required by applicable law or agreed to in writing, software
  19:Drivers/CMSIS/Include/cmsis_gcc.h ****  * distributed under the License is distributed on an AS IS BASIS, WITHOUT
  20:Drivers/CMSIS/Include/cmsis_gcc.h ****  * WARRANTIES OR CONDITIONS OF ANY KIND, either express or implied.
  21:Drivers/CMSIS/Include/cmsis_gcc.h ****  * See the License for the specific language governing permissions and
  22:Drivers/CMSIS/Include/cmsis_gcc.h ****  * limitations under the License.
  23:Drivers/CMSIS/Include/cmsis_gcc.h ****  */
  24:Drivers/CMSIS/Include/cmsis_gcc.h **** 
  25:Drivers/CMSIS/Include/cmsis_gcc.h **** #ifndef __CMSIS_GCC_H
  26:Drivers/CMSIS/Include/cmsis_gcc.h **** #define __CMSIS_GCC_H
  27:Drivers/CMSIS/Include/cmsis_gcc.h **** 
  28:Drivers/CMSIS/Include/cmsis_gcc.h **** /* ignore some GCC warnings */
  29:Drivers/CMSIS/Include/cmsis_gcc.h **** #pragma GCC diagnostic push
  30:Drivers/CMSIS/Include/cmsis_gcc.h **** #pragma GCC diagnostic ignored "-Wsign-conversion"
  31:Drivers/CMSIS/Include/cmsis_gcc.h **** #pragma GCC diagnostic ignored "-Wconversion"
  32:Drivers/CMSIS/Include/cmsis_gcc.h **** #pragma GCC diagnostic ignored "-Wunused-parameter"
  33:Drivers/CMSIS/Include/cmsis_gcc.h **** 
  34:Drivers/CMSIS/Include/cmsis_gcc.h **** /* Fallback for __has_builtin */
  35:Drivers/CMSIS/Include/cmsis_gcc.h **** #ifndef __has_builtin
  36:Drivers/CMSIS/Include/cmsis_gcc.h ****   #define __has_builtin(x) (0)
  37:Drivers/CMSIS/Include/cmsis_gcc.h **** #endif
  38:Drivers/CMSIS/Include/cmsis_gcc.h **** 
  39:Drivers/CMSIS/Include/cmsis_gcc.h **** /* CMSIS compiler specific defines */
  40:Drivers/CMSIS/Include/cmsis_gcc.h **** #ifndef   __ASM
  41:Drivers/CMSIS/Include/cmsis_gcc.h ****   #define __ASM                                  __asm
  42:Drivers/CMSIS/Include/cmsis_gcc.h **** #endif
  43:Drivers/CMSIS/Include/cmsis_gcc.h **** #ifndef   __INLINE
  44:Drivers/CMSIS/Include/cmsis_gcc.h ****   #define __INLINE                               inline
  45:Drivers/CMSIS/Include/cmsis_gcc.h **** #endif
  46:Drivers/CMSIS/Include/cmsis_gcc.h **** #ifndef   __STATIC_INLINE
  47:Drivers/CMSIS/Include/cmsis_gcc.h ****   #define __STATIC_INLINE                        static inline
  48:Drivers/CMSIS/Include/cmsis_gcc.h **** #endif
  49:Drivers/CMSIS/Include/cmsis_gcc.h **** #ifndef   __STATIC_FORCEINLINE                 
  50:Drivers/CMSIS/Include/cmsis_gcc.h ****   #define __STATIC_FORCEINLINE                   __attribute__((always_inline)) static inline
  51:Drivers/CMSIS/Include/cmsis_gcc.h **** #endif                                           
  52:Drivers/CMSIS/Include/cmsis_gcc.h **** #ifndef   __NO_RETURN
  53:Drivers/CMSIS/Include/cmsis_gcc.h ****   #define __NO_RETURN                            __attribute__((__noreturn__))
  54:Drivers/CMSIS/Include/cmsis_gcc.h **** #endif
  55:Drivers/CMSIS/Include/cmsis_gcc.h **** #ifndef   __USED
  56:Drivers/CMSIS/Include/cmsis_gcc.h ****   #define __USED                                 __attribute__((used))
ARM GAS  C:\Users\fastr\AppData\Local\Temp\ccGOSKck.s 			page 17


  57:Drivers/CMSIS/Include/cmsis_gcc.h **** #endif
  58:Drivers/CMSIS/Include/cmsis_gcc.h **** #ifndef   __WEAK
  59:Drivers/CMSIS/Include/cmsis_gcc.h ****   #define __WEAK                                 __attribute__((weak))
  60:Drivers/CMSIS/Include/cmsis_gcc.h **** #endif
  61:Drivers/CMSIS/Include/cmsis_gcc.h **** #ifndef   __PACKED
  62:Drivers/CMSIS/Include/cmsis_gcc.h ****   #define __PACKED                               __attribute__((packed, aligned(1)))
  63:Drivers/CMSIS/Include/cmsis_gcc.h **** #endif
  64:Drivers/CMSIS/Include/cmsis_gcc.h **** #ifndef   __PACKED_STRUCT
  65:Drivers/CMSIS/Include/cmsis_gcc.h ****   #define __PACKED_STRUCT                        struct __attribute__((packed, aligned(1)))
  66:Drivers/CMSIS/Include/cmsis_gcc.h **** #endif
  67:Drivers/CMSIS/Include/cmsis_gcc.h **** #ifndef   __PACKED_UNION
  68:Drivers/CMSIS/Include/cmsis_gcc.h ****   #define __PACKED_UNION                         union __attribute__((packed, aligned(1)))
  69:Drivers/CMSIS/Include/cmsis_gcc.h **** #endif
  70:Drivers/CMSIS/Include/cmsis_gcc.h **** #ifndef   __UNALIGNED_UINT32        /* deprecated */
  71:Drivers/CMSIS/Include/cmsis_gcc.h ****   #pragma GCC diagnostic push
  72:Drivers/CMSIS/Include/cmsis_gcc.h ****   #pragma GCC diagnostic ignored "-Wpacked"
  73:Drivers/CMSIS/Include/cmsis_gcc.h ****   #pragma GCC diagnostic ignored "-Wattributes"
  74:Drivers/CMSIS/Include/cmsis_gcc.h ****   struct __attribute__((packed)) T_UINT32 { uint32_t v; };
  75:Drivers/CMSIS/Include/cmsis_gcc.h ****   #pragma GCC diagnostic pop
  76:Drivers/CMSIS/Include/cmsis_gcc.h ****   #define __UNALIGNED_UINT32(x)                  (((struct T_UINT32 *)(x))->v)
  77:Drivers/CMSIS/Include/cmsis_gcc.h **** #endif
  78:Drivers/CMSIS/Include/cmsis_gcc.h **** #ifndef   __UNALIGNED_UINT16_WRITE
  79:Drivers/CMSIS/Include/cmsis_gcc.h ****   #pragma GCC diagnostic push
  80:Drivers/CMSIS/Include/cmsis_gcc.h ****   #pragma GCC diagnostic ignored "-Wpacked"
  81:Drivers/CMSIS/Include/cmsis_gcc.h ****   #pragma GCC diagnostic ignored "-Wattributes"
  82:Drivers/CMSIS/Include/cmsis_gcc.h ****   __PACKED_STRUCT T_UINT16_WRITE { uint16_t v; };
  83:Drivers/CMSIS/Include/cmsis_gcc.h ****   #pragma GCC diagnostic pop
  84:Drivers/CMSIS/Include/cmsis_gcc.h ****   #define __UNALIGNED_UINT16_WRITE(addr, val)    (void)((((struct T_UINT16_WRITE *)(void *)(addr))-
  85:Drivers/CMSIS/Include/cmsis_gcc.h **** #endif
  86:Drivers/CMSIS/Include/cmsis_gcc.h **** #ifndef   __UNALIGNED_UINT16_READ
  87:Drivers/CMSIS/Include/cmsis_gcc.h ****   #pragma GCC diagnostic push
  88:Drivers/CMSIS/Include/cmsis_gcc.h ****   #pragma GCC diagnostic ignored "-Wpacked"
  89:Drivers/CMSIS/Include/cmsis_gcc.h ****   #pragma GCC diagnostic ignored "-Wattributes"
  90:Drivers/CMSIS/Include/cmsis_gcc.h ****   __PACKED_STRUCT T_UINT16_READ { uint16_t v; };
  91:Drivers/CMSIS/Include/cmsis_gcc.h ****   #pragma GCC diagnostic pop
  92:Drivers/CMSIS/Include/cmsis_gcc.h ****   #define __UNALIGNED_UINT16_READ(addr)          (((const struct T_UINT16_READ *)(const void *)(add
  93:Drivers/CMSIS/Include/cmsis_gcc.h **** #endif
  94:Drivers/CMSIS/Include/cmsis_gcc.h **** #ifndef   __UNALIGNED_UINT32_WRITE
  95:Drivers/CMSIS/Include/cmsis_gcc.h ****   #pragma GCC diagnostic push
  96:Drivers/CMSIS/Include/cmsis_gcc.h ****   #pragma GCC diagnostic ignored "-Wpacked"
  97:Drivers/CMSIS/Include/cmsis_gcc.h ****   #pragma GCC diagnostic ignored "-Wattributes"
  98:Drivers/CMSIS/Include/cmsis_gcc.h ****   __PACKED_STRUCT T_UINT32_WRITE { uint32_t v; };
  99:Drivers/CMSIS/Include/cmsis_gcc.h ****   #pragma GCC diagnostic pop
 100:Drivers/CMSIS/Include/cmsis_gcc.h ****   #define __UNALIGNED_UINT32_WRITE(addr, val)    (void)((((struct T_UINT32_WRITE *)(void *)(addr))-
 101:Drivers/CMSIS/Include/cmsis_gcc.h **** #endif
 102:Drivers/CMSIS/Include/cmsis_gcc.h **** #ifndef   __UNALIGNED_UINT32_READ
 103:Drivers/CMSIS/Include/cmsis_gcc.h ****   #pragma GCC diagnostic push
 104:Drivers/CMSIS/Include/cmsis_gcc.h ****   #pragma GCC diagnostic ignored "-Wpacked"
 105:Drivers/CMSIS/Include/cmsis_gcc.h ****   #pragma GCC diagnostic ignored "-Wattributes"
 106:Drivers/CMSIS/Include/cmsis_gcc.h ****   __PACKED_STRUCT T_UINT32_READ { uint32_t v; };
 107:Drivers/CMSIS/Include/cmsis_gcc.h ****   #pragma GCC diagnostic pop
 108:Drivers/CMSIS/Include/cmsis_gcc.h ****   #define __UNALIGNED_UINT32_READ(addr)          (((const struct T_UINT32_READ *)(const void *)(add
 109:Drivers/CMSIS/Include/cmsis_gcc.h **** #endif
 110:Drivers/CMSIS/Include/cmsis_gcc.h **** #ifndef   __ALIGNED
 111:Drivers/CMSIS/Include/cmsis_gcc.h ****   #define __ALIGNED(x)                           __attribute__((aligned(x)))
 112:Drivers/CMSIS/Include/cmsis_gcc.h **** #endif
 113:Drivers/CMSIS/Include/cmsis_gcc.h **** #ifndef   __RESTRICT
ARM GAS  C:\Users\fastr\AppData\Local\Temp\ccGOSKck.s 			page 18


 114:Drivers/CMSIS/Include/cmsis_gcc.h ****   #define __RESTRICT                             __restrict
 115:Drivers/CMSIS/Include/cmsis_gcc.h **** #endif
 116:Drivers/CMSIS/Include/cmsis_gcc.h **** 
 117:Drivers/CMSIS/Include/cmsis_gcc.h **** 
 118:Drivers/CMSIS/Include/cmsis_gcc.h **** /* ###########################  Core Function Access  ########################### */
 119:Drivers/CMSIS/Include/cmsis_gcc.h **** /** \ingroup  CMSIS_Core_FunctionInterface
 120:Drivers/CMSIS/Include/cmsis_gcc.h ****     \defgroup CMSIS_Core_RegAccFunctions CMSIS Core Register Access Functions
 121:Drivers/CMSIS/Include/cmsis_gcc.h ****   @{
 122:Drivers/CMSIS/Include/cmsis_gcc.h ****  */
 123:Drivers/CMSIS/Include/cmsis_gcc.h **** 
 124:Drivers/CMSIS/Include/cmsis_gcc.h **** /**
 125:Drivers/CMSIS/Include/cmsis_gcc.h ****   \brief   Enable IRQ Interrupts
 126:Drivers/CMSIS/Include/cmsis_gcc.h ****   \details Enables IRQ interrupts by clearing the I-bit in the CPSR.
 127:Drivers/CMSIS/Include/cmsis_gcc.h ****            Can only be executed in Privileged modes.
 128:Drivers/CMSIS/Include/cmsis_gcc.h ****  */
 129:Drivers/CMSIS/Include/cmsis_gcc.h **** __STATIC_FORCEINLINE void __enable_irq(void)
 130:Drivers/CMSIS/Include/cmsis_gcc.h **** {
 131:Drivers/CMSIS/Include/cmsis_gcc.h ****   __ASM volatile ("cpsie i" : : : "memory");
 132:Drivers/CMSIS/Include/cmsis_gcc.h **** }
 133:Drivers/CMSIS/Include/cmsis_gcc.h **** 
 134:Drivers/CMSIS/Include/cmsis_gcc.h **** 
 135:Drivers/CMSIS/Include/cmsis_gcc.h **** /**
 136:Drivers/CMSIS/Include/cmsis_gcc.h ****   \brief   Disable IRQ Interrupts
 137:Drivers/CMSIS/Include/cmsis_gcc.h ****   \details Disables IRQ interrupts by setting the I-bit in the CPSR.
 138:Drivers/CMSIS/Include/cmsis_gcc.h ****            Can only be executed in Privileged modes.
 139:Drivers/CMSIS/Include/cmsis_gcc.h ****  */
 140:Drivers/CMSIS/Include/cmsis_gcc.h **** __STATIC_FORCEINLINE void __disable_irq(void)
 452              		.loc 2 140 27 view .LVU119
 453              	.LBB13:
 141:Drivers/CMSIS/Include/cmsis_gcc.h **** {
 142:Drivers/CMSIS/Include/cmsis_gcc.h ****   __ASM volatile ("cpsid i" : : : "memory");
 454              		.loc 2 142 3 view .LVU120
 455              		.syntax divided
 456              	@ 142 "Drivers/CMSIS/Include/cmsis_gcc.h" 1
 457 0000 72B6     		cpsid i
 458              	@ 0 "" 2
 459              		.thumb
 460              		.syntax unified
 461              	.L26:
 462              	.LBE13:
 463              	.LBE12:
 396:Core/Src/main.c ****   while (1)
 464              		.loc 1 396 3 view .LVU121
 397:Core/Src/main.c ****   {
 398:Core/Src/main.c ****   }
 465              		.loc 1 398 3 view .LVU122
 396:Core/Src/main.c ****   while (1)
 466              		.loc 1 396 9 view .LVU123
 467 0002 FEE7     		b	.L26
 468              		.cfi_endproc
 469              	.LFE48:
 471              		.section	.text.SystemClock_Config,"ax",%progbits
 472              		.align	1
 473              		.global	SystemClock_Config
 474              		.syntax unified
 475              		.code	16
 476              		.thumb_func
ARM GAS  C:\Users\fastr\AppData\Local\Temp\ccGOSKck.s 			page 19


 478              	SystemClock_Config:
 479              	.LFB47:
 365:Core/Src/main.c ****   RCC_OscInitTypeDef RCC_OscInitStruct = {0};
 480              		.loc 1 365 1 view -0
 481              		.cfi_startproc
 482              		@ args = 0, pretend = 0, frame = 64
 483              		@ frame_needed = 0, uses_anonymous_args = 0
 484 0000 10B5     		push	{r4, lr}
 485              		.cfi_def_cfa_offset 8
 486              		.cfi_offset 4, -8
 487              		.cfi_offset 14, -4
 488 0002 90B0     		sub	sp, sp, #64
 489              		.cfi_def_cfa_offset 72
 366:Core/Src/main.c ****   RCC_ClkInitTypeDef RCC_ClkInitStruct = {0};
 490              		.loc 1 366 3 view .LVU125
 366:Core/Src/main.c ****   RCC_ClkInitTypeDef RCC_ClkInitStruct = {0};
 491              		.loc 1 366 22 is_stmt 0 view .LVU126
 492 0004 04AC     		add	r4, sp, #16
 493 0006 3022     		movs	r2, #48
 494 0008 0021     		movs	r1, #0
 495 000a 2000     		movs	r0, r4
 496 000c FFF7FEFF 		bl	memset
 497              	.LVL30:
 367:Core/Src/main.c **** 
 498              		.loc 1 367 3 is_stmt 1 view .LVU127
 367:Core/Src/main.c **** 
 499              		.loc 1 367 22 is_stmt 0 view .LVU128
 500 0010 1022     		movs	r2, #16
 501 0012 0021     		movs	r1, #0
 502 0014 6846     		mov	r0, sp
 503 0016 FFF7FEFF 		bl	memset
 504              	.LVL31:
 369:Core/Src/main.c ****   RCC_OscInitStruct.HSIState = RCC_HSI_ON;
 505              		.loc 1 369 3 is_stmt 1 view .LVU129
 369:Core/Src/main.c ****   RCC_OscInitStruct.HSIState = RCC_HSI_ON;
 506              		.loc 1 369 36 is_stmt 0 view .LVU130
 507 001a 0223     		movs	r3, #2
 508 001c 0493     		str	r3, [sp, #16]
 370:Core/Src/main.c ****   RCC_OscInitStruct.HSICalibrationValue = RCC_HSICALIBRATION_DEFAULT;
 509              		.loc 1 370 3 is_stmt 1 view .LVU131
 370:Core/Src/main.c ****   RCC_OscInitStruct.HSICalibrationValue = RCC_HSICALIBRATION_DEFAULT;
 510              		.loc 1 370 30 is_stmt 0 view .LVU132
 511 001e 013B     		subs	r3, r3, #1
 512 0020 0793     		str	r3, [sp, #28]
 371:Core/Src/main.c ****   RCC_OscInitStruct.PLL.PLLState = RCC_PLL_NONE;
 513              		.loc 1 371 3 is_stmt 1 view .LVU133
 371:Core/Src/main.c ****   RCC_OscInitStruct.PLL.PLLState = RCC_PLL_NONE;
 514              		.loc 1 371 41 is_stmt 0 view .LVU134
 515 0022 0F33     		adds	r3, r3, #15
 516 0024 0893     		str	r3, [sp, #32]
 372:Core/Src/main.c ****   if (HAL_RCC_OscConfig(&RCC_OscInitStruct) != HAL_OK)
 517              		.loc 1 372 3 is_stmt 1 view .LVU135
 373:Core/Src/main.c ****   {
 518              		.loc 1 373 3 view .LVU136
 373:Core/Src/main.c ****   {
 519              		.loc 1 373 7 is_stmt 0 view .LVU137
 520 0026 2000     		movs	r0, r4
ARM GAS  C:\Users\fastr\AppData\Local\Temp\ccGOSKck.s 			page 20


 521 0028 FFF7FEFF 		bl	HAL_RCC_OscConfig
 522              	.LVL32:
 373:Core/Src/main.c ****   {
 523              		.loc 1 373 6 discriminator 1 view .LVU138
 524 002c 0028     		cmp	r0, #0
 525 002e 0DD1     		bne	.L30
 378:Core/Src/main.c ****                               | RCC_CLOCKTYPE_PCLK1;
 526              		.loc 1 378 3 is_stmt 1 view .LVU139
 378:Core/Src/main.c ****                               | RCC_CLOCKTYPE_PCLK1;
 527              		.loc 1 378 31 is_stmt 0 view .LVU140
 528 0030 6846     		mov	r0, sp
 529 0032 0723     		movs	r3, #7
 530 0034 0093     		str	r3, [sp]
 380:Core/Src/main.c ****   RCC_ClkInitStruct.AHBCLKDivider = RCC_SYSCLK_DIV1;
 531              		.loc 1 380 3 is_stmt 1 view .LVU141
 380:Core/Src/main.c ****   RCC_ClkInitStruct.AHBCLKDivider = RCC_SYSCLK_DIV1;
 532              		.loc 1 380 34 is_stmt 0 view .LVU142
 533 0036 0023     		movs	r3, #0
 534 0038 0193     		str	r3, [sp, #4]
 381:Core/Src/main.c ****   RCC_ClkInitStruct.APB1CLKDivider = RCC_HCLK_DIV1;
 535              		.loc 1 381 3 is_stmt 1 view .LVU143
 381:Core/Src/main.c ****   RCC_ClkInitStruct.APB1CLKDivider = RCC_HCLK_DIV1;
 536              		.loc 1 381 35 is_stmt 0 view .LVU144
 537 003a 0293     		str	r3, [sp, #8]
 382:Core/Src/main.c **** 
 538              		.loc 1 382 3 is_stmt 1 view .LVU145
 382:Core/Src/main.c **** 
 539              		.loc 1 382 36 is_stmt 0 view .LVU146
 540 003c 0393     		str	r3, [sp, #12]
 384:Core/Src/main.c ****   {
 541              		.loc 1 384 3 is_stmt 1 view .LVU147
 384:Core/Src/main.c ****   {
 542              		.loc 1 384 7 is_stmt 0 view .LVU148
 543 003e 0021     		movs	r1, #0
 544 0040 FFF7FEFF 		bl	HAL_RCC_ClockConfig
 545              	.LVL33:
 384:Core/Src/main.c ****   {
 546              		.loc 1 384 6 discriminator 1 view .LVU149
 547 0044 0028     		cmp	r0, #0
 548 0046 03D1     		bne	.L31
 388:Core/Src/main.c **** 
 549              		.loc 1 388 1 view .LVU150
 550 0048 10B0     		add	sp, sp, #64
 551              		@ sp needed
 552 004a 10BD     		pop	{r4, pc}
 553              	.L30:
 375:Core/Src/main.c ****   }
 554              		.loc 1 375 5 is_stmt 1 view .LVU151
 555 004c FFF7FEFF 		bl	Error_Handler
 556              	.LVL34:
 557              	.L31:
 386:Core/Src/main.c ****   }
 558              		.loc 1 386 5 view .LVU152
 559 0050 FFF7FEFF 		bl	Error_Handler
 560              	.LVL35:
 561              		.cfi_endproc
 562              	.LFE47:
ARM GAS  C:\Users\fastr\AppData\Local\Temp\ccGOSKck.s 			page 21


 564              		.section	.text.main,"ax",%progbits
 565              		.align	1
 566              		.global	main
 567              		.syntax unified
 568              		.code	16
 569              		.thumb_func
 571              	main:
 572              	.LFB46:
 292:Core/Src/main.c ****   /* MCU Configuration -------------------------------------------------------*/
 573              		.loc 1 292 1 view -0
 574              		.cfi_startproc
 575              		@ args = 0, pretend = 0, frame = 8
 576              		@ frame_needed = 0, uses_anonymous_args = 0
 577 0000 30B5     		push	{r4, r5, lr}
 578              		.cfi_def_cfa_offset 12
 579              		.cfi_offset 4, -12
 580              		.cfi_offset 5, -8
 581              		.cfi_offset 14, -4
 582 0002 83B0     		sub	sp, sp, #12
 583              		.cfi_def_cfa_offset 24
 294:Core/Src/main.c ****   SystemClock_Config();
 584              		.loc 1 294 3 view .LVU154
 585 0004 FFF7FEFF 		bl	HAL_Init
 586              	.LVL36:
 295:Core/Src/main.c **** 
 587              		.loc 1 295 3 view .LVU155
 588 0008 FFF7FEFF 		bl	SystemClock_Config
 589              	.LVL37:
 298:Core/Src/main.c ****   timing_timer_init();
 590              		.loc 1 298 3 view .LVU156
 591 000c FFF7FEFF 		bl	gpio_init
 592              	.LVL38:
 299:Core/Src/main.c **** 
 593              		.loc 1 299 3 view .LVU157
 594 0010 FFF7FEFF 		bl	timing_timer_init
 595              	.LVL39:
 302:Core/Src/main.c ****   for (int i = 0; i < 10; i++)
 596              		.loc 1 302 3 view .LVU158
 302:Core/Src/main.c ****   for (int i = 0; i < 10; i++)
 597              		.loc 1 302 12 is_stmt 0 view .LVU159
 598 0014 1F4B     		ldr	r3, .L43
 599 0016 0122     		movs	r2, #1
 600 0018 1A70     		strb	r2, [r3]
 303:Core/Src/main.c ****   {
 601              		.loc 1 303 3 is_stmt 1 view .LVU160
 602              	.LBB14:
 303:Core/Src/main.c ****   {
 603              		.loc 1 303 8 view .LVU161
 604              	.LVL40:
 303:Core/Src/main.c ****   {
 605              		.loc 1 303 12 is_stmt 0 view .LVU162
 606 001a 0024     		movs	r4, #0
 607              	.LVL41:
 608              	.L33:
 303:Core/Src/main.c ****   {
 609              		.loc 1 303 21 is_stmt 1 discriminator 1 view .LVU163
 610 001c 092C     		cmp	r4, #9
ARM GAS  C:\Users\fastr\AppData\Local\Temp\ccGOSKck.s 			page 22


 611 001e 0DDC     		bgt	.L35
 305:Core/Src/main.c ****       {
 612              		.loc 1 305 7 view .LVU164
 305:Core/Src/main.c ****       {
 613              		.loc 1 305 30 is_stmt 0 view .LVU165
 614 0020 1D4B     		ldr	r3, .L43+4
 615 0022 A500     		lsls	r5, r4, #2
 616 0024 E858     		ldr	r0, [r5, r3]
 305:Core/Src/main.c ****       {
 617              		.loc 1 305 11 view .LVU166
 618 0026 FFF7FEFF 		bl	isqrt
 619              	.LVL42:
 305:Core/Src/main.c ****       {
 620              		.loc 1 305 52 discriminator 1 view .LVU167
 621 002a 1C4B     		ldr	r3, .L43+8
 622 002c EB58     		ldr	r3, [r5, r3]
 305:Core/Src/main.c ****       {
 623              		.loc 1 305 10 discriminator 1 view .LVU168
 624 002e 9842     		cmp	r0, r3
 625 0030 01D1     		bne	.L42
 303:Core/Src/main.c ****   {
 626              		.loc 1 303 28 is_stmt 1 discriminator 2 view .LVU169
 627 0032 0134     		adds	r4, r4, #1
 628              	.LVL43:
 303:Core/Src/main.c ****   {
 629              		.loc 1 303 28 is_stmt 0 discriminator 2 view .LVU170
 630 0034 F2E7     		b	.L33
 631              	.LVL44:
 632              	.L42:
 307:Core/Src/main.c ****           break;
 633              		.loc 1 307 11 is_stmt 1 view .LVU171
 307:Core/Src/main.c ****           break;
 634              		.loc 1 307 20 is_stmt 0 view .LVU172
 635 0036 174B     		ldr	r3, .L43
 636 0038 0022     		movs	r2, #0
 637 003a 1A70     		strb	r2, [r3]
 308:Core/Src/main.c ****       }
 638              		.loc 1 308 11 is_stmt 1 view .LVU173
 639              	.L35:
 640              	.LBE14:
 317:Core/Src/main.c ****   {
 641              		.loc 1 317 3 view .LVU174
 317:Core/Src/main.c ****   {
 642              		.loc 1 317 7 is_stmt 0 view .LVU175
 643 003c 154B     		ldr	r3, .L43
 644 003e 1B78     		ldrb	r3, [r3]
 317:Core/Src/main.c ****   {
 645              		.loc 1 317 6 view .LVU176
 646 0040 002B     		cmp	r3, #0
 647 0042 23D0     		beq	.L37
 319:Core/Src/main.c ****   }
 648              		.loc 1 319 7 is_stmt 1 view .LVU177
 319:Core/Src/main.c ****   }
 649              		.loc 1 319 19 is_stmt 0 view .LVU178
 650 0044 164B     		ldr	r3, .L43+12
 651 0046 0222     		movs	r2, #2
 652 0048 9A61     		str	r2, [r3, #24]
ARM GAS  C:\Users\fastr\AppData\Local\Temp\ccGOSKck.s 			page 23


 653              	.LVL45:
 654              	.L41:
 330:Core/Src/main.c ****   {
 655              		.loc 1 330 3 is_stmt 1 view .LVU179
 335:Core/Src/main.c **** 
 656              		.loc 1 335 5 view .LVU180
 335:Core/Src/main.c **** 
 657              		.loc 1 335 24 is_stmt 0 view .LVU181
 658 004a 164C     		ldr	r4, .L43+16
 659 004c 2000     		movs	r0, r4
 660 004e FFF7FEFF 		bl	time_one_call
 661              	.LVL46:
 335:Core/Src/main.c **** 
 662              		.loc 1 335 22 discriminator 1 view .LVU182
 663 0052 154B     		ldr	r3, .L43+20
 664 0054 1860     		str	r0, [r3]
 348:Core/Src/main.c ****     mean_us_per_call = ((float)long_run_span * (float)10u)
 665              		.loc 1 348 5 is_stmt 1 view .LVU183
 348:Core/Src/main.c ****     mean_us_per_call = ((float)long_run_span * (float)10u)
 666              		.loc 1 348 24 is_stmt 0 view .LVU184
 667 0056 1549     		ldr	r1, .L43+24
 668 0058 2000     		movs	r0, r4
 669 005a FFF7FEFF 		bl	time_n_calls
 670              	.LVL47:
 348:Core/Src/main.c ****     mean_us_per_call = ((float)long_run_span * (float)10u)
 671              		.loc 1 348 22 discriminator 1 view .LVU185
 672 005e 144B     		ldr	r3, .L43+28
 673 0060 1860     		str	r0, [r3]
 349:Core/Src/main.c ****                        / (float)LONG_RUN_N;
 674              		.loc 1 349 5 is_stmt 1 view .LVU186
 349:Core/Src/main.c ****                        / (float)LONG_RUN_N;
 675              		.loc 1 349 25 is_stmt 0 view .LVU187
 676 0062 1868     		ldr	r0, [r3]
 677 0064 FFF7FEFF 		bl	__aeabi_ui2f
 678              	.LVL48:
 349:Core/Src/main.c ****                        / (float)LONG_RUN_N;
 679              		.loc 1 349 46 view .LVU188
 680 0068 1249     		ldr	r1, .L43+32
 681 006a FFF7FEFF 		bl	__aeabi_fmul
 682              	.LVL49:
 350:Core/Src/main.c **** 
 683              		.loc 1 350 24 view .LVU189
 684 006e 1249     		ldr	r1, .L43+36
 685 0070 FFF7FEFF 		bl	__aeabi_fdiv
 686              	.LVL50:
 349:Core/Src/main.c ****                        / (float)LONG_RUN_N;
 687              		.loc 1 349 22 view .LVU190
 688 0074 114B     		ldr	r3, .L43+40
 689 0076 1860     		str	r0, [r3]
 353:Core/Src/main.c ****     {
 690              		.loc 1 353 5 is_stmt 1 view .LVU191
 691              	.LBB15:
 353:Core/Src/main.c ****     {
 692              		.loc 1 353 10 view .LVU192
 353:Core/Src/main.c ****     {
 693              		.loc 1 353 23 is_stmt 0 view .LVU193
 694 0078 0023     		movs	r3, #0
ARM GAS  C:\Users\fastr\AppData\Local\Temp\ccGOSKck.s 			page 24


 695 007a 0193     		str	r3, [sp, #4]
 696              	.L39:
 353:Core/Src/main.c ****     {
 697              		.loc 1 353 32 is_stmt 1 discriminator 1 view .LVU194
 698 007c 019A     		ldr	r2, [sp, #4]
 699 007e 104B     		ldr	r3, .L43+44
 700 0080 9A42     		cmp	r2, r3
 701 0082 E2DC     		bgt	.L41
 355:Core/Src/main.c ****     /* USER CODE END 3 */
 702              		.loc 1 355 5 view .LVU195
 353:Core/Src/main.c ****     {
 703              		.loc 1 353 43 discriminator 3 view .LVU196
 704 0084 019B     		ldr	r3, [sp, #4]
 705 0086 0133     		adds	r3, r3, #1
 706 0088 0193     		str	r3, [sp, #4]
 707 008a F7E7     		b	.L39
 708              	.LVL51:
 709              	.L37:
 353:Core/Src/main.c ****     {
 710              		.loc 1 353 43 is_stmt 0 discriminator 3 view .LVU197
 711              	.LBE15:
 323:Core/Src/main.c ****   }
 712              		.loc 1 323 7 is_stmt 1 view .LVU198
 323:Core/Src/main.c ****   }
 713              		.loc 1 323 18 is_stmt 0 view .LVU199
 714 008c 044B     		ldr	r3, .L43+12
 715 008e 0222     		movs	r2, #2
 716 0090 9A62     		str	r2, [r3, #40]
 717 0092 DAE7     		b	.L41
 718              	.L44:
 719              		.align	2
 720              	.L43:
 721 0094 00000000 		.word	pass_all
 722 0098 00000000 		.word	golden_inputs
 723 009c 00000000 		.word	golden_outputs
 724 00a0 00040048 		.word	1207960576
 725 00a4 B168DE3A 		.word	987654321
 726 00a8 00000000 		.word	single_call_span
 727 00ac 204E0000 		.word	20000
 728 00b0 00000000 		.word	long_run_span
 729 00b4 00002041 		.word	1092616192
 730 00b8 00409C46 		.word	1184645120
 731 00bc 00000000 		.word	mean_us_per_call
 732 00c0 9F860100 		.word	99999
 733              		.cfi_endproc
 734              	.LFE46:
 736              		.section	.bss.sink,"aw",%nobits
 737              		.align	2
 740              	sink:
 741 0000 00000000 		.space	4
 742              		.global	mean_us_per_call
 743              		.section	.bss.mean_us_per_call,"aw",%nobits
 744              		.align	2
 747              	mean_us_per_call:
 748 0000 00000000 		.space	4
 749              		.global	long_run_span
 750              		.section	.bss.long_run_span,"aw",%nobits
ARM GAS  C:\Users\fastr\AppData\Local\Temp\ccGOSKck.s 			page 25


 751              		.align	2
 754              	long_run_span:
 755 0000 00000000 		.space	4
 756              		.global	single_call_span
 757              		.section	.bss.single_call_span,"aw",%nobits
 758              		.align	2
 761              	single_call_span:
 762 0000 00000000 		.space	4
 763              		.global	pass_all
 764              		.section	.bss.pass_all,"aw",%nobits
 767              	pass_all:
 768 0000 00       		.space	1
 769              		.section	.rodata.golden_outputs,"a"
 770              		.align	2
 773              	golden_outputs:
 774 0000 00000000 		.word	0
 775 0004 01000000 		.word	1
 776 0008 03000000 		.word	3
 777 000c 04000000 		.word	4
 778 0010 40000000 		.word	64
 779 0014 FF000000 		.word	255
 780 0018 672B0000 		.word	11111
 781 001c C27A0000 		.word	31426
 782 0020 FFFF0000 		.word	65535
 783 0024 FFFF0000 		.word	65535
 784              		.section	.rodata.golden_inputs,"a"
 785              		.align	2
 788              	golden_inputs:
 789 0000 00000000 		.word	0
 790 0004 01000000 		.word	1
 791 0008 0F000000 		.word	15
 792 000c 10000000 		.word	16
 793 0010 FF0F0000 		.word	4095
 794 0014 FFFF0000 		.word	65535
 795 0018 15CD5B07 		.word	123456789
 796 001c B168DE3A 		.word	987654321
 797 0020 0100FEFF 		.word	-131071
 798 0024 FFFFFFFF 		.word	-1
 799              		.text
 800              	.Letext0:
 801              		.file 3 "C:/Users/fastr/AppData/Roaming/Code/User/globalStorage/bmd.stm32-for-vscode/@xpack-dev-to
 802              		.file 4 "C:/Users/fastr/AppData/Roaming/Code/User/globalStorage/bmd.stm32-for-vscode/@xpack-dev-to
 803              		.file 5 "Drivers/CMSIS/Device/ST/STM32F0xx/Include/stm32f051x8.h"
 804              		.file 6 "Drivers/STM32F0xx_HAL_Driver/Inc/stm32f0xx_hal_def.h"
 805              		.file 7 "Drivers/STM32F0xx_HAL_Driver/Inc/stm32f0xx_hal_rcc.h"
 806              		.file 8 "Drivers/STM32F0xx_HAL_Driver/Inc/stm32f0xx_hal.h"
 807              		.file 9 "<built-in>"
ARM GAS  C:\Users\fastr\AppData\Local\Temp\ccGOSKck.s 			page 26


DEFINED SYMBOLS
                            *ABS*:00000000 main.c
C:\Users\fastr\AppData\Local\Temp\ccGOSKck.s:19     .text.gpio_init:00000000 $t
C:\Users\fastr\AppData\Local\Temp\ccGOSKck.s:24     .text.gpio_init:00000000 gpio_init
C:\Users\fastr\AppData\Local\Temp\ccGOSKck.s:86     .text.gpio_init:00000040 $d
C:\Users\fastr\AppData\Local\Temp\ccGOSKck.s:94     .text.timing_timer_init:00000000 $t
C:\Users\fastr\AppData\Local\Temp\ccGOSKck.s:99     .text.timing_timer_init:00000000 timing_timer_init
C:\Users\fastr\AppData\Local\Temp\ccGOSKck.s:143    .text.timing_timer_init:00000028 $d
C:\Users\fastr\AppData\Local\Temp\ccGOSKck.s:150    .text.isqrt:00000000 $t
C:\Users\fastr\AppData\Local\Temp\ccGOSKck.s:155    .text.isqrt:00000000 isqrt
C:\Users\fastr\AppData\Local\Temp\ccGOSKck.s:254    .text.isqrt:0000003c $d
C:\Users\fastr\AppData\Local\Temp\ccGOSKck.s:259    .text.time_one_call:00000000 $t
C:\Users\fastr\AppData\Local\Temp\ccGOSKck.s:264    .text.time_one_call:00000000 time_one_call
C:\Users\fastr\AppData\Local\Temp\ccGOSKck.s:326    .text.time_one_call:00000024 $d
C:\Users\fastr\AppData\Local\Temp\ccGOSKck.s:740    .bss.sink:00000000 sink
C:\Users\fastr\AppData\Local\Temp\ccGOSKck.s:333    .text.time_n_calls:00000000 $t
C:\Users\fastr\AppData\Local\Temp\ccGOSKck.s:338    .text.time_n_calls:00000000 time_n_calls
C:\Users\fastr\AppData\Local\Temp\ccGOSKck.s:427    .text.time_n_calls:0000003c $d
C:\Users\fastr\AppData\Local\Temp\ccGOSKck.s:434    .text.Error_Handler:00000000 $t
C:\Users\fastr\AppData\Local\Temp\ccGOSKck.s:440    .text.Error_Handler:00000000 Error_Handler
C:\Users\fastr\AppData\Local\Temp\ccGOSKck.s:472    .text.SystemClock_Config:00000000 $t
C:\Users\fastr\AppData\Local\Temp\ccGOSKck.s:478    .text.SystemClock_Config:00000000 SystemClock_Config
C:\Users\fastr\AppData\Local\Temp\ccGOSKck.s:565    .text.main:00000000 $t
C:\Users\fastr\AppData\Local\Temp\ccGOSKck.s:571    .text.main:00000000 main
C:\Users\fastr\AppData\Local\Temp\ccGOSKck.s:721    .text.main:00000094 $d
C:\Users\fastr\AppData\Local\Temp\ccGOSKck.s:767    .bss.pass_all:00000000 pass_all
C:\Users\fastr\AppData\Local\Temp\ccGOSKck.s:788    .rodata.golden_inputs:00000000 golden_inputs
C:\Users\fastr\AppData\Local\Temp\ccGOSKck.s:773    .rodata.golden_outputs:00000000 golden_outputs
C:\Users\fastr\AppData\Local\Temp\ccGOSKck.s:761    .bss.single_call_span:00000000 single_call_span
C:\Users\fastr\AppData\Local\Temp\ccGOSKck.s:754    .bss.long_run_span:00000000 long_run_span
C:\Users\fastr\AppData\Local\Temp\ccGOSKck.s:747    .bss.mean_us_per_call:00000000 mean_us_per_call
C:\Users\fastr\AppData\Local\Temp\ccGOSKck.s:737    .bss.sink:00000000 $d
C:\Users\fastr\AppData\Local\Temp\ccGOSKck.s:744    .bss.mean_us_per_call:00000000 $d
C:\Users\fastr\AppData\Local\Temp\ccGOSKck.s:751    .bss.long_run_span:00000000 $d
C:\Users\fastr\AppData\Local\Temp\ccGOSKck.s:758    .bss.single_call_span:00000000 $d
C:\Users\fastr\AppData\Local\Temp\ccGOSKck.s:768    .bss.pass_all:00000000 $d
C:\Users\fastr\AppData\Local\Temp\ccGOSKck.s:770    .rodata.golden_outputs:00000000 $d
C:\Users\fastr\AppData\Local\Temp\ccGOSKck.s:785    .rodata.golden_inputs:00000000 $d

UNDEFINED SYMBOLS
__aeabi_lmul
memset
HAL_RCC_OscConfig
HAL_RCC_ClockConfig
HAL_Init
__aeabi_ui2f
__aeabi_fmul
__aeabi_fdiv
