ARM GAS  C:\Users\fastr\AppData\Local\Temp\ccqOszTH.s 			page 1


   1              		.cpu cortex-m0
   2              		.arch armv6s-m
   3              		.fpu softvfp
   4              		.eabi_attribute 20, 1
   5              		.eabi_attribute 21, 1
   6              		.eabi_attribute 23, 3
   7              		.eabi_attribute 24, 1
   8              		.eabi_attribute 25, 1
   9              		.eabi_attribute 26, 1
  10              		.eabi_attribute 30, 1
  11              		.eabi_attribute 34, 0
  12              		.eabi_attribute 18, 4
  13              		.file	"stm32f0xx_hal.c"
  14              		.text
  15              	.Ltext0:
  16              		.cfi_sections	.debug_frame
  17              		.file 1 "Drivers/STM32F0xx_HAL_Driver/Src/stm32f0xx_hal.c"
  18              		.section	.text.HAL_MspInit,"ax",%progbits
  19              		.align	1
  20              		.weak	HAL_MspInit
  21              		.syntax unified
  22              		.code	16
  23              		.thumb_func
  25              	HAL_MspInit:
  26              	.LFB42:
   1:Drivers/STM32F0xx_HAL_Driver/Src/stm32f0xx_hal.c **** /**
   2:Drivers/STM32F0xx_HAL_Driver/Src/stm32f0xx_hal.c ****   ******************************************************************************
   3:Drivers/STM32F0xx_HAL_Driver/Src/stm32f0xx_hal.c ****   * @file    stm32f0xx_hal.c
   4:Drivers/STM32F0xx_HAL_Driver/Src/stm32f0xx_hal.c ****   * @author  MCD Application Team
   5:Drivers/STM32F0xx_HAL_Driver/Src/stm32f0xx_hal.c ****   * @brief   HAL module driver.
   6:Drivers/STM32F0xx_HAL_Driver/Src/stm32f0xx_hal.c ****   *          This is the common part of the HAL initialization
   7:Drivers/STM32F0xx_HAL_Driver/Src/stm32f0xx_hal.c ****   *
   8:Drivers/STM32F0xx_HAL_Driver/Src/stm32f0xx_hal.c ****   ******************************************************************************
   9:Drivers/STM32F0xx_HAL_Driver/Src/stm32f0xx_hal.c ****   * @attention
  10:Drivers/STM32F0xx_HAL_Driver/Src/stm32f0xx_hal.c ****   *
  11:Drivers/STM32F0xx_HAL_Driver/Src/stm32f0xx_hal.c ****   * Copyright (c) 2016 STMicroelectronics.
  12:Drivers/STM32F0xx_HAL_Driver/Src/stm32f0xx_hal.c ****   * All rights reserved.
  13:Drivers/STM32F0xx_HAL_Driver/Src/stm32f0xx_hal.c ****   *
  14:Drivers/STM32F0xx_HAL_Driver/Src/stm32f0xx_hal.c ****   * This software is licensed under terms that can be found in the LICENSE file
  15:Drivers/STM32F0xx_HAL_Driver/Src/stm32f0xx_hal.c ****   * in the root directory of this software component.
  16:Drivers/STM32F0xx_HAL_Driver/Src/stm32f0xx_hal.c ****   * If no LICENSE file comes with this software, it is provided AS-IS.
  17:Drivers/STM32F0xx_HAL_Driver/Src/stm32f0xx_hal.c ****   *
  18:Drivers/STM32F0xx_HAL_Driver/Src/stm32f0xx_hal.c ****   ******************************************************************************
  19:Drivers/STM32F0xx_HAL_Driver/Src/stm32f0xx_hal.c ****   @verbatim
  20:Drivers/STM32F0xx_HAL_Driver/Src/stm32f0xx_hal.c ****   ==============================================================================
  21:Drivers/STM32F0xx_HAL_Driver/Src/stm32f0xx_hal.c ****                      ##### How to use this driver #####
  22:Drivers/STM32F0xx_HAL_Driver/Src/stm32f0xx_hal.c ****   ==============================================================================
  23:Drivers/STM32F0xx_HAL_Driver/Src/stm32f0xx_hal.c ****     [..]
  24:Drivers/STM32F0xx_HAL_Driver/Src/stm32f0xx_hal.c ****     The common HAL driver contains a set of generic and common APIs that can be
  25:Drivers/STM32F0xx_HAL_Driver/Src/stm32f0xx_hal.c ****     used by the PPP peripheral drivers and the user to start using the HAL. 
  26:Drivers/STM32F0xx_HAL_Driver/Src/stm32f0xx_hal.c ****     [..]
  27:Drivers/STM32F0xx_HAL_Driver/Src/stm32f0xx_hal.c ****     The HAL contains two APIs categories:
  28:Drivers/STM32F0xx_HAL_Driver/Src/stm32f0xx_hal.c ****          (+) HAL Initialization and de-initialization functions
  29:Drivers/STM32F0xx_HAL_Driver/Src/stm32f0xx_hal.c ****          (+) HAL Control functions
  30:Drivers/STM32F0xx_HAL_Driver/Src/stm32f0xx_hal.c **** 
  31:Drivers/STM32F0xx_HAL_Driver/Src/stm32f0xx_hal.c ****   @endverbatim
  32:Drivers/STM32F0xx_HAL_Driver/Src/stm32f0xx_hal.c ****   ******************************************************************************
ARM GAS  C:\Users\fastr\AppData\Local\Temp\ccqOszTH.s 			page 2


  33:Drivers/STM32F0xx_HAL_Driver/Src/stm32f0xx_hal.c ****   */
  34:Drivers/STM32F0xx_HAL_Driver/Src/stm32f0xx_hal.c **** 
  35:Drivers/STM32F0xx_HAL_Driver/Src/stm32f0xx_hal.c **** /* Includes ------------------------------------------------------------------*/
  36:Drivers/STM32F0xx_HAL_Driver/Src/stm32f0xx_hal.c **** #include "stm32f0xx_hal.h"
  37:Drivers/STM32F0xx_HAL_Driver/Src/stm32f0xx_hal.c **** 
  38:Drivers/STM32F0xx_HAL_Driver/Src/stm32f0xx_hal.c **** /** @addtogroup STM32F0xx_HAL_Driver
  39:Drivers/STM32F0xx_HAL_Driver/Src/stm32f0xx_hal.c ****   * @{
  40:Drivers/STM32F0xx_HAL_Driver/Src/stm32f0xx_hal.c ****   */
  41:Drivers/STM32F0xx_HAL_Driver/Src/stm32f0xx_hal.c **** 
  42:Drivers/STM32F0xx_HAL_Driver/Src/stm32f0xx_hal.c **** /** @defgroup HAL HAL
  43:Drivers/STM32F0xx_HAL_Driver/Src/stm32f0xx_hal.c ****   * @brief HAL module driver.
  44:Drivers/STM32F0xx_HAL_Driver/Src/stm32f0xx_hal.c ****   * @{
  45:Drivers/STM32F0xx_HAL_Driver/Src/stm32f0xx_hal.c ****   */
  46:Drivers/STM32F0xx_HAL_Driver/Src/stm32f0xx_hal.c **** 
  47:Drivers/STM32F0xx_HAL_Driver/Src/stm32f0xx_hal.c **** #ifdef HAL_MODULE_ENABLED
  48:Drivers/STM32F0xx_HAL_Driver/Src/stm32f0xx_hal.c **** 
  49:Drivers/STM32F0xx_HAL_Driver/Src/stm32f0xx_hal.c **** /* Private typedef -----------------------------------------------------------*/
  50:Drivers/STM32F0xx_HAL_Driver/Src/stm32f0xx_hal.c **** /* Private define ------------------------------------------------------------*/
  51:Drivers/STM32F0xx_HAL_Driver/Src/stm32f0xx_hal.c **** /** @defgroup HAL_Private_Constants HAL Private Constants
  52:Drivers/STM32F0xx_HAL_Driver/Src/stm32f0xx_hal.c ****   * @{
  53:Drivers/STM32F0xx_HAL_Driver/Src/stm32f0xx_hal.c ****   */
  54:Drivers/STM32F0xx_HAL_Driver/Src/stm32f0xx_hal.c **** /** 
  55:Drivers/STM32F0xx_HAL_Driver/Src/stm32f0xx_hal.c ****   * @brief STM32F0xx HAL Driver version number
  56:Drivers/STM32F0xx_HAL_Driver/Src/stm32f0xx_hal.c ****   */
  57:Drivers/STM32F0xx_HAL_Driver/Src/stm32f0xx_hal.c **** #define __STM32F0xx_HAL_VERSION_MAIN   (0x01U) /*!< [31:24] main version */
  58:Drivers/STM32F0xx_HAL_Driver/Src/stm32f0xx_hal.c **** #define __STM32F0xx_HAL_VERSION_SUB1   (0x07U) /*!< [23:16] sub1 version */
  59:Drivers/STM32F0xx_HAL_Driver/Src/stm32f0xx_hal.c **** #define __STM32F0xx_HAL_VERSION_SUB2   (0x08U) /*!< [15:8]  sub2 version */
  60:Drivers/STM32F0xx_HAL_Driver/Src/stm32f0xx_hal.c **** #define __STM32F0xx_HAL_VERSION_RC     (0x00U) /*!< [7:0]  release candidate */ 
  61:Drivers/STM32F0xx_HAL_Driver/Src/stm32f0xx_hal.c **** #define __STM32F0xx_HAL_VERSION         ((__STM32F0xx_HAL_VERSION_MAIN << 24U)\
  62:Drivers/STM32F0xx_HAL_Driver/Src/stm32f0xx_hal.c ****                                         |(__STM32F0xx_HAL_VERSION_SUB1 << 16U)\
  63:Drivers/STM32F0xx_HAL_Driver/Src/stm32f0xx_hal.c ****                                         |(__STM32F0xx_HAL_VERSION_SUB2 << 8U )\
  64:Drivers/STM32F0xx_HAL_Driver/Src/stm32f0xx_hal.c ****                                         |(__STM32F0xx_HAL_VERSION_RC))
  65:Drivers/STM32F0xx_HAL_Driver/Src/stm32f0xx_hal.c **** 
  66:Drivers/STM32F0xx_HAL_Driver/Src/stm32f0xx_hal.c **** #define IDCODE_DEVID_MASK    (0x00000FFFU)
  67:Drivers/STM32F0xx_HAL_Driver/Src/stm32f0xx_hal.c **** /**
  68:Drivers/STM32F0xx_HAL_Driver/Src/stm32f0xx_hal.c ****   * @}
  69:Drivers/STM32F0xx_HAL_Driver/Src/stm32f0xx_hal.c ****   */
  70:Drivers/STM32F0xx_HAL_Driver/Src/stm32f0xx_hal.c **** 
  71:Drivers/STM32F0xx_HAL_Driver/Src/stm32f0xx_hal.c **** /* Private macro -------------------------------------------------------------*/
  72:Drivers/STM32F0xx_HAL_Driver/Src/stm32f0xx_hal.c **** /** @defgroup HAL_Private_Macros HAL Private Macros
  73:Drivers/STM32F0xx_HAL_Driver/Src/stm32f0xx_hal.c ****   * @{
  74:Drivers/STM32F0xx_HAL_Driver/Src/stm32f0xx_hal.c ****   */
  75:Drivers/STM32F0xx_HAL_Driver/Src/stm32f0xx_hal.c **** /**
  76:Drivers/STM32F0xx_HAL_Driver/Src/stm32f0xx_hal.c ****   * @}
  77:Drivers/STM32F0xx_HAL_Driver/Src/stm32f0xx_hal.c ****   */
  78:Drivers/STM32F0xx_HAL_Driver/Src/stm32f0xx_hal.c **** 
  79:Drivers/STM32F0xx_HAL_Driver/Src/stm32f0xx_hal.c **** /* Exported variables ---------------------------------------------------------*/
  80:Drivers/STM32F0xx_HAL_Driver/Src/stm32f0xx_hal.c **** /** @defgroup HAL_Private_Variables HAL Exported Variables
  81:Drivers/STM32F0xx_HAL_Driver/Src/stm32f0xx_hal.c ****   * @{
  82:Drivers/STM32F0xx_HAL_Driver/Src/stm32f0xx_hal.c ****   */
  83:Drivers/STM32F0xx_HAL_Driver/Src/stm32f0xx_hal.c **** __IO uint32_t uwTick;
  84:Drivers/STM32F0xx_HAL_Driver/Src/stm32f0xx_hal.c **** uint32_t uwTickPrio   = (1UL << __NVIC_PRIO_BITS); /* Invalid PRIO */
  85:Drivers/STM32F0xx_HAL_Driver/Src/stm32f0xx_hal.c **** HAL_TickFreqTypeDef uwTickFreq = HAL_TICK_FREQ_DEFAULT;  /* 1KHz */
  86:Drivers/STM32F0xx_HAL_Driver/Src/stm32f0xx_hal.c **** /**
  87:Drivers/STM32F0xx_HAL_Driver/Src/stm32f0xx_hal.c ****   * @}
  88:Drivers/STM32F0xx_HAL_Driver/Src/stm32f0xx_hal.c ****   */
  89:Drivers/STM32F0xx_HAL_Driver/Src/stm32f0xx_hal.c **** /* Private function prototypes -----------------------------------------------*/
ARM GAS  C:\Users\fastr\AppData\Local\Temp\ccqOszTH.s 			page 3


  90:Drivers/STM32F0xx_HAL_Driver/Src/stm32f0xx_hal.c **** /* Exported functions ---------------------------------------------------------*/
  91:Drivers/STM32F0xx_HAL_Driver/Src/stm32f0xx_hal.c **** 
  92:Drivers/STM32F0xx_HAL_Driver/Src/stm32f0xx_hal.c **** /** @defgroup HAL_Exported_Functions HAL Exported Functions
  93:Drivers/STM32F0xx_HAL_Driver/Src/stm32f0xx_hal.c ****   * @{
  94:Drivers/STM32F0xx_HAL_Driver/Src/stm32f0xx_hal.c ****   */
  95:Drivers/STM32F0xx_HAL_Driver/Src/stm32f0xx_hal.c **** 
  96:Drivers/STM32F0xx_HAL_Driver/Src/stm32f0xx_hal.c **** /** @defgroup HAL_Exported_Functions_Group1 Initialization and de-initialization Functions 
  97:Drivers/STM32F0xx_HAL_Driver/Src/stm32f0xx_hal.c ****   * @brief    Initialization and de-initialization functions
  98:Drivers/STM32F0xx_HAL_Driver/Src/stm32f0xx_hal.c ****   *
  99:Drivers/STM32F0xx_HAL_Driver/Src/stm32f0xx_hal.c **** @verbatim
 100:Drivers/STM32F0xx_HAL_Driver/Src/stm32f0xx_hal.c ****  ===============================================================================
 101:Drivers/STM32F0xx_HAL_Driver/Src/stm32f0xx_hal.c ****               ##### Initialization and de-initialization functions #####
 102:Drivers/STM32F0xx_HAL_Driver/Src/stm32f0xx_hal.c ****  ===============================================================================
 103:Drivers/STM32F0xx_HAL_Driver/Src/stm32f0xx_hal.c ****    [..]  This section provides functions allowing to:
 104:Drivers/STM32F0xx_HAL_Driver/Src/stm32f0xx_hal.c ****       (+) Initializes the Flash interface, the NVIC allocation and initial clock 
 105:Drivers/STM32F0xx_HAL_Driver/Src/stm32f0xx_hal.c ****           configuration. It initializes the systick also when timeout is needed
 106:Drivers/STM32F0xx_HAL_Driver/Src/stm32f0xx_hal.c ****           and the backup domain when enabled.
 107:Drivers/STM32F0xx_HAL_Driver/Src/stm32f0xx_hal.c ****       (+) de-Initializes common part of the HAL.
 108:Drivers/STM32F0xx_HAL_Driver/Src/stm32f0xx_hal.c ****       (+) Configure The time base source to have 1ms time base with a dedicated
 109:Drivers/STM32F0xx_HAL_Driver/Src/stm32f0xx_hal.c ****           Tick interrupt priority.
 110:Drivers/STM32F0xx_HAL_Driver/Src/stm32f0xx_hal.c ****         (++) SysTick timer is used by default as source of time base, but user
 111:Drivers/STM32F0xx_HAL_Driver/Src/stm32f0xx_hal.c ****              can eventually implement his proper time base source (a general purpose 
 112:Drivers/STM32F0xx_HAL_Driver/Src/stm32f0xx_hal.c ****              timer for example or other time source), keeping in mind that Time base 
 113:Drivers/STM32F0xx_HAL_Driver/Src/stm32f0xx_hal.c ****              duration should be kept 1ms since PPP_TIMEOUT_VALUEs are defined and 
 114:Drivers/STM32F0xx_HAL_Driver/Src/stm32f0xx_hal.c ****              handled in milliseconds basis.
 115:Drivers/STM32F0xx_HAL_Driver/Src/stm32f0xx_hal.c ****         (++) Time base configuration function (HAL_InitTick ()) is called automatically 
 116:Drivers/STM32F0xx_HAL_Driver/Src/stm32f0xx_hal.c ****              at the beginning of the program after reset by HAL_Init() or at any time 
 117:Drivers/STM32F0xx_HAL_Driver/Src/stm32f0xx_hal.c ****              when clock is configured, by HAL_RCC_ClockConfig(). 
 118:Drivers/STM32F0xx_HAL_Driver/Src/stm32f0xx_hal.c ****         (++) Source of time base is configured  to generate interrupts at regular 
 119:Drivers/STM32F0xx_HAL_Driver/Src/stm32f0xx_hal.c ****              time intervals. Care must be taken if HAL_Delay() is called from a 
 120:Drivers/STM32F0xx_HAL_Driver/Src/stm32f0xx_hal.c ****              peripheral ISR process, the Tick interrupt line must have higher priority 
 121:Drivers/STM32F0xx_HAL_Driver/Src/stm32f0xx_hal.c ****             (numerically lower) than the peripheral interrupt. Otherwise the caller 
 122:Drivers/STM32F0xx_HAL_Driver/Src/stm32f0xx_hal.c ****             ISR process will be blocked. 
 123:Drivers/STM32F0xx_HAL_Driver/Src/stm32f0xx_hal.c ****        (++) functions affecting time base configurations are declared as __Weak  
 124:Drivers/STM32F0xx_HAL_Driver/Src/stm32f0xx_hal.c ****              to make  override possible  in case of other  implementations in user file.
 125:Drivers/STM32F0xx_HAL_Driver/Src/stm32f0xx_hal.c ****  
 126:Drivers/STM32F0xx_HAL_Driver/Src/stm32f0xx_hal.c **** @endverbatim
 127:Drivers/STM32F0xx_HAL_Driver/Src/stm32f0xx_hal.c ****   * @{
 128:Drivers/STM32F0xx_HAL_Driver/Src/stm32f0xx_hal.c ****   */
 129:Drivers/STM32F0xx_HAL_Driver/Src/stm32f0xx_hal.c **** 
 130:Drivers/STM32F0xx_HAL_Driver/Src/stm32f0xx_hal.c **** /**
 131:Drivers/STM32F0xx_HAL_Driver/Src/stm32f0xx_hal.c ****   * @brief  This function configures the Flash prefetch,
 132:Drivers/STM32F0xx_HAL_Driver/Src/stm32f0xx_hal.c ****   *        Configures time base source, NVIC and Low level hardware
 133:Drivers/STM32F0xx_HAL_Driver/Src/stm32f0xx_hal.c ****   * @note This function is called at the beginning of program after reset and before 
 134:Drivers/STM32F0xx_HAL_Driver/Src/stm32f0xx_hal.c ****   *       the clock configuration
 135:Drivers/STM32F0xx_HAL_Driver/Src/stm32f0xx_hal.c ****   * @note The time base configuration is based on HSI clock when exiting from Reset.
 136:Drivers/STM32F0xx_HAL_Driver/Src/stm32f0xx_hal.c ****   *       Once done, time base tick start incrementing.
 137:Drivers/STM32F0xx_HAL_Driver/Src/stm32f0xx_hal.c ****   *       In the default implementation,Systick is used as source of time base.
 138:Drivers/STM32F0xx_HAL_Driver/Src/stm32f0xx_hal.c ****   *       The tick variable is incremented each 1ms in its ISR.
 139:Drivers/STM32F0xx_HAL_Driver/Src/stm32f0xx_hal.c ****   * @retval HAL status
 140:Drivers/STM32F0xx_HAL_Driver/Src/stm32f0xx_hal.c ****   */
 141:Drivers/STM32F0xx_HAL_Driver/Src/stm32f0xx_hal.c **** HAL_StatusTypeDef HAL_Init(void)
 142:Drivers/STM32F0xx_HAL_Driver/Src/stm32f0xx_hal.c **** {
 143:Drivers/STM32F0xx_HAL_Driver/Src/stm32f0xx_hal.c ****   /* Configure Flash prefetch */ 
 144:Drivers/STM32F0xx_HAL_Driver/Src/stm32f0xx_hal.c **** #if (PREFETCH_ENABLE != 0)
 145:Drivers/STM32F0xx_HAL_Driver/Src/stm32f0xx_hal.c ****   __HAL_FLASH_PREFETCH_BUFFER_ENABLE();
 146:Drivers/STM32F0xx_HAL_Driver/Src/stm32f0xx_hal.c **** #endif /* PREFETCH_ENABLE */
ARM GAS  C:\Users\fastr\AppData\Local\Temp\ccqOszTH.s 			page 4


 147:Drivers/STM32F0xx_HAL_Driver/Src/stm32f0xx_hal.c **** 
 148:Drivers/STM32F0xx_HAL_Driver/Src/stm32f0xx_hal.c ****   /* Use systick as time base source and configure 1ms tick (default clock after Reset is HSI) */
 149:Drivers/STM32F0xx_HAL_Driver/Src/stm32f0xx_hal.c **** 
 150:Drivers/STM32F0xx_HAL_Driver/Src/stm32f0xx_hal.c ****   HAL_InitTick(TICK_INT_PRIORITY);
 151:Drivers/STM32F0xx_HAL_Driver/Src/stm32f0xx_hal.c **** 
 152:Drivers/STM32F0xx_HAL_Driver/Src/stm32f0xx_hal.c ****   /* Init the low level hardware */
 153:Drivers/STM32F0xx_HAL_Driver/Src/stm32f0xx_hal.c ****   HAL_MspInit();
 154:Drivers/STM32F0xx_HAL_Driver/Src/stm32f0xx_hal.c **** 
 155:Drivers/STM32F0xx_HAL_Driver/Src/stm32f0xx_hal.c ****   /* Return function status */
 156:Drivers/STM32F0xx_HAL_Driver/Src/stm32f0xx_hal.c ****   return HAL_OK;
 157:Drivers/STM32F0xx_HAL_Driver/Src/stm32f0xx_hal.c **** }
 158:Drivers/STM32F0xx_HAL_Driver/Src/stm32f0xx_hal.c **** 
 159:Drivers/STM32F0xx_HAL_Driver/Src/stm32f0xx_hal.c **** /**
 160:Drivers/STM32F0xx_HAL_Driver/Src/stm32f0xx_hal.c ****   * @brief This function de-Initialize common part of the HAL and stops the SysTick
 161:Drivers/STM32F0xx_HAL_Driver/Src/stm32f0xx_hal.c ****   *        of time base.
 162:Drivers/STM32F0xx_HAL_Driver/Src/stm32f0xx_hal.c ****   * @note This function is optional.
 163:Drivers/STM32F0xx_HAL_Driver/Src/stm32f0xx_hal.c ****   * @retval HAL status
 164:Drivers/STM32F0xx_HAL_Driver/Src/stm32f0xx_hal.c ****   */
 165:Drivers/STM32F0xx_HAL_Driver/Src/stm32f0xx_hal.c **** HAL_StatusTypeDef HAL_DeInit(void)
 166:Drivers/STM32F0xx_HAL_Driver/Src/stm32f0xx_hal.c **** {
 167:Drivers/STM32F0xx_HAL_Driver/Src/stm32f0xx_hal.c ****   /* Reset of all peripherals */
 168:Drivers/STM32F0xx_HAL_Driver/Src/stm32f0xx_hal.c ****   __HAL_RCC_APB1_FORCE_RESET();
 169:Drivers/STM32F0xx_HAL_Driver/Src/stm32f0xx_hal.c ****   __HAL_RCC_APB1_RELEASE_RESET();
 170:Drivers/STM32F0xx_HAL_Driver/Src/stm32f0xx_hal.c **** 
 171:Drivers/STM32F0xx_HAL_Driver/Src/stm32f0xx_hal.c ****   __HAL_RCC_APB2_FORCE_RESET();
 172:Drivers/STM32F0xx_HAL_Driver/Src/stm32f0xx_hal.c ****   __HAL_RCC_APB2_RELEASE_RESET();
 173:Drivers/STM32F0xx_HAL_Driver/Src/stm32f0xx_hal.c **** 
 174:Drivers/STM32F0xx_HAL_Driver/Src/stm32f0xx_hal.c ****   __HAL_RCC_AHB_FORCE_RESET();
 175:Drivers/STM32F0xx_HAL_Driver/Src/stm32f0xx_hal.c ****   __HAL_RCC_AHB_RELEASE_RESET();
 176:Drivers/STM32F0xx_HAL_Driver/Src/stm32f0xx_hal.c **** 
 177:Drivers/STM32F0xx_HAL_Driver/Src/stm32f0xx_hal.c ****   /* De-Init the low level hardware */
 178:Drivers/STM32F0xx_HAL_Driver/Src/stm32f0xx_hal.c ****   HAL_MspDeInit();
 179:Drivers/STM32F0xx_HAL_Driver/Src/stm32f0xx_hal.c ****     
 180:Drivers/STM32F0xx_HAL_Driver/Src/stm32f0xx_hal.c ****   /* Return function status */
 181:Drivers/STM32F0xx_HAL_Driver/Src/stm32f0xx_hal.c ****   return HAL_OK;
 182:Drivers/STM32F0xx_HAL_Driver/Src/stm32f0xx_hal.c **** }
 183:Drivers/STM32F0xx_HAL_Driver/Src/stm32f0xx_hal.c **** 
 184:Drivers/STM32F0xx_HAL_Driver/Src/stm32f0xx_hal.c **** /**
 185:Drivers/STM32F0xx_HAL_Driver/Src/stm32f0xx_hal.c ****   * @brief  Initialize the MSP.
 186:Drivers/STM32F0xx_HAL_Driver/Src/stm32f0xx_hal.c ****   * @retval None
 187:Drivers/STM32F0xx_HAL_Driver/Src/stm32f0xx_hal.c ****   */
 188:Drivers/STM32F0xx_HAL_Driver/Src/stm32f0xx_hal.c **** __weak void HAL_MspInit(void)
 189:Drivers/STM32F0xx_HAL_Driver/Src/stm32f0xx_hal.c **** {
  27              		.loc 1 189 1 view -0
  28              		.cfi_startproc
  29              		@ args = 0, pretend = 0, frame = 0
  30              		@ frame_needed = 0, uses_anonymous_args = 0
  31              		@ link register save eliminated.
 190:Drivers/STM32F0xx_HAL_Driver/Src/stm32f0xx_hal.c ****   /* NOTE : This function should not be modified, when the callback is needed,
 191:Drivers/STM32F0xx_HAL_Driver/Src/stm32f0xx_hal.c ****             the HAL_MspInit could be implemented in the user file
 192:Drivers/STM32F0xx_HAL_Driver/Src/stm32f0xx_hal.c ****    */
 193:Drivers/STM32F0xx_HAL_Driver/Src/stm32f0xx_hal.c **** }
  32              		.loc 1 193 1 view .LVU1
  33              		@ sp needed
  34 0000 7047     		bx	lr
  35              		.cfi_endproc
  36              	.LFE42:
ARM GAS  C:\Users\fastr\AppData\Local\Temp\ccqOszTH.s 			page 5


  38              		.section	.text.HAL_MspDeInit,"ax",%progbits
  39              		.align	1
  40              		.weak	HAL_MspDeInit
  41              		.syntax unified
  42              		.code	16
  43              		.thumb_func
  45              	HAL_MspDeInit:
  46              	.LFB43:
 194:Drivers/STM32F0xx_HAL_Driver/Src/stm32f0xx_hal.c **** 
 195:Drivers/STM32F0xx_HAL_Driver/Src/stm32f0xx_hal.c **** /**
 196:Drivers/STM32F0xx_HAL_Driver/Src/stm32f0xx_hal.c ****   * @brief  DeInitializes the MSP.
 197:Drivers/STM32F0xx_HAL_Driver/Src/stm32f0xx_hal.c ****   * @retval None
 198:Drivers/STM32F0xx_HAL_Driver/Src/stm32f0xx_hal.c ****   */
 199:Drivers/STM32F0xx_HAL_Driver/Src/stm32f0xx_hal.c **** __weak void HAL_MspDeInit(void)
 200:Drivers/STM32F0xx_HAL_Driver/Src/stm32f0xx_hal.c **** {
  47              		.loc 1 200 1 view -0
  48              		.cfi_startproc
  49              		@ args = 0, pretend = 0, frame = 0
  50              		@ frame_needed = 0, uses_anonymous_args = 0
  51              		@ link register save eliminated.
 201:Drivers/STM32F0xx_HAL_Driver/Src/stm32f0xx_hal.c ****   /* NOTE : This function should not be modified, when the callback is needed,
 202:Drivers/STM32F0xx_HAL_Driver/Src/stm32f0xx_hal.c ****             the HAL_MspDeInit could be implemented in the user file
 203:Drivers/STM32F0xx_HAL_Driver/Src/stm32f0xx_hal.c ****    */
 204:Drivers/STM32F0xx_HAL_Driver/Src/stm32f0xx_hal.c **** }
  52              		.loc 1 204 1 view .LVU3
  53              		@ sp needed
  54 0000 7047     		bx	lr
  55              		.cfi_endproc
  56              	.LFE43:
  58              		.section	.text.HAL_DeInit,"ax",%progbits
  59              		.align	1
  60              		.global	HAL_DeInit
  61              		.syntax unified
  62              		.code	16
  63              		.thumb_func
  65              	HAL_DeInit:
  66              	.LFB41:
 166:Drivers/STM32F0xx_HAL_Driver/Src/stm32f0xx_hal.c ****   /* Reset of all peripherals */
  67              		.loc 1 166 1 view -0
  68              		.cfi_startproc
  69              		@ args = 0, pretend = 0, frame = 0
  70              		@ frame_needed = 0, uses_anonymous_args = 0
  71 0000 10B5     		push	{r4, lr}
  72              		.cfi_def_cfa_offset 8
  73              		.cfi_offset 4, -8
  74              		.cfi_offset 14, -4
 168:Drivers/STM32F0xx_HAL_Driver/Src/stm32f0xx_hal.c ****   __HAL_RCC_APB1_RELEASE_RESET();
  75              		.loc 1 168 3 view .LVU5
  76 0002 074B     		ldr	r3, .L4
  77 0004 0121     		movs	r1, #1
  78 0006 4942     		rsbs	r1, r1, #0
  79 0008 1961     		str	r1, [r3, #16]
 169:Drivers/STM32F0xx_HAL_Driver/Src/stm32f0xx_hal.c **** 
  80              		.loc 1 169 3 view .LVU6
  81 000a 0022     		movs	r2, #0
  82 000c 1A61     		str	r2, [r3, #16]
 171:Drivers/STM32F0xx_HAL_Driver/Src/stm32f0xx_hal.c ****   __HAL_RCC_APB2_RELEASE_RESET();
ARM GAS  C:\Users\fastr\AppData\Local\Temp\ccqOszTH.s 			page 6


  83              		.loc 1 171 3 view .LVU7
  84 000e D960     		str	r1, [r3, #12]
 172:Drivers/STM32F0xx_HAL_Driver/Src/stm32f0xx_hal.c **** 
  85              		.loc 1 172 3 view .LVU8
  86 0010 DA60     		str	r2, [r3, #12]
 174:Drivers/STM32F0xx_HAL_Driver/Src/stm32f0xx_hal.c ****   __HAL_RCC_AHB_RELEASE_RESET();
  87              		.loc 1 174 3 view .LVU9
  88 0012 9962     		str	r1, [r3, #40]
 175:Drivers/STM32F0xx_HAL_Driver/Src/stm32f0xx_hal.c **** 
  89              		.loc 1 175 3 view .LVU10
  90 0014 9A62     		str	r2, [r3, #40]
 178:Drivers/STM32F0xx_HAL_Driver/Src/stm32f0xx_hal.c ****     
  91              		.loc 1 178 3 view .LVU11
  92 0016 FFF7FEFF 		bl	HAL_MspDeInit
  93              	.LVL0:
 181:Drivers/STM32F0xx_HAL_Driver/Src/stm32f0xx_hal.c **** }
  94              		.loc 1 181 3 view .LVU12
 182:Drivers/STM32F0xx_HAL_Driver/Src/stm32f0xx_hal.c **** 
  95              		.loc 1 182 1 is_stmt 0 view .LVU13
  96 001a 0020     		movs	r0, #0
  97              		@ sp needed
  98 001c 10BD     		pop	{r4, pc}
  99              	.L5:
 100 001e C046     		.align	2
 101              	.L4:
 102 0020 00100240 		.word	1073876992
 103              		.cfi_endproc
 104              	.LFE41:
 106              		.section	.text.HAL_InitTick,"ax",%progbits
 107              		.align	1
 108              		.weak	HAL_InitTick
 109              		.syntax unified
 110              		.code	16
 111              		.thumb_func
 113              	HAL_InitTick:
 114              	.LVL1:
 115              	.LFB44:
 205:Drivers/STM32F0xx_HAL_Driver/Src/stm32f0xx_hal.c **** 
 206:Drivers/STM32F0xx_HAL_Driver/Src/stm32f0xx_hal.c **** /**
 207:Drivers/STM32F0xx_HAL_Driver/Src/stm32f0xx_hal.c ****   * @brief This function configures the source of the time base. 
 208:Drivers/STM32F0xx_HAL_Driver/Src/stm32f0xx_hal.c ****   *        The time source is configured  to have 1ms time base with a dedicated 
 209:Drivers/STM32F0xx_HAL_Driver/Src/stm32f0xx_hal.c ****   *        Tick interrupt priority.
 210:Drivers/STM32F0xx_HAL_Driver/Src/stm32f0xx_hal.c ****   * @note This function is called  automatically at the beginning of program after
 211:Drivers/STM32F0xx_HAL_Driver/Src/stm32f0xx_hal.c ****   *       reset by HAL_Init() or at any time when clock is reconfigured  by HAL_RCC_ClockConfig(). 
 212:Drivers/STM32F0xx_HAL_Driver/Src/stm32f0xx_hal.c ****   * @note In the default implementation, SysTick timer is the source of time base. 
 213:Drivers/STM32F0xx_HAL_Driver/Src/stm32f0xx_hal.c ****   *       It is used to generate interrupts at regular time intervals. 
 214:Drivers/STM32F0xx_HAL_Driver/Src/stm32f0xx_hal.c ****   *       Care must be taken if HAL_Delay() is called from a peripheral ISR process, 
 215:Drivers/STM32F0xx_HAL_Driver/Src/stm32f0xx_hal.c ****   *       The SysTick interrupt must have higher priority (numerically lower) 
 216:Drivers/STM32F0xx_HAL_Driver/Src/stm32f0xx_hal.c ****   *       than the peripheral interrupt. Otherwise the caller ISR process will be blocked.
 217:Drivers/STM32F0xx_HAL_Driver/Src/stm32f0xx_hal.c ****   *       The function is declared as __Weak  to be overwritten  in case of other
 218:Drivers/STM32F0xx_HAL_Driver/Src/stm32f0xx_hal.c ****   *       implementation  in user file.
 219:Drivers/STM32F0xx_HAL_Driver/Src/stm32f0xx_hal.c ****   * @param TickPriority Tick interrupt priority.
 220:Drivers/STM32F0xx_HAL_Driver/Src/stm32f0xx_hal.c ****   * @retval HAL status
 221:Drivers/STM32F0xx_HAL_Driver/Src/stm32f0xx_hal.c ****   */
 222:Drivers/STM32F0xx_HAL_Driver/Src/stm32f0xx_hal.c **** __weak HAL_StatusTypeDef HAL_InitTick(uint32_t TickPriority)
 223:Drivers/STM32F0xx_HAL_Driver/Src/stm32f0xx_hal.c **** {
 116              		.loc 1 223 1 is_stmt 1 view -0
ARM GAS  C:\Users\fastr\AppData\Local\Temp\ccqOszTH.s 			page 7


 117              		.cfi_startproc
 118              		@ args = 0, pretend = 0, frame = 0
 119              		@ frame_needed = 0, uses_anonymous_args = 0
 120              		.loc 1 223 1 is_stmt 0 view .LVU15
 121 0000 70B5     		push	{r4, r5, r6, lr}
 122              		.cfi_def_cfa_offset 16
 123              		.cfi_offset 4, -16
 124              		.cfi_offset 5, -12
 125              		.cfi_offset 6, -8
 126              		.cfi_offset 14, -4
 127 0002 0500     		movs	r5, r0
 224:Drivers/STM32F0xx_HAL_Driver/Src/stm32f0xx_hal.c ****   /*Configure the SysTick to have interrupt in 1ms time basis*/
 225:Drivers/STM32F0xx_HAL_Driver/Src/stm32f0xx_hal.c ****   if (HAL_SYSTICK_Config(SystemCoreClock / (1000U / uwTickFreq)) > 0U)
 128              		.loc 1 225 3 is_stmt 1 view .LVU16
 129              		.loc 1 225 7 is_stmt 0 view .LVU17
 130 0004 0F4B     		ldr	r3, .L11
 131 0006 1C68     		ldr	r4, [r3]
 132              		.loc 1 225 51 view .LVU18
 133 0008 0F4B     		ldr	r3, .L11+4
 134 000a 1978     		ldrb	r1, [r3]
 135 000c FA20     		movs	r0, #250
 136              	.LVL2:
 137              		.loc 1 225 51 view .LVU19
 138 000e 8000     		lsls	r0, r0, #2
 139 0010 FFF7FEFF 		bl	__aeabi_uidiv
 140              	.LVL3:
 141 0014 0100     		movs	r1, r0
 142              		.loc 1 225 42 view .LVU20
 143 0016 2000     		movs	r0, r4
 144 0018 FFF7FEFF 		bl	__aeabi_uidiv
 145              	.LVL4:
 146              		.loc 1 225 7 view .LVU21
 147 001c FFF7FEFF 		bl	HAL_SYSTICK_Config
 148              	.LVL5:
 149              		.loc 1 225 6 discriminator 1 view .LVU22
 150 0020 0028     		cmp	r0, #0
 151 0022 0DD1     		bne	.L8
 226:Drivers/STM32F0xx_HAL_Driver/Src/stm32f0xx_hal.c ****   {
 227:Drivers/STM32F0xx_HAL_Driver/Src/stm32f0xx_hal.c ****     return HAL_ERROR;
 228:Drivers/STM32F0xx_HAL_Driver/Src/stm32f0xx_hal.c ****   }
 229:Drivers/STM32F0xx_HAL_Driver/Src/stm32f0xx_hal.c **** 
 230:Drivers/STM32F0xx_HAL_Driver/Src/stm32f0xx_hal.c ****   /* Configure the SysTick IRQ priority */
 231:Drivers/STM32F0xx_HAL_Driver/Src/stm32f0xx_hal.c ****   if (TickPriority < (1UL << __NVIC_PRIO_BITS))
 152              		.loc 1 231 3 is_stmt 1 view .LVU23
 153              		.loc 1 231 6 is_stmt 0 view .LVU24
 154 0024 032D     		cmp	r5, #3
 155 0026 01D9     		bls	.L10
 232:Drivers/STM32F0xx_HAL_Driver/Src/stm32f0xx_hal.c ****   {
 233:Drivers/STM32F0xx_HAL_Driver/Src/stm32f0xx_hal.c ****     HAL_NVIC_SetPriority(SysTick_IRQn, TickPriority, 0U);
 234:Drivers/STM32F0xx_HAL_Driver/Src/stm32f0xx_hal.c ****     uwTickPrio = TickPriority;
 235:Drivers/STM32F0xx_HAL_Driver/Src/stm32f0xx_hal.c ****   }
 236:Drivers/STM32F0xx_HAL_Driver/Src/stm32f0xx_hal.c ****   else
 237:Drivers/STM32F0xx_HAL_Driver/Src/stm32f0xx_hal.c ****   {
 238:Drivers/STM32F0xx_HAL_Driver/Src/stm32f0xx_hal.c ****     return HAL_ERROR;
 156              		.loc 1 238 12 view .LVU25
 157 0028 0120     		movs	r0, #1
 158 002a 0AE0     		b	.L7
ARM GAS  C:\Users\fastr\AppData\Local\Temp\ccqOszTH.s 			page 8


 159              	.L10:
 233:Drivers/STM32F0xx_HAL_Driver/Src/stm32f0xx_hal.c ****     uwTickPrio = TickPriority;
 160              		.loc 1 233 5 is_stmt 1 view .LVU26
 161 002c 0130     		adds	r0, r0, #1
 162 002e 0022     		movs	r2, #0
 163 0030 2900     		movs	r1, r5
 164 0032 4042     		rsbs	r0, r0, #0
 165 0034 FFF7FEFF 		bl	HAL_NVIC_SetPriority
 166              	.LVL6:
 234:Drivers/STM32F0xx_HAL_Driver/Src/stm32f0xx_hal.c ****   }
 167              		.loc 1 234 5 view .LVU27
 234:Drivers/STM32F0xx_HAL_Driver/Src/stm32f0xx_hal.c ****   }
 168              		.loc 1 234 16 is_stmt 0 view .LVU28
 169 0038 044B     		ldr	r3, .L11+8
 170 003a 1D60     		str	r5, [r3]
 239:Drivers/STM32F0xx_HAL_Driver/Src/stm32f0xx_hal.c ****   }
 240:Drivers/STM32F0xx_HAL_Driver/Src/stm32f0xx_hal.c **** 
 241:Drivers/STM32F0xx_HAL_Driver/Src/stm32f0xx_hal.c ****    /* Return function status */
 242:Drivers/STM32F0xx_HAL_Driver/Src/stm32f0xx_hal.c ****   return HAL_OK;
 171              		.loc 1 242 3 is_stmt 1 view .LVU29
 172              		.loc 1 242 10 is_stmt 0 view .LVU30
 173 003c 0020     		movs	r0, #0
 174 003e 00E0     		b	.L7
 175              	.L8:
 227:Drivers/STM32F0xx_HAL_Driver/Src/stm32f0xx_hal.c ****   }
 176              		.loc 1 227 12 view .LVU31
 177 0040 0120     		movs	r0, #1
 178              	.L7:
 243:Drivers/STM32F0xx_HAL_Driver/Src/stm32f0xx_hal.c **** }
 179              		.loc 1 243 1 view .LVU32
 180              		@ sp needed
 181              	.LVL7:
 182              		.loc 1 243 1 view .LVU33
 183 0042 70BD     		pop	{r4, r5, r6, pc}
 184              	.L12:
 185              		.align	2
 186              	.L11:
 187 0044 00000000 		.word	SystemCoreClock
 188 0048 00000000 		.word	uwTickFreq
 189 004c 00000000 		.word	uwTickPrio
 190              		.cfi_endproc
 191              	.LFE44:
 193              		.section	.text.HAL_Init,"ax",%progbits
 194              		.align	1
 195              		.global	HAL_Init
 196              		.syntax unified
 197              		.code	16
 198              		.thumb_func
 200              	HAL_Init:
 201              	.LFB40:
 142:Drivers/STM32F0xx_HAL_Driver/Src/stm32f0xx_hal.c ****   /* Configure Flash prefetch */ 
 202              		.loc 1 142 1 is_stmt 1 view -0
 203              		.cfi_startproc
 204              		@ args = 0, pretend = 0, frame = 0
 205              		@ frame_needed = 0, uses_anonymous_args = 0
 206 0000 10B5     		push	{r4, lr}
 207              		.cfi_def_cfa_offset 8
ARM GAS  C:\Users\fastr\AppData\Local\Temp\ccqOszTH.s 			page 9


 208              		.cfi_offset 4, -8
 209              		.cfi_offset 14, -4
 145:Drivers/STM32F0xx_HAL_Driver/Src/stm32f0xx_hal.c **** #endif /* PREFETCH_ENABLE */
 210              		.loc 1 145 3 view .LVU35
 211 0002 064A     		ldr	r2, .L14
 212 0004 1368     		ldr	r3, [r2]
 213 0006 1021     		movs	r1, #16
 214 0008 0B43     		orrs	r3, r1
 215 000a 1360     		str	r3, [r2]
 150:Drivers/STM32F0xx_HAL_Driver/Src/stm32f0xx_hal.c **** 
 216              		.loc 1 150 3 view .LVU36
 217 000c 0320     		movs	r0, #3
 218 000e FFF7FEFF 		bl	HAL_InitTick
 219              	.LVL8:
 153:Drivers/STM32F0xx_HAL_Driver/Src/stm32f0xx_hal.c **** 
 220              		.loc 1 153 3 view .LVU37
 221 0012 FFF7FEFF 		bl	HAL_MspInit
 222              	.LVL9:
 156:Drivers/STM32F0xx_HAL_Driver/Src/stm32f0xx_hal.c **** }
 223              		.loc 1 156 3 view .LVU38
 157:Drivers/STM32F0xx_HAL_Driver/Src/stm32f0xx_hal.c **** 
 224              		.loc 1 157 1 is_stmt 0 view .LVU39
 225 0016 0020     		movs	r0, #0
 226              		@ sp needed
 227 0018 10BD     		pop	{r4, pc}
 228              	.L15:
 229 001a C046     		.align	2
 230              	.L14:
 231 001c 00200240 		.word	1073881088
 232              		.cfi_endproc
 233              	.LFE40:
 235              		.section	.text.HAL_IncTick,"ax",%progbits
 236              		.align	1
 237              		.weak	HAL_IncTick
 238              		.syntax unified
 239              		.code	16
 240              		.thumb_func
 242              	HAL_IncTick:
 243              	.LFB45:
 244:Drivers/STM32F0xx_HAL_Driver/Src/stm32f0xx_hal.c **** 
 245:Drivers/STM32F0xx_HAL_Driver/Src/stm32f0xx_hal.c **** /**
 246:Drivers/STM32F0xx_HAL_Driver/Src/stm32f0xx_hal.c ****   * @}
 247:Drivers/STM32F0xx_HAL_Driver/Src/stm32f0xx_hal.c ****   */
 248:Drivers/STM32F0xx_HAL_Driver/Src/stm32f0xx_hal.c **** 
 249:Drivers/STM32F0xx_HAL_Driver/Src/stm32f0xx_hal.c **** /** @defgroup HAL_Exported_Functions_Group2 HAL Control functions 
 250:Drivers/STM32F0xx_HAL_Driver/Src/stm32f0xx_hal.c ****   * @brief    HAL Control functions
 251:Drivers/STM32F0xx_HAL_Driver/Src/stm32f0xx_hal.c ****   *
 252:Drivers/STM32F0xx_HAL_Driver/Src/stm32f0xx_hal.c **** @verbatim
 253:Drivers/STM32F0xx_HAL_Driver/Src/stm32f0xx_hal.c ****  ===============================================================================
 254:Drivers/STM32F0xx_HAL_Driver/Src/stm32f0xx_hal.c ****                       ##### HAL Control functions #####
 255:Drivers/STM32F0xx_HAL_Driver/Src/stm32f0xx_hal.c ****  ===============================================================================
 256:Drivers/STM32F0xx_HAL_Driver/Src/stm32f0xx_hal.c ****     [..]  This section provides functions allowing to:
 257:Drivers/STM32F0xx_HAL_Driver/Src/stm32f0xx_hal.c ****       (+) Provide a tick value in millisecond
 258:Drivers/STM32F0xx_HAL_Driver/Src/stm32f0xx_hal.c ****       (+) Provide a blocking delay in millisecond
 259:Drivers/STM32F0xx_HAL_Driver/Src/stm32f0xx_hal.c ****       (+) Suspend the time base source interrupt
 260:Drivers/STM32F0xx_HAL_Driver/Src/stm32f0xx_hal.c ****       (+) Resume the time base source interrupt
 261:Drivers/STM32F0xx_HAL_Driver/Src/stm32f0xx_hal.c ****       (+) Get the HAL API driver version
ARM GAS  C:\Users\fastr\AppData\Local\Temp\ccqOszTH.s 			page 10


 262:Drivers/STM32F0xx_HAL_Driver/Src/stm32f0xx_hal.c ****       (+) Get the device identifier
 263:Drivers/STM32F0xx_HAL_Driver/Src/stm32f0xx_hal.c ****       (+) Get the device revision identifier
 264:Drivers/STM32F0xx_HAL_Driver/Src/stm32f0xx_hal.c ****       (+) Enable/Disable Debug module during Sleep mode
 265:Drivers/STM32F0xx_HAL_Driver/Src/stm32f0xx_hal.c ****       (+) Enable/Disable Debug module during STOP mode
 266:Drivers/STM32F0xx_HAL_Driver/Src/stm32f0xx_hal.c ****       (+) Enable/Disable Debug module during STANDBY mode
 267:Drivers/STM32F0xx_HAL_Driver/Src/stm32f0xx_hal.c ****       
 268:Drivers/STM32F0xx_HAL_Driver/Src/stm32f0xx_hal.c **** @endverbatim
 269:Drivers/STM32F0xx_HAL_Driver/Src/stm32f0xx_hal.c ****   * @{
 270:Drivers/STM32F0xx_HAL_Driver/Src/stm32f0xx_hal.c ****   */
 271:Drivers/STM32F0xx_HAL_Driver/Src/stm32f0xx_hal.c **** 
 272:Drivers/STM32F0xx_HAL_Driver/Src/stm32f0xx_hal.c **** /**
 273:Drivers/STM32F0xx_HAL_Driver/Src/stm32f0xx_hal.c ****   * @brief This function is called to increment  a global variable "uwTick"
 274:Drivers/STM32F0xx_HAL_Driver/Src/stm32f0xx_hal.c ****   *        used as application time base.
 275:Drivers/STM32F0xx_HAL_Driver/Src/stm32f0xx_hal.c ****   * @note In the default implementation, this variable is incremented each 1ms
 276:Drivers/STM32F0xx_HAL_Driver/Src/stm32f0xx_hal.c ****   *       in SysTick ISR.
 277:Drivers/STM32F0xx_HAL_Driver/Src/stm32f0xx_hal.c ****   * @note This function is declared as __weak to be overwritten in case of other 
 278:Drivers/STM32F0xx_HAL_Driver/Src/stm32f0xx_hal.c ****   *       implementations in user file.
 279:Drivers/STM32F0xx_HAL_Driver/Src/stm32f0xx_hal.c ****   * @retval None
 280:Drivers/STM32F0xx_HAL_Driver/Src/stm32f0xx_hal.c ****   */
 281:Drivers/STM32F0xx_HAL_Driver/Src/stm32f0xx_hal.c **** __weak void HAL_IncTick(void)
 282:Drivers/STM32F0xx_HAL_Driver/Src/stm32f0xx_hal.c **** {
 244              		.loc 1 282 1 is_stmt 1 view -0
 245              		.cfi_startproc
 246              		@ args = 0, pretend = 0, frame = 0
 247              		@ frame_needed = 0, uses_anonymous_args = 0
 248              		@ link register save eliminated.
 283:Drivers/STM32F0xx_HAL_Driver/Src/stm32f0xx_hal.c ****   uwTick += uwTickFreq;
 249              		.loc 1 283 3 view .LVU41
 250              		.loc 1 283 10 is_stmt 0 view .LVU42
 251 0000 034A     		ldr	r2, .L17
 252 0002 1168     		ldr	r1, [r2]
 253 0004 034B     		ldr	r3, .L17+4
 254 0006 1B78     		ldrb	r3, [r3]
 255 0008 5B18     		adds	r3, r3, r1
 256 000a 1360     		str	r3, [r2]
 284:Drivers/STM32F0xx_HAL_Driver/Src/stm32f0xx_hal.c **** }
 257              		.loc 1 284 1 view .LVU43
 258              		@ sp needed
 259 000c 7047     		bx	lr
 260              	.L18:
 261 000e C046     		.align	2
 262              	.L17:
 263 0010 00000000 		.word	uwTick
 264 0014 00000000 		.word	uwTickFreq
 265              		.cfi_endproc
 266              	.LFE45:
 268              		.section	.text.HAL_GetTick,"ax",%progbits
 269              		.align	1
 270              		.weak	HAL_GetTick
 271              		.syntax unified
 272              		.code	16
 273              		.thumb_func
 275              	HAL_GetTick:
 276              	.LFB46:
 285:Drivers/STM32F0xx_HAL_Driver/Src/stm32f0xx_hal.c **** 
 286:Drivers/STM32F0xx_HAL_Driver/Src/stm32f0xx_hal.c **** /**
 287:Drivers/STM32F0xx_HAL_Driver/Src/stm32f0xx_hal.c ****   * @brief  Provides a tick value in millisecond.
ARM GAS  C:\Users\fastr\AppData\Local\Temp\ccqOszTH.s 			page 11


 288:Drivers/STM32F0xx_HAL_Driver/Src/stm32f0xx_hal.c ****   * @note   This function is declared as __weak  to be overwritten  in case of other 
 289:Drivers/STM32F0xx_HAL_Driver/Src/stm32f0xx_hal.c ****   *       implementations in user file.
 290:Drivers/STM32F0xx_HAL_Driver/Src/stm32f0xx_hal.c ****   * @retval tick value
 291:Drivers/STM32F0xx_HAL_Driver/Src/stm32f0xx_hal.c ****   */
 292:Drivers/STM32F0xx_HAL_Driver/Src/stm32f0xx_hal.c **** __weak uint32_t HAL_GetTick(void)
 293:Drivers/STM32F0xx_HAL_Driver/Src/stm32f0xx_hal.c **** {
 277              		.loc 1 293 1 is_stmt 1 view -0
 278              		.cfi_startproc
 279              		@ args = 0, pretend = 0, frame = 0
 280              		@ frame_needed = 0, uses_anonymous_args = 0
 281              		@ link register save eliminated.
 294:Drivers/STM32F0xx_HAL_Driver/Src/stm32f0xx_hal.c ****   return uwTick;
 282              		.loc 1 294 3 view .LVU45
 283              		.loc 1 294 10 is_stmt 0 view .LVU46
 284 0000 014B     		ldr	r3, .L20
 285 0002 1868     		ldr	r0, [r3]
 295:Drivers/STM32F0xx_HAL_Driver/Src/stm32f0xx_hal.c **** }
 286              		.loc 1 295 1 view .LVU47
 287              		@ sp needed
 288 0004 7047     		bx	lr
 289              	.L21:
 290 0006 C046     		.align	2
 291              	.L20:
 292 0008 00000000 		.word	uwTick
 293              		.cfi_endproc
 294              	.LFE46:
 296              		.section	.text.HAL_GetTickPrio,"ax",%progbits
 297              		.align	1
 298              		.global	HAL_GetTickPrio
 299              		.syntax unified
 300              		.code	16
 301              		.thumb_func
 303              	HAL_GetTickPrio:
 304              	.LFB47:
 296:Drivers/STM32F0xx_HAL_Driver/Src/stm32f0xx_hal.c **** 
 297:Drivers/STM32F0xx_HAL_Driver/Src/stm32f0xx_hal.c **** /**
 298:Drivers/STM32F0xx_HAL_Driver/Src/stm32f0xx_hal.c ****   * @brief This function returns a tick priority.
 299:Drivers/STM32F0xx_HAL_Driver/Src/stm32f0xx_hal.c ****   * @retval tick priority
 300:Drivers/STM32F0xx_HAL_Driver/Src/stm32f0xx_hal.c ****   */
 301:Drivers/STM32F0xx_HAL_Driver/Src/stm32f0xx_hal.c **** uint32_t HAL_GetTickPrio(void)
 302:Drivers/STM32F0xx_HAL_Driver/Src/stm32f0xx_hal.c **** {
 305              		.loc 1 302 1 is_stmt 1 view -0
 306              		.cfi_startproc
 307              		@ args = 0, pretend = 0, frame = 0
 308              		@ frame_needed = 0, uses_anonymous_args = 0
 309              		@ link register save eliminated.
 303:Drivers/STM32F0xx_HAL_Driver/Src/stm32f0xx_hal.c ****   return uwTickPrio;
 310              		.loc 1 303 3 view .LVU49
 311              		.loc 1 303 10 is_stmt 0 view .LVU50
 312 0000 014B     		ldr	r3, .L23
 313              		.loc 1 303 10 discriminator 1 view .LVU51
 314 0002 1868     		ldr	r0, [r3]
 304:Drivers/STM32F0xx_HAL_Driver/Src/stm32f0xx_hal.c **** }
 315              		.loc 1 304 1 view .LVU52
 316              		@ sp needed
 317 0004 7047     		bx	lr
 318              	.L24:
ARM GAS  C:\Users\fastr\AppData\Local\Temp\ccqOszTH.s 			page 12


 319 0006 C046     		.align	2
 320              	.L23:
 321 0008 00000000 		.word	uwTickPrio
 322              		.cfi_endproc
 323              	.LFE47:
 325              		.section	.text.HAL_SetTickFreq,"ax",%progbits
 326              		.align	1
 327              		.global	HAL_SetTickFreq
 328              		.syntax unified
 329              		.code	16
 330              		.thumb_func
 332              	HAL_SetTickFreq:
 333              	.LVL10:
 334              	.LFB48:
 305:Drivers/STM32F0xx_HAL_Driver/Src/stm32f0xx_hal.c **** 
 306:Drivers/STM32F0xx_HAL_Driver/Src/stm32f0xx_hal.c **** /**
 307:Drivers/STM32F0xx_HAL_Driver/Src/stm32f0xx_hal.c ****   * @brief Set new tick Freq.
 308:Drivers/STM32F0xx_HAL_Driver/Src/stm32f0xx_hal.c ****   * @retval status
 309:Drivers/STM32F0xx_HAL_Driver/Src/stm32f0xx_hal.c ****   */
 310:Drivers/STM32F0xx_HAL_Driver/Src/stm32f0xx_hal.c **** HAL_StatusTypeDef HAL_SetTickFreq(HAL_TickFreqTypeDef Freq)
 311:Drivers/STM32F0xx_HAL_Driver/Src/stm32f0xx_hal.c **** {
 335              		.loc 1 311 1 is_stmt 1 view -0
 336              		.cfi_startproc
 337              		@ args = 0, pretend = 0, frame = 0
 338              		@ frame_needed = 0, uses_anonymous_args = 0
 339              		.loc 1 311 1 is_stmt 0 view .LVU54
 340 0000 10B5     		push	{r4, lr}
 341              		.cfi_def_cfa_offset 8
 342              		.cfi_offset 4, -8
 343              		.cfi_offset 14, -4
 312:Drivers/STM32F0xx_HAL_Driver/Src/stm32f0xx_hal.c ****   HAL_StatusTypeDef status  = HAL_OK;
 344              		.loc 1 312 3 is_stmt 1 view .LVU55
 345              	.LVL11:
 313:Drivers/STM32F0xx_HAL_Driver/Src/stm32f0xx_hal.c ****   HAL_TickFreqTypeDef prevTickFreq;
 346              		.loc 1 313 3 view .LVU56
 314:Drivers/STM32F0xx_HAL_Driver/Src/stm32f0xx_hal.c **** 
 315:Drivers/STM32F0xx_HAL_Driver/Src/stm32f0xx_hal.c ****   assert_param(IS_TICKFREQ(Freq));
 347              		.loc 1 315 3 view .LVU57
 316:Drivers/STM32F0xx_HAL_Driver/Src/stm32f0xx_hal.c **** 
 317:Drivers/STM32F0xx_HAL_Driver/Src/stm32f0xx_hal.c ****   if (uwTickFreq != Freq)
 348              		.loc 1 317 3 view .LVU58
 349              		.loc 1 317 18 is_stmt 0 view .LVU59
 350 0002 084B     		ldr	r3, .L29
 351 0004 1C78     		ldrb	r4, [r3]
 352              		.loc 1 317 6 view .LVU60
 353 0006 8442     		cmp	r4, r0
 354 0008 01D1     		bne	.L28
 312:Drivers/STM32F0xx_HAL_Driver/Src/stm32f0xx_hal.c ****   HAL_TickFreqTypeDef prevTickFreq;
 355              		.loc 1 312 21 view .LVU61
 356 000a 0020     		movs	r0, #0
 357              	.LVL12:
 358              	.L26:
 318:Drivers/STM32F0xx_HAL_Driver/Src/stm32f0xx_hal.c ****   {
 319:Drivers/STM32F0xx_HAL_Driver/Src/stm32f0xx_hal.c ****     /* Back up uwTickFreq frequency */
 320:Drivers/STM32F0xx_HAL_Driver/Src/stm32f0xx_hal.c ****     prevTickFreq = uwTickFreq;
 321:Drivers/STM32F0xx_HAL_Driver/Src/stm32f0xx_hal.c **** 
 322:Drivers/STM32F0xx_HAL_Driver/Src/stm32f0xx_hal.c ****     /* Update uwTickFreq global variable used by HAL_InitTick() */
ARM GAS  C:\Users\fastr\AppData\Local\Temp\ccqOszTH.s 			page 13


 323:Drivers/STM32F0xx_HAL_Driver/Src/stm32f0xx_hal.c ****     uwTickFreq = Freq;
 324:Drivers/STM32F0xx_HAL_Driver/Src/stm32f0xx_hal.c **** 
 325:Drivers/STM32F0xx_HAL_Driver/Src/stm32f0xx_hal.c ****     /* Apply the new tick Freq */
 326:Drivers/STM32F0xx_HAL_Driver/Src/stm32f0xx_hal.c ****     status = HAL_InitTick(uwTickPrio);
 327:Drivers/STM32F0xx_HAL_Driver/Src/stm32f0xx_hal.c **** 
 328:Drivers/STM32F0xx_HAL_Driver/Src/stm32f0xx_hal.c ****     if (status != HAL_OK)
 329:Drivers/STM32F0xx_HAL_Driver/Src/stm32f0xx_hal.c ****     {
 330:Drivers/STM32F0xx_HAL_Driver/Src/stm32f0xx_hal.c ****       /* Restore previous tick frequency */
 331:Drivers/STM32F0xx_HAL_Driver/Src/stm32f0xx_hal.c ****       uwTickFreq = prevTickFreq;
 332:Drivers/STM32F0xx_HAL_Driver/Src/stm32f0xx_hal.c ****     }
 333:Drivers/STM32F0xx_HAL_Driver/Src/stm32f0xx_hal.c ****   }
 334:Drivers/STM32F0xx_HAL_Driver/Src/stm32f0xx_hal.c **** 
 335:Drivers/STM32F0xx_HAL_Driver/Src/stm32f0xx_hal.c ****   return status;
 359              		.loc 1 335 3 is_stmt 1 view .LVU62
 336:Drivers/STM32F0xx_HAL_Driver/Src/stm32f0xx_hal.c **** }
 360              		.loc 1 336 1 is_stmt 0 view .LVU63
 361              		@ sp needed
 362 000c 10BD     		pop	{r4, pc}
 363              	.LVL13:
 364              	.L28:
 320:Drivers/STM32F0xx_HAL_Driver/Src/stm32f0xx_hal.c **** 
 365              		.loc 1 320 5 is_stmt 1 view .LVU64
 323:Drivers/STM32F0xx_HAL_Driver/Src/stm32f0xx_hal.c **** 
 366              		.loc 1 323 5 view .LVU65
 323:Drivers/STM32F0xx_HAL_Driver/Src/stm32f0xx_hal.c **** 
 367              		.loc 1 323 16 is_stmt 0 view .LVU66
 368 000e 1870     		strb	r0, [r3]
 326:Drivers/STM32F0xx_HAL_Driver/Src/stm32f0xx_hal.c **** 
 369              		.loc 1 326 5 is_stmt 1 view .LVU67
 326:Drivers/STM32F0xx_HAL_Driver/Src/stm32f0xx_hal.c **** 
 370              		.loc 1 326 14 is_stmt 0 view .LVU68
 371 0010 054B     		ldr	r3, .L29+4
 372 0012 1868     		ldr	r0, [r3]
 373              	.LVL14:
 326:Drivers/STM32F0xx_HAL_Driver/Src/stm32f0xx_hal.c **** 
 374              		.loc 1 326 14 view .LVU69
 375 0014 FFF7FEFF 		bl	HAL_InitTick
 376              	.LVL15:
 328:Drivers/STM32F0xx_HAL_Driver/Src/stm32f0xx_hal.c ****     {
 377              		.loc 1 328 5 is_stmt 1 view .LVU70
 328:Drivers/STM32F0xx_HAL_Driver/Src/stm32f0xx_hal.c ****     {
 378              		.loc 1 328 8 is_stmt 0 view .LVU71
 379 0018 0028     		cmp	r0, #0
 380 001a F7D0     		beq	.L26
 331:Drivers/STM32F0xx_HAL_Driver/Src/stm32f0xx_hal.c ****     }
 381              		.loc 1 331 7 is_stmt 1 view .LVU72
 331:Drivers/STM32F0xx_HAL_Driver/Src/stm32f0xx_hal.c ****     }
 382              		.loc 1 331 18 is_stmt 0 view .LVU73
 383 001c 014B     		ldr	r3, .L29
 384 001e 1C70     		strb	r4, [r3]
 385 0020 F4E7     		b	.L26
 386              	.L30:
 387 0022 C046     		.align	2
 388              	.L29:
 389 0024 00000000 		.word	uwTickFreq
 390 0028 00000000 		.word	uwTickPrio
 391              		.cfi_endproc
ARM GAS  C:\Users\fastr\AppData\Local\Temp\ccqOszTH.s 			page 14


 392              	.LFE48:
 394              		.section	.text.HAL_GetTickFreq,"ax",%progbits
 395              		.align	1
 396              		.global	HAL_GetTickFreq
 397              		.syntax unified
 398              		.code	16
 399              		.thumb_func
 401              	HAL_GetTickFreq:
 402              	.LFB49:
 337:Drivers/STM32F0xx_HAL_Driver/Src/stm32f0xx_hal.c **** 
 338:Drivers/STM32F0xx_HAL_Driver/Src/stm32f0xx_hal.c **** /**
 339:Drivers/STM32F0xx_HAL_Driver/Src/stm32f0xx_hal.c ****   * @brief return tick frequency.
 340:Drivers/STM32F0xx_HAL_Driver/Src/stm32f0xx_hal.c ****   * @retval Tick frequency.
 341:Drivers/STM32F0xx_HAL_Driver/Src/stm32f0xx_hal.c ****   *         Value of @ref HAL_TickFreqTypeDef.
 342:Drivers/STM32F0xx_HAL_Driver/Src/stm32f0xx_hal.c ****   */
 343:Drivers/STM32F0xx_HAL_Driver/Src/stm32f0xx_hal.c **** HAL_TickFreqTypeDef HAL_GetTickFreq(void)
 344:Drivers/STM32F0xx_HAL_Driver/Src/stm32f0xx_hal.c **** {
 403              		.loc 1 344 1 is_stmt 1 view -0
 404              		.cfi_startproc
 405              		@ args = 0, pretend = 0, frame = 0
 406              		@ frame_needed = 0, uses_anonymous_args = 0
 407              		@ link register save eliminated.
 345:Drivers/STM32F0xx_HAL_Driver/Src/stm32f0xx_hal.c ****   return uwTickFreq;
 408              		.loc 1 345 3 view .LVU75
 409              		.loc 1 345 10 is_stmt 0 view .LVU76
 410 0000 014B     		ldr	r3, .L32
 411              		.loc 1 345 10 discriminator 1 view .LVU77
 412 0002 1878     		ldrb	r0, [r3]
 346:Drivers/STM32F0xx_HAL_Driver/Src/stm32f0xx_hal.c **** }
 413              		.loc 1 346 1 view .LVU78
 414              		@ sp needed
 415 0004 7047     		bx	lr
 416              	.L33:
 417 0006 C046     		.align	2
 418              	.L32:
 419 0008 00000000 		.word	uwTickFreq
 420              		.cfi_endproc
 421              	.LFE49:
 423              		.section	.text.HAL_Delay,"ax",%progbits
 424              		.align	1
 425              		.weak	HAL_Delay
 426              		.syntax unified
 427              		.code	16
 428              		.thumb_func
 430              	HAL_Delay:
 431              	.LVL16:
 432              	.LFB50:
 347:Drivers/STM32F0xx_HAL_Driver/Src/stm32f0xx_hal.c **** 
 348:Drivers/STM32F0xx_HAL_Driver/Src/stm32f0xx_hal.c **** /**
 349:Drivers/STM32F0xx_HAL_Driver/Src/stm32f0xx_hal.c ****   * @brief This function provides accurate delay (in milliseconds) based
 350:Drivers/STM32F0xx_HAL_Driver/Src/stm32f0xx_hal.c ****   *        on variable incremented.
 351:Drivers/STM32F0xx_HAL_Driver/Src/stm32f0xx_hal.c ****   * @note In the default implementation , SysTick timer is the source of time base.
 352:Drivers/STM32F0xx_HAL_Driver/Src/stm32f0xx_hal.c ****   *       It is used to generate interrupts at regular time intervals where uwTick
 353:Drivers/STM32F0xx_HAL_Driver/Src/stm32f0xx_hal.c ****   *       is incremented.
 354:Drivers/STM32F0xx_HAL_Driver/Src/stm32f0xx_hal.c ****   * @note ThiS function is declared as __weak to be overwritten in case of other
 355:Drivers/STM32F0xx_HAL_Driver/Src/stm32f0xx_hal.c ****   *       implementations in user file.
 356:Drivers/STM32F0xx_HAL_Driver/Src/stm32f0xx_hal.c ****   * @param Delay specifies the delay time length, in milliseconds.
ARM GAS  C:\Users\fastr\AppData\Local\Temp\ccqOszTH.s 			page 15


 357:Drivers/STM32F0xx_HAL_Driver/Src/stm32f0xx_hal.c ****   * @retval None
 358:Drivers/STM32F0xx_HAL_Driver/Src/stm32f0xx_hal.c ****   */
 359:Drivers/STM32F0xx_HAL_Driver/Src/stm32f0xx_hal.c **** __weak void HAL_Delay(uint32_t Delay)
 360:Drivers/STM32F0xx_HAL_Driver/Src/stm32f0xx_hal.c **** {
 433              		.loc 1 360 1 is_stmt 1 view -0
 434              		.cfi_startproc
 435              		@ args = 0, pretend = 0, frame = 0
 436              		@ frame_needed = 0, uses_anonymous_args = 0
 437              		.loc 1 360 1 is_stmt 0 view .LVU80
 438 0000 70B5     		push	{r4, r5, r6, lr}
 439              		.cfi_def_cfa_offset 16
 440              		.cfi_offset 4, -16
 441              		.cfi_offset 5, -12
 442              		.cfi_offset 6, -8
 443              		.cfi_offset 14, -4
 444 0002 0400     		movs	r4, r0
 361:Drivers/STM32F0xx_HAL_Driver/Src/stm32f0xx_hal.c ****   uint32_t tickstart = HAL_GetTick();
 445              		.loc 1 361 3 is_stmt 1 view .LVU81
 446              		.loc 1 361 24 is_stmt 0 view .LVU82
 447 0004 FFF7FEFF 		bl	HAL_GetTick
 448              	.LVL17:
 449              		.loc 1 361 24 view .LVU83
 450 0008 0500     		movs	r5, r0
 451              	.LVL18:
 362:Drivers/STM32F0xx_HAL_Driver/Src/stm32f0xx_hal.c ****   uint32_t wait = Delay;
 452              		.loc 1 362 3 is_stmt 1 view .LVU84
 363:Drivers/STM32F0xx_HAL_Driver/Src/stm32f0xx_hal.c ****   
 364:Drivers/STM32F0xx_HAL_Driver/Src/stm32f0xx_hal.c ****   /* Add a freq to guarantee minimum wait */
 365:Drivers/STM32F0xx_HAL_Driver/Src/stm32f0xx_hal.c ****   if (wait < HAL_MAX_DELAY)
 453              		.loc 1 365 3 view .LVU85
 454              		.loc 1 365 6 is_stmt 0 view .LVU86
 455 000a 631C     		adds	r3, r4, #1
 456 000c 02D0     		beq	.L36
 366:Drivers/STM32F0xx_HAL_Driver/Src/stm32f0xx_hal.c ****   {
 367:Drivers/STM32F0xx_HAL_Driver/Src/stm32f0xx_hal.c ****     wait += (uint32_t)(uwTickFreq);
 457              		.loc 1 367 5 is_stmt 1 view .LVU87
 458              		.loc 1 367 13 is_stmt 0 view .LVU88
 459 000e 044B     		ldr	r3, .L38
 460 0010 1B78     		ldrb	r3, [r3]
 461              		.loc 1 367 10 view .LVU89
 462 0012 E418     		adds	r4, r4, r3
 463              	.LVL19:
 464              	.L36:
 368:Drivers/STM32F0xx_HAL_Driver/Src/stm32f0xx_hal.c ****   }
 369:Drivers/STM32F0xx_HAL_Driver/Src/stm32f0xx_hal.c ****   
 370:Drivers/STM32F0xx_HAL_Driver/Src/stm32f0xx_hal.c ****   while((HAL_GetTick() - tickstart) < wait)
 371:Drivers/STM32F0xx_HAL_Driver/Src/stm32f0xx_hal.c ****   {
 372:Drivers/STM32F0xx_HAL_Driver/Src/stm32f0xx_hal.c ****   }
 465              		.loc 1 372 3 is_stmt 1 view .LVU90
 370:Drivers/STM32F0xx_HAL_Driver/Src/stm32f0xx_hal.c ****   {
 466              		.loc 1 370 37 discriminator 2 view .LVU91
 370:Drivers/STM32F0xx_HAL_Driver/Src/stm32f0xx_hal.c ****   {
 467              		.loc 1 370 10 is_stmt 0 discriminator 2 view .LVU92
 468 0014 FFF7FEFF 		bl	HAL_GetTick
 469              	.LVL20:
 370:Drivers/STM32F0xx_HAL_Driver/Src/stm32f0xx_hal.c ****   {
 470              		.loc 1 370 24 discriminator 2 view .LVU93
ARM GAS  C:\Users\fastr\AppData\Local\Temp\ccqOszTH.s 			page 16


 471 0018 401B     		subs	r0, r0, r5
 370:Drivers/STM32F0xx_HAL_Driver/Src/stm32f0xx_hal.c ****   {
 472              		.loc 1 370 37 discriminator 2 view .LVU94
 473 001a A042     		cmp	r0, r4
 474 001c FAD3     		bcc	.L36
 373:Drivers/STM32F0xx_HAL_Driver/Src/stm32f0xx_hal.c **** }
 475              		.loc 1 373 1 view .LVU95
 476              		@ sp needed
 477              	.LVL21:
 478              	.LVL22:
 479              		.loc 1 373 1 view .LVU96
 480 001e 70BD     		pop	{r4, r5, r6, pc}
 481              	.L39:
 482              		.align	2
 483              	.L38:
 484 0020 00000000 		.word	uwTickFreq
 485              		.cfi_endproc
 486              	.LFE50:
 488              		.section	.text.HAL_SuspendTick,"ax",%progbits
 489              		.align	1
 490              		.weak	HAL_SuspendTick
 491              		.syntax unified
 492              		.code	16
 493              		.thumb_func
 495              	HAL_SuspendTick:
 496              	.LFB51:
 374:Drivers/STM32F0xx_HAL_Driver/Src/stm32f0xx_hal.c **** 
 375:Drivers/STM32F0xx_HAL_Driver/Src/stm32f0xx_hal.c **** /**
 376:Drivers/STM32F0xx_HAL_Driver/Src/stm32f0xx_hal.c ****   * @brief Suspend Tick increment.
 377:Drivers/STM32F0xx_HAL_Driver/Src/stm32f0xx_hal.c ****   * @note In the default implementation , SysTick timer is the source of time base. It is
 378:Drivers/STM32F0xx_HAL_Driver/Src/stm32f0xx_hal.c ****   *       used to generate interrupts at regular time intervals. Once HAL_SuspendTick()
 379:Drivers/STM32F0xx_HAL_Driver/Src/stm32f0xx_hal.c ****   *       is called, the the SysTick interrupt will be disabled and so Tick increment 
 380:Drivers/STM32F0xx_HAL_Driver/Src/stm32f0xx_hal.c ****   *       is suspended.
 381:Drivers/STM32F0xx_HAL_Driver/Src/stm32f0xx_hal.c ****   * @note This function is declared as __weak to be overwritten in case of other
 382:Drivers/STM32F0xx_HAL_Driver/Src/stm32f0xx_hal.c ****   *       implementations in user file.
 383:Drivers/STM32F0xx_HAL_Driver/Src/stm32f0xx_hal.c ****   * @retval None
 384:Drivers/STM32F0xx_HAL_Driver/Src/stm32f0xx_hal.c ****   */
 385:Drivers/STM32F0xx_HAL_Driver/Src/stm32f0xx_hal.c **** __weak void HAL_SuspendTick(void)
 386:Drivers/STM32F0xx_HAL_Driver/Src/stm32f0xx_hal.c **** 
 387:Drivers/STM32F0xx_HAL_Driver/Src/stm32f0xx_hal.c **** {
 497              		.loc 1 387 1 is_stmt 1 view -0
 498              		.cfi_startproc
 499              		@ args = 0, pretend = 0, frame = 0
 500              		@ frame_needed = 0, uses_anonymous_args = 0
 501              		@ link register save eliminated.
 388:Drivers/STM32F0xx_HAL_Driver/Src/stm32f0xx_hal.c ****   /* Disable SysTick Interrupt */
 389:Drivers/STM32F0xx_HAL_Driver/Src/stm32f0xx_hal.c ****   CLEAR_BIT(SysTick->CTRL,SysTick_CTRL_TICKINT_Msk);
 502              		.loc 1 389 3 view .LVU98
 503 0000 024A     		ldr	r2, .L41
 504 0002 1368     		ldr	r3, [r2]
 505 0004 0221     		movs	r1, #2
 506 0006 8B43     		bics	r3, r1
 507 0008 1360     		str	r3, [r2]
 390:Drivers/STM32F0xx_HAL_Driver/Src/stm32f0xx_hal.c **** }
 508              		.loc 1 390 1 is_stmt 0 view .LVU99
 509              		@ sp needed
 510 000a 7047     		bx	lr
ARM GAS  C:\Users\fastr\AppData\Local\Temp\ccqOszTH.s 			page 17


 511              	.L42:
 512              		.align	2
 513              	.L41:
 514 000c 10E000E0 		.word	-536813552
 515              		.cfi_endproc
 516              	.LFE51:
 518              		.section	.text.HAL_ResumeTick,"ax",%progbits
 519              		.align	1
 520              		.weak	HAL_ResumeTick
 521              		.syntax unified
 522              		.code	16
 523              		.thumb_func
 525              	HAL_ResumeTick:
 526              	.LFB52:
 391:Drivers/STM32F0xx_HAL_Driver/Src/stm32f0xx_hal.c **** 
 392:Drivers/STM32F0xx_HAL_Driver/Src/stm32f0xx_hal.c **** /**
 393:Drivers/STM32F0xx_HAL_Driver/Src/stm32f0xx_hal.c ****   * @brief Resume Tick increment.
 394:Drivers/STM32F0xx_HAL_Driver/Src/stm32f0xx_hal.c ****   * @note In the default implementation , SysTick timer is the source of time base. It is
 395:Drivers/STM32F0xx_HAL_Driver/Src/stm32f0xx_hal.c ****   *       used to generate interrupts at regular time intervals. Once HAL_ResumeTick()
 396:Drivers/STM32F0xx_HAL_Driver/Src/stm32f0xx_hal.c ****   *       is called, the the SysTick interrupt will be enabled and so Tick increment 
 397:Drivers/STM32F0xx_HAL_Driver/Src/stm32f0xx_hal.c ****   *       is resumed.
 398:Drivers/STM32F0xx_HAL_Driver/Src/stm32f0xx_hal.c ****   * @note This function is declared as __weak  to be overwritten  in case of other
 399:Drivers/STM32F0xx_HAL_Driver/Src/stm32f0xx_hal.c ****   *       implementations in user file.
 400:Drivers/STM32F0xx_HAL_Driver/Src/stm32f0xx_hal.c ****   * @retval None
 401:Drivers/STM32F0xx_HAL_Driver/Src/stm32f0xx_hal.c ****   */
 402:Drivers/STM32F0xx_HAL_Driver/Src/stm32f0xx_hal.c **** __weak void HAL_ResumeTick(void)
 403:Drivers/STM32F0xx_HAL_Driver/Src/stm32f0xx_hal.c **** {
 527              		.loc 1 403 1 is_stmt 1 view -0
 528              		.cfi_startproc
 529              		@ args = 0, pretend = 0, frame = 0
 530              		@ frame_needed = 0, uses_anonymous_args = 0
 531              		@ link register save eliminated.
 404:Drivers/STM32F0xx_HAL_Driver/Src/stm32f0xx_hal.c ****   /* Enable SysTick Interrupt */
 405:Drivers/STM32F0xx_HAL_Driver/Src/stm32f0xx_hal.c ****   SET_BIT(SysTick->CTRL,SysTick_CTRL_TICKINT_Msk);
 532              		.loc 1 405 3 view .LVU101
 533 0000 024A     		ldr	r2, .L44
 534 0002 1368     		ldr	r3, [r2]
 535 0004 0221     		movs	r1, #2
 536 0006 0B43     		orrs	r3, r1
 537 0008 1360     		str	r3, [r2]
 406:Drivers/STM32F0xx_HAL_Driver/Src/stm32f0xx_hal.c **** }
 538              		.loc 1 406 1 is_stmt 0 view .LVU102
 539              		@ sp needed
 540 000a 7047     		bx	lr
 541              	.L45:
 542              		.align	2
 543              	.L44:
 544 000c 10E000E0 		.word	-536813552
 545              		.cfi_endproc
 546              	.LFE52:
 548              		.section	.text.HAL_GetHalVersion,"ax",%progbits
 549              		.align	1
 550              		.global	HAL_GetHalVersion
 551              		.syntax unified
 552              		.code	16
 553              		.thumb_func
 555              	HAL_GetHalVersion:
ARM GAS  C:\Users\fastr\AppData\Local\Temp\ccqOszTH.s 			page 18


 556              	.LFB53:
 407:Drivers/STM32F0xx_HAL_Driver/Src/stm32f0xx_hal.c **** 
 408:Drivers/STM32F0xx_HAL_Driver/Src/stm32f0xx_hal.c **** /**
 409:Drivers/STM32F0xx_HAL_Driver/Src/stm32f0xx_hal.c ****   * @brief  This method returns the HAL revision
 410:Drivers/STM32F0xx_HAL_Driver/Src/stm32f0xx_hal.c ****   * @retval version 0xXYZR (8bits for each decimal, R for RC)
 411:Drivers/STM32F0xx_HAL_Driver/Src/stm32f0xx_hal.c ****   */
 412:Drivers/STM32F0xx_HAL_Driver/Src/stm32f0xx_hal.c **** uint32_t HAL_GetHalVersion(void)
 413:Drivers/STM32F0xx_HAL_Driver/Src/stm32f0xx_hal.c **** {
 557              		.loc 1 413 1 is_stmt 1 view -0
 558              		.cfi_startproc
 559              		@ args = 0, pretend = 0, frame = 0
 560              		@ frame_needed = 0, uses_anonymous_args = 0
 561              		@ link register save eliminated.
 414:Drivers/STM32F0xx_HAL_Driver/Src/stm32f0xx_hal.c ****  return __STM32F0xx_HAL_VERSION;
 562              		.loc 1 414 2 view .LVU104
 415:Drivers/STM32F0xx_HAL_Driver/Src/stm32f0xx_hal.c **** }
 563              		.loc 1 415 1 is_stmt 0 view .LVU105
 564 0000 0048     		ldr	r0, .L47
 565              		@ sp needed
 566 0002 7047     		bx	lr
 567              	.L48:
 568              		.align	2
 569              	.L47:
 570 0004 00080701 		.word	17238016
 571              		.cfi_endproc
 572              	.LFE53:
 574              		.section	.text.HAL_GetREVID,"ax",%progbits
 575              		.align	1
 576              		.global	HAL_GetREVID
 577              		.syntax unified
 578              		.code	16
 579              		.thumb_func
 581              	HAL_GetREVID:
 582              	.LFB54:
 416:Drivers/STM32F0xx_HAL_Driver/Src/stm32f0xx_hal.c **** 
 417:Drivers/STM32F0xx_HAL_Driver/Src/stm32f0xx_hal.c **** /**
 418:Drivers/STM32F0xx_HAL_Driver/Src/stm32f0xx_hal.c ****   * @brief  Returns the device revision identifier.
 419:Drivers/STM32F0xx_HAL_Driver/Src/stm32f0xx_hal.c ****   * @retval Device revision identifier
 420:Drivers/STM32F0xx_HAL_Driver/Src/stm32f0xx_hal.c ****   */
 421:Drivers/STM32F0xx_HAL_Driver/Src/stm32f0xx_hal.c **** uint32_t HAL_GetREVID(void)
 422:Drivers/STM32F0xx_HAL_Driver/Src/stm32f0xx_hal.c **** {
 583              		.loc 1 422 1 is_stmt 1 view -0
 584              		.cfi_startproc
 585              		@ args = 0, pretend = 0, frame = 0
 586              		@ frame_needed = 0, uses_anonymous_args = 0
 587              		@ link register save eliminated.
 423:Drivers/STM32F0xx_HAL_Driver/Src/stm32f0xx_hal.c ****    return((DBGMCU->IDCODE) >> 16U);
 588              		.loc 1 423 4 view .LVU107
 589              		.loc 1 423 18 is_stmt 0 view .LVU108
 590 0000 014B     		ldr	r3, .L50
 591 0002 1868     		ldr	r0, [r3]
 592              		.loc 1 423 28 view .LVU109
 593 0004 000C     		lsrs	r0, r0, #16
 424:Drivers/STM32F0xx_HAL_Driver/Src/stm32f0xx_hal.c **** }
 594              		.loc 1 424 1 view .LVU110
 595              		@ sp needed
 596 0006 7047     		bx	lr
ARM GAS  C:\Users\fastr\AppData\Local\Temp\ccqOszTH.s 			page 19


 597              	.L51:
 598              		.align	2
 599              	.L50:
 600 0008 00580140 		.word	1073829888
 601              		.cfi_endproc
 602              	.LFE54:
 604              		.section	.text.HAL_GetDEVID,"ax",%progbits
 605              		.align	1
 606              		.global	HAL_GetDEVID
 607              		.syntax unified
 608              		.code	16
 609              		.thumb_func
 611              	HAL_GetDEVID:
 612              	.LFB55:
 425:Drivers/STM32F0xx_HAL_Driver/Src/stm32f0xx_hal.c **** 
 426:Drivers/STM32F0xx_HAL_Driver/Src/stm32f0xx_hal.c **** /**
 427:Drivers/STM32F0xx_HAL_Driver/Src/stm32f0xx_hal.c ****   * @brief  Returns the device identifier.
 428:Drivers/STM32F0xx_HAL_Driver/Src/stm32f0xx_hal.c ****   * @retval Device identifier
 429:Drivers/STM32F0xx_HAL_Driver/Src/stm32f0xx_hal.c ****   */
 430:Drivers/STM32F0xx_HAL_Driver/Src/stm32f0xx_hal.c **** uint32_t HAL_GetDEVID(void)
 431:Drivers/STM32F0xx_HAL_Driver/Src/stm32f0xx_hal.c **** {
 613              		.loc 1 431 1 is_stmt 1 view -0
 614              		.cfi_startproc
 615              		@ args = 0, pretend = 0, frame = 0
 616              		@ frame_needed = 0, uses_anonymous_args = 0
 617              		@ link register save eliminated.
 432:Drivers/STM32F0xx_HAL_Driver/Src/stm32f0xx_hal.c ****    return((DBGMCU->IDCODE) & IDCODE_DEVID_MASK);
 618              		.loc 1 432 4 view .LVU112
 619              		.loc 1 432 18 is_stmt 0 view .LVU113
 620 0000 024B     		ldr	r3, .L53
 621 0002 1868     		ldr	r0, [r3]
 622              		.loc 1 432 28 view .LVU114
 623 0004 0005     		lsls	r0, r0, #20
 624 0006 000D     		lsrs	r0, r0, #20
 433:Drivers/STM32F0xx_HAL_Driver/Src/stm32f0xx_hal.c **** }
 625              		.loc 1 433 1 view .LVU115
 626              		@ sp needed
 627 0008 7047     		bx	lr
 628              	.L54:
 629 000a C046     		.align	2
 630              	.L53:
 631 000c 00580140 		.word	1073829888
 632              		.cfi_endproc
 633              	.LFE55:
 635              		.section	.text.HAL_GetUIDw0,"ax",%progbits
 636              		.align	1
 637              		.global	HAL_GetUIDw0
 638              		.syntax unified
 639              		.code	16
 640              		.thumb_func
 642              	HAL_GetUIDw0:
 643              	.LFB56:
 434:Drivers/STM32F0xx_HAL_Driver/Src/stm32f0xx_hal.c **** 
 435:Drivers/STM32F0xx_HAL_Driver/Src/stm32f0xx_hal.c **** /**
 436:Drivers/STM32F0xx_HAL_Driver/Src/stm32f0xx_hal.c ****   * @brief  Returns first word of the unique device identifier (UID based on 96 bits)
 437:Drivers/STM32F0xx_HAL_Driver/Src/stm32f0xx_hal.c ****   * @retval Device identifier
 438:Drivers/STM32F0xx_HAL_Driver/Src/stm32f0xx_hal.c ****   */
ARM GAS  C:\Users\fastr\AppData\Local\Temp\ccqOszTH.s 			page 20


 439:Drivers/STM32F0xx_HAL_Driver/Src/stm32f0xx_hal.c **** uint32_t HAL_GetUIDw0(void)
 440:Drivers/STM32F0xx_HAL_Driver/Src/stm32f0xx_hal.c **** {
 644              		.loc 1 440 1 is_stmt 1 view -0
 645              		.cfi_startproc
 646              		@ args = 0, pretend = 0, frame = 0
 647              		@ frame_needed = 0, uses_anonymous_args = 0
 648              		@ link register save eliminated.
 441:Drivers/STM32F0xx_HAL_Driver/Src/stm32f0xx_hal.c ****    return(READ_REG(*((uint32_t *)UID_BASE)));
 649              		.loc 1 441 4 view .LVU117
 650              		.loc 1 441 11 is_stmt 0 view .LVU118
 651 0000 014B     		ldr	r3, .L56
 652              		.loc 1 441 11 discriminator 1 view .LVU119
 653 0002 1868     		ldr	r0, [r3]
 442:Drivers/STM32F0xx_HAL_Driver/Src/stm32f0xx_hal.c **** }
 654              		.loc 1 442 1 view .LVU120
 655              		@ sp needed
 656 0004 7047     		bx	lr
 657              	.L57:
 658 0006 C046     		.align	2
 659              	.L56:
 660 0008 ACF7FF1F 		.word	536868780
 661              		.cfi_endproc
 662              	.LFE56:
 664              		.section	.text.HAL_GetUIDw1,"ax",%progbits
 665              		.align	1
 666              		.global	HAL_GetUIDw1
 667              		.syntax unified
 668              		.code	16
 669              		.thumb_func
 671              	HAL_GetUIDw1:
 672              	.LFB57:
 443:Drivers/STM32F0xx_HAL_Driver/Src/stm32f0xx_hal.c **** 
 444:Drivers/STM32F0xx_HAL_Driver/Src/stm32f0xx_hal.c **** /**
 445:Drivers/STM32F0xx_HAL_Driver/Src/stm32f0xx_hal.c ****   * @brief  Returns second word of the unique device identifier (UID based on 96 bits)
 446:Drivers/STM32F0xx_HAL_Driver/Src/stm32f0xx_hal.c ****   * @retval Device identifier
 447:Drivers/STM32F0xx_HAL_Driver/Src/stm32f0xx_hal.c ****   */
 448:Drivers/STM32F0xx_HAL_Driver/Src/stm32f0xx_hal.c **** uint32_t HAL_GetUIDw1(void)
 449:Drivers/STM32F0xx_HAL_Driver/Src/stm32f0xx_hal.c **** {
 673              		.loc 1 449 1 is_stmt 1 view -0
 674              		.cfi_startproc
 675              		@ args = 0, pretend = 0, frame = 0
 676              		@ frame_needed = 0, uses_anonymous_args = 0
 677              		@ link register save eliminated.
 450:Drivers/STM32F0xx_HAL_Driver/Src/stm32f0xx_hal.c ****    return(READ_REG(*((uint32_t *)(UID_BASE + 4U))));
 678              		.loc 1 450 4 view .LVU122
 679              		.loc 1 450 11 is_stmt 0 view .LVU123
 680 0000 014B     		ldr	r3, .L59
 681              		.loc 1 450 11 discriminator 1 view .LVU124
 682 0002 1868     		ldr	r0, [r3]
 451:Drivers/STM32F0xx_HAL_Driver/Src/stm32f0xx_hal.c **** }
 683              		.loc 1 451 1 view .LVU125
 684              		@ sp needed
 685 0004 7047     		bx	lr
 686              	.L60:
 687 0006 C046     		.align	2
 688              	.L59:
 689 0008 B0F7FF1F 		.word	536868784
ARM GAS  C:\Users\fastr\AppData\Local\Temp\ccqOszTH.s 			page 21


 690              		.cfi_endproc
 691              	.LFE57:
 693              		.section	.text.HAL_GetUIDw2,"ax",%progbits
 694              		.align	1
 695              		.global	HAL_GetUIDw2
 696              		.syntax unified
 697              		.code	16
 698              		.thumb_func
 700              	HAL_GetUIDw2:
 701              	.LFB58:
 452:Drivers/STM32F0xx_HAL_Driver/Src/stm32f0xx_hal.c **** 
 453:Drivers/STM32F0xx_HAL_Driver/Src/stm32f0xx_hal.c **** /**
 454:Drivers/STM32F0xx_HAL_Driver/Src/stm32f0xx_hal.c ****   * @brief  Returns third word of the unique device identifier (UID based on 96 bits)
 455:Drivers/STM32F0xx_HAL_Driver/Src/stm32f0xx_hal.c ****   * @retval Device identifier
 456:Drivers/STM32F0xx_HAL_Driver/Src/stm32f0xx_hal.c ****   */
 457:Drivers/STM32F0xx_HAL_Driver/Src/stm32f0xx_hal.c **** uint32_t HAL_GetUIDw2(void)
 458:Drivers/STM32F0xx_HAL_Driver/Src/stm32f0xx_hal.c **** {
 702              		.loc 1 458 1 is_stmt 1 view -0
 703              		.cfi_startproc
 704              		@ args = 0, pretend = 0, frame = 0
 705              		@ frame_needed = 0, uses_anonymous_args = 0
 706              		@ link register save eliminated.
 459:Drivers/STM32F0xx_HAL_Driver/Src/stm32f0xx_hal.c ****    return(READ_REG(*((uint32_t *)(UID_BASE + 8U))));
 707              		.loc 1 459 4 view .LVU127
 708              		.loc 1 459 11 is_stmt 0 view .LVU128
 709 0000 014B     		ldr	r3, .L62
 710              		.loc 1 459 11 discriminator 1 view .LVU129
 711 0002 1868     		ldr	r0, [r3]
 460:Drivers/STM32F0xx_HAL_Driver/Src/stm32f0xx_hal.c **** }
 712              		.loc 1 460 1 view .LVU130
 713              		@ sp needed
 714 0004 7047     		bx	lr
 715              	.L63:
 716 0006 C046     		.align	2
 717              	.L62:
 718 0008 B4F7FF1F 		.word	536868788
 719              		.cfi_endproc
 720              	.LFE58:
 722              		.section	.text.HAL_DBGMCU_EnableDBGStopMode,"ax",%progbits
 723              		.align	1
 724              		.global	HAL_DBGMCU_EnableDBGStopMode
 725              		.syntax unified
 726              		.code	16
 727              		.thumb_func
 729              	HAL_DBGMCU_EnableDBGStopMode:
 730              	.LFB59:
 461:Drivers/STM32F0xx_HAL_Driver/Src/stm32f0xx_hal.c **** 
 462:Drivers/STM32F0xx_HAL_Driver/Src/stm32f0xx_hal.c **** /**
 463:Drivers/STM32F0xx_HAL_Driver/Src/stm32f0xx_hal.c ****   * @brief  Enable the Debug Module during STOP mode
 464:Drivers/STM32F0xx_HAL_Driver/Src/stm32f0xx_hal.c ****   * @retval None
 465:Drivers/STM32F0xx_HAL_Driver/Src/stm32f0xx_hal.c ****   */
 466:Drivers/STM32F0xx_HAL_Driver/Src/stm32f0xx_hal.c **** void HAL_DBGMCU_EnableDBGStopMode(void)
 467:Drivers/STM32F0xx_HAL_Driver/Src/stm32f0xx_hal.c **** {
 731              		.loc 1 467 1 is_stmt 1 view -0
 732              		.cfi_startproc
 733              		@ args = 0, pretend = 0, frame = 0
 734              		@ frame_needed = 0, uses_anonymous_args = 0
ARM GAS  C:\Users\fastr\AppData\Local\Temp\ccqOszTH.s 			page 22


 735              		@ link register save eliminated.
 468:Drivers/STM32F0xx_HAL_Driver/Src/stm32f0xx_hal.c ****   SET_BIT(DBGMCU->CR, DBGMCU_CR_DBG_STOP);
 736              		.loc 1 468 3 view .LVU132
 737 0000 024A     		ldr	r2, .L65
 738 0002 5368     		ldr	r3, [r2, #4]
 739 0004 0221     		movs	r1, #2
 740 0006 0B43     		orrs	r3, r1
 741 0008 5360     		str	r3, [r2, #4]
 469:Drivers/STM32F0xx_HAL_Driver/Src/stm32f0xx_hal.c **** }
 742              		.loc 1 469 1 is_stmt 0 view .LVU133
 743              		@ sp needed
 744 000a 7047     		bx	lr
 745              	.L66:
 746              		.align	2
 747              	.L65:
 748 000c 00580140 		.word	1073829888
 749              		.cfi_endproc
 750              	.LFE59:
 752              		.section	.text.HAL_DBGMCU_DisableDBGStopMode,"ax",%progbits
 753              		.align	1
 754              		.global	HAL_DBGMCU_DisableDBGStopMode
 755              		.syntax unified
 756              		.code	16
 757              		.thumb_func
 759              	HAL_DBGMCU_DisableDBGStopMode:
 760              	.LFB60:
 470:Drivers/STM32F0xx_HAL_Driver/Src/stm32f0xx_hal.c **** 
 471:Drivers/STM32F0xx_HAL_Driver/Src/stm32f0xx_hal.c **** /**
 472:Drivers/STM32F0xx_HAL_Driver/Src/stm32f0xx_hal.c ****   * @brief  Disable the Debug Module during STOP mode
 473:Drivers/STM32F0xx_HAL_Driver/Src/stm32f0xx_hal.c ****   * @retval None
 474:Drivers/STM32F0xx_HAL_Driver/Src/stm32f0xx_hal.c ****   */
 475:Drivers/STM32F0xx_HAL_Driver/Src/stm32f0xx_hal.c **** void HAL_DBGMCU_DisableDBGStopMode(void)
 476:Drivers/STM32F0xx_HAL_Driver/Src/stm32f0xx_hal.c **** {
 761              		.loc 1 476 1 is_stmt 1 view -0
 762              		.cfi_startproc
 763              		@ args = 0, pretend = 0, frame = 0
 764              		@ frame_needed = 0, uses_anonymous_args = 0
 765              		@ link register save eliminated.
 477:Drivers/STM32F0xx_HAL_Driver/Src/stm32f0xx_hal.c ****   CLEAR_BIT(DBGMCU->CR, DBGMCU_CR_DBG_STOP);
 766              		.loc 1 477 3 view .LVU135
 767 0000 024A     		ldr	r2, .L68
 768 0002 5368     		ldr	r3, [r2, #4]
 769 0004 0221     		movs	r1, #2
 770 0006 8B43     		bics	r3, r1
 771 0008 5360     		str	r3, [r2, #4]
 478:Drivers/STM32F0xx_HAL_Driver/Src/stm32f0xx_hal.c **** }
 772              		.loc 1 478 1 is_stmt 0 view .LVU136
 773              		@ sp needed
 774 000a 7047     		bx	lr
 775              	.L69:
 776              		.align	2
 777              	.L68:
 778 000c 00580140 		.word	1073829888
 779              		.cfi_endproc
 780              	.LFE60:
 782              		.section	.text.HAL_DBGMCU_EnableDBGStandbyMode,"ax",%progbits
 783              		.align	1
ARM GAS  C:\Users\fastr\AppData\Local\Temp\ccqOszTH.s 			page 23


 784              		.global	HAL_DBGMCU_EnableDBGStandbyMode
 785              		.syntax unified
 786              		.code	16
 787              		.thumb_func
 789              	HAL_DBGMCU_EnableDBGStandbyMode:
 790              	.LFB61:
 479:Drivers/STM32F0xx_HAL_Driver/Src/stm32f0xx_hal.c **** 
 480:Drivers/STM32F0xx_HAL_Driver/Src/stm32f0xx_hal.c **** /**
 481:Drivers/STM32F0xx_HAL_Driver/Src/stm32f0xx_hal.c ****   * @brief  Enable the Debug Module during STANDBY mode
 482:Drivers/STM32F0xx_HAL_Driver/Src/stm32f0xx_hal.c ****   * @retval None
 483:Drivers/STM32F0xx_HAL_Driver/Src/stm32f0xx_hal.c ****   */
 484:Drivers/STM32F0xx_HAL_Driver/Src/stm32f0xx_hal.c **** void HAL_DBGMCU_EnableDBGStandbyMode(void)
 485:Drivers/STM32F0xx_HAL_Driver/Src/stm32f0xx_hal.c **** {
 791              		.loc 1 485 1 is_stmt 1 view -0
 792              		.cfi_startproc
 793              		@ args = 0, pretend = 0, frame = 0
 794              		@ frame_needed = 0, uses_anonymous_args = 0
 795              		@ link register save eliminated.
 486:Drivers/STM32F0xx_HAL_Driver/Src/stm32f0xx_hal.c ****   SET_BIT(DBGMCU->CR, DBGMCU_CR_DBG_STANDBY);
 796              		.loc 1 486 3 view .LVU138
 797 0000 024A     		ldr	r2, .L71
 798 0002 5368     		ldr	r3, [r2, #4]
 799 0004 0421     		movs	r1, #4
 800 0006 0B43     		orrs	r3, r1
 801 0008 5360     		str	r3, [r2, #4]
 487:Drivers/STM32F0xx_HAL_Driver/Src/stm32f0xx_hal.c **** }
 802              		.loc 1 487 1 is_stmt 0 view .LVU139
 803              		@ sp needed
 804 000a 7047     		bx	lr
 805              	.L72:
 806              		.align	2
 807              	.L71:
 808 000c 00580140 		.word	1073829888
 809              		.cfi_endproc
 810              	.LFE61:
 812              		.section	.text.HAL_DBGMCU_DisableDBGStandbyMode,"ax",%progbits
 813              		.align	1
 814              		.global	HAL_DBGMCU_DisableDBGStandbyMode
 815              		.syntax unified
 816              		.code	16
 817              		.thumb_func
 819              	HAL_DBGMCU_DisableDBGStandbyMode:
 820              	.LFB62:
 488:Drivers/STM32F0xx_HAL_Driver/Src/stm32f0xx_hal.c **** 
 489:Drivers/STM32F0xx_HAL_Driver/Src/stm32f0xx_hal.c **** /**
 490:Drivers/STM32F0xx_HAL_Driver/Src/stm32f0xx_hal.c ****   * @brief  Disable the Debug Module during STANDBY mode
 491:Drivers/STM32F0xx_HAL_Driver/Src/stm32f0xx_hal.c ****   * @retval None
 492:Drivers/STM32F0xx_HAL_Driver/Src/stm32f0xx_hal.c ****   */
 493:Drivers/STM32F0xx_HAL_Driver/Src/stm32f0xx_hal.c **** void HAL_DBGMCU_DisableDBGStandbyMode(void)
 494:Drivers/STM32F0xx_HAL_Driver/Src/stm32f0xx_hal.c **** {
 821              		.loc 1 494 1 is_stmt 1 view -0
 822              		.cfi_startproc
 823              		@ args = 0, pretend = 0, frame = 0
 824              		@ frame_needed = 0, uses_anonymous_args = 0
 825              		@ link register save eliminated.
 495:Drivers/STM32F0xx_HAL_Driver/Src/stm32f0xx_hal.c ****   CLEAR_BIT(DBGMCU->CR, DBGMCU_CR_DBG_STANDBY);
 826              		.loc 1 495 3 view .LVU141
ARM GAS  C:\Users\fastr\AppData\Local\Temp\ccqOszTH.s 			page 24


 827 0000 024A     		ldr	r2, .L74
 828 0002 5368     		ldr	r3, [r2, #4]
 829 0004 0421     		movs	r1, #4
 830 0006 8B43     		bics	r3, r1
 831 0008 5360     		str	r3, [r2, #4]
 496:Drivers/STM32F0xx_HAL_Driver/Src/stm32f0xx_hal.c **** }
 832              		.loc 1 496 1 is_stmt 0 view .LVU142
 833              		@ sp needed
 834 000a 7047     		bx	lr
 835              	.L75:
 836              		.align	2
 837              	.L74:
 838 000c 00580140 		.word	1073829888
 839              		.cfi_endproc
 840              	.LFE62:
 842              		.global	uwTickFreq
 843              		.section	.data.uwTickFreq,"aw"
 846              	uwTickFreq:
 847 0000 01       		.byte	1
 848              		.global	uwTickPrio
 849              		.section	.data.uwTickPrio,"aw"
 850              		.align	2
 853              	uwTickPrio:
 854 0000 04000000 		.word	4
 855              		.global	uwTick
 856              		.section	.bss.uwTick,"aw",%nobits
 857              		.align	2
 860              	uwTick:
 861 0000 00000000 		.space	4
 862              		.text
 863              	.Letext0:
 864              		.file 2 "Drivers/CMSIS/Device/ST/STM32F0xx/Include/stm32f051x8.h"
 865              		.file 3 "C:/Users/fastr/AppData/Roaming/Code/User/globalStorage/bmd.stm32-for-vscode/@xpack-dev-to
 866              		.file 4 "C:/Users/fastr/AppData/Roaming/Code/User/globalStorage/bmd.stm32-for-vscode/@xpack-dev-to
 867              		.file 5 "Drivers/CMSIS/Include/core_cm0.h"
 868              		.file 6 "Drivers/STM32F0xx_HAL_Driver/Inc/stm32f0xx_hal_def.h"
 869              		.file 7 "Drivers/STM32F0xx_HAL_Driver/Inc/stm32f0xx_hal.h"
 870              		.file 8 "Drivers/CMSIS/Device/ST/STM32F0xx/Include/system_stm32f0xx.h"
 871              		.file 9 "Drivers/STM32F0xx_HAL_Driver/Inc/stm32f0xx_hal_cortex.h"
ARM GAS  C:\Users\fastr\AppData\Local\Temp\ccqOszTH.s 			page 25


DEFINED SYMBOLS
                            *ABS*:00000000 stm32f0xx_hal.c
C:\Users\fastr\AppData\Local\Temp\ccqOszTH.s:19     .text.HAL_MspInit:00000000 $t
C:\Users\fastr\AppData\Local\Temp\ccqOszTH.s:25     .text.HAL_MspInit:00000000 HAL_MspInit
C:\Users\fastr\AppData\Local\Temp\ccqOszTH.s:39     .text.HAL_MspDeInit:00000000 $t
C:\Users\fastr\AppData\Local\Temp\ccqOszTH.s:45     .text.HAL_MspDeInit:00000000 HAL_MspDeInit
C:\Users\fastr\AppData\Local\Temp\ccqOszTH.s:59     .text.HAL_DeInit:00000000 $t
C:\Users\fastr\AppData\Local\Temp\ccqOszTH.s:65     .text.HAL_DeInit:00000000 HAL_DeInit
C:\Users\fastr\AppData\Local\Temp\ccqOszTH.s:102    .text.HAL_DeInit:00000020 $d
C:\Users\fastr\AppData\Local\Temp\ccqOszTH.s:107    .text.HAL_InitTick:00000000 $t
C:\Users\fastr\AppData\Local\Temp\ccqOszTH.s:113    .text.HAL_InitTick:00000000 HAL_InitTick
C:\Users\fastr\AppData\Local\Temp\ccqOszTH.s:187    .text.HAL_InitTick:00000044 $d
C:\Users\fastr\AppData\Local\Temp\ccqOszTH.s:846    .data.uwTickFreq:00000000 uwTickFreq
C:\Users\fastr\AppData\Local\Temp\ccqOszTH.s:853    .data.uwTickPrio:00000000 uwTickPrio
C:\Users\fastr\AppData\Local\Temp\ccqOszTH.s:194    .text.HAL_Init:00000000 $t
C:\Users\fastr\AppData\Local\Temp\ccqOszTH.s:200    .text.HAL_Init:00000000 HAL_Init
C:\Users\fastr\AppData\Local\Temp\ccqOszTH.s:231    .text.HAL_Init:0000001c $d
C:\Users\fastr\AppData\Local\Temp\ccqOszTH.s:236    .text.HAL_IncTick:00000000 $t
C:\Users\fastr\AppData\Local\Temp\ccqOszTH.s:242    .text.HAL_IncTick:00000000 HAL_IncTick
C:\Users\fastr\AppData\Local\Temp\ccqOszTH.s:263    .text.HAL_IncTick:00000010 $d
C:\Users\fastr\AppData\Local\Temp\ccqOszTH.s:860    .bss.uwTick:00000000 uwTick
C:\Users\fastr\AppData\Local\Temp\ccqOszTH.s:269    .text.HAL_GetTick:00000000 $t
C:\Users\fastr\AppData\Local\Temp\ccqOszTH.s:275    .text.HAL_GetTick:00000000 HAL_GetTick
C:\Users\fastr\AppData\Local\Temp\ccqOszTH.s:292    .text.HAL_GetTick:00000008 $d
C:\Users\fastr\AppData\Local\Temp\ccqOszTH.s:297    .text.HAL_GetTickPrio:00000000 $t
C:\Users\fastr\AppData\Local\Temp\ccqOszTH.s:303    .text.HAL_GetTickPrio:00000000 HAL_GetTickPrio
C:\Users\fastr\AppData\Local\Temp\ccqOszTH.s:321    .text.HAL_GetTickPrio:00000008 $d
C:\Users\fastr\AppData\Local\Temp\ccqOszTH.s:326    .text.HAL_SetTickFreq:00000000 $t
C:\Users\fastr\AppData\Local\Temp\ccqOszTH.s:332    .text.HAL_SetTickFreq:00000000 HAL_SetTickFreq
C:\Users\fastr\AppData\Local\Temp\ccqOszTH.s:389    .text.HAL_SetTickFreq:00000024 $d
C:\Users\fastr\AppData\Local\Temp\ccqOszTH.s:395    .text.HAL_GetTickFreq:00000000 $t
C:\Users\fastr\AppData\Local\Temp\ccqOszTH.s:401    .text.HAL_GetTickFreq:00000000 HAL_GetTickFreq
C:\Users\fastr\AppData\Local\Temp\ccqOszTH.s:419    .text.HAL_GetTickFreq:00000008 $d
C:\Users\fastr\AppData\Local\Temp\ccqOszTH.s:424    .text.HAL_Delay:00000000 $t
C:\Users\fastr\AppData\Local\Temp\ccqOszTH.s:430    .text.HAL_Delay:00000000 HAL_Delay
C:\Users\fastr\AppData\Local\Temp\ccqOszTH.s:484    .text.HAL_Delay:00000020 $d
C:\Users\fastr\AppData\Local\Temp\ccqOszTH.s:489    .text.HAL_SuspendTick:00000000 $t
C:\Users\fastr\AppData\Local\Temp\ccqOszTH.s:495    .text.HAL_SuspendTick:00000000 HAL_SuspendTick
C:\Users\fastr\AppData\Local\Temp\ccqOszTH.s:514    .text.HAL_SuspendTick:0000000c $d
C:\Users\fastr\AppData\Local\Temp\ccqOszTH.s:519    .text.HAL_ResumeTick:00000000 $t
C:\Users\fastr\AppData\Local\Temp\ccqOszTH.s:525    .text.HAL_ResumeTick:00000000 HAL_ResumeTick
C:\Users\fastr\AppData\Local\Temp\ccqOszTH.s:544    .text.HAL_ResumeTick:0000000c $d
C:\Users\fastr\AppData\Local\Temp\ccqOszTH.s:549    .text.HAL_GetHalVersion:00000000 $t
C:\Users\fastr\AppData\Local\Temp\ccqOszTH.s:555    .text.HAL_GetHalVersion:00000000 HAL_GetHalVersion
C:\Users\fastr\AppData\Local\Temp\ccqOszTH.s:570    .text.HAL_GetHalVersion:00000004 $d
C:\Users\fastr\AppData\Local\Temp\ccqOszTH.s:575    .text.HAL_GetREVID:00000000 $t
C:\Users\fastr\AppData\Local\Temp\ccqOszTH.s:581    .text.HAL_GetREVID:00000000 HAL_GetREVID
C:\Users\fastr\AppData\Local\Temp\ccqOszTH.s:600    .text.HAL_GetREVID:00000008 $d
C:\Users\fastr\AppData\Local\Temp\ccqOszTH.s:605    .text.HAL_GetDEVID:00000000 $t
C:\Users\fastr\AppData\Local\Temp\ccqOszTH.s:611    .text.HAL_GetDEVID:00000000 HAL_GetDEVID
C:\Users\fastr\AppData\Local\Temp\ccqOszTH.s:631    .text.HAL_GetDEVID:0000000c $d
C:\Users\fastr\AppData\Local\Temp\ccqOszTH.s:636    .text.HAL_GetUIDw0:00000000 $t
C:\Users\fastr\AppData\Local\Temp\ccqOszTH.s:642    .text.HAL_GetUIDw0:00000000 HAL_GetUIDw0
C:\Users\fastr\AppData\Local\Temp\ccqOszTH.s:660    .text.HAL_GetUIDw0:00000008 $d
C:\Users\fastr\AppData\Local\Temp\ccqOszTH.s:665    .text.HAL_GetUIDw1:00000000 $t
C:\Users\fastr\AppData\Local\Temp\ccqOszTH.s:671    .text.HAL_GetUIDw1:00000000 HAL_GetUIDw1
C:\Users\fastr\AppData\Local\Temp\ccqOszTH.s:689    .text.HAL_GetUIDw1:00000008 $d
ARM GAS  C:\Users\fastr\AppData\Local\Temp\ccqOszTH.s 			page 26


C:\Users\fastr\AppData\Local\Temp\ccqOszTH.s:694    .text.HAL_GetUIDw2:00000000 $t
C:\Users\fastr\AppData\Local\Temp\ccqOszTH.s:700    .text.HAL_GetUIDw2:00000000 HAL_GetUIDw2
C:\Users\fastr\AppData\Local\Temp\ccqOszTH.s:718    .text.HAL_GetUIDw2:00000008 $d
C:\Users\fastr\AppData\Local\Temp\ccqOszTH.s:723    .text.HAL_DBGMCU_EnableDBGStopMode:00000000 $t
C:\Users\fastr\AppData\Local\Temp\ccqOszTH.s:729    .text.HAL_DBGMCU_EnableDBGStopMode:00000000 HAL_DBGMCU_EnableDBGStopMode
C:\Users\fastr\AppData\Local\Temp\ccqOszTH.s:748    .text.HAL_DBGMCU_EnableDBGStopMode:0000000c $d
C:\Users\fastr\AppData\Local\Temp\ccqOszTH.s:753    .text.HAL_DBGMCU_DisableDBGStopMode:00000000 $t
C:\Users\fastr\AppData\Local\Temp\ccqOszTH.s:759    .text.HAL_DBGMCU_DisableDBGStopMode:00000000 HAL_DBGMCU_DisableDBGStopMode
C:\Users\fastr\AppData\Local\Temp\ccqOszTH.s:778    .text.HAL_DBGMCU_DisableDBGStopMode:0000000c $d
C:\Users\fastr\AppData\Local\Temp\ccqOszTH.s:783    .text.HAL_DBGMCU_EnableDBGStandbyMode:00000000 $t
C:\Users\fastr\AppData\Local\Temp\ccqOszTH.s:789    .text.HAL_DBGMCU_EnableDBGStandbyMode:00000000 HAL_DBGMCU_EnableDBGStandbyMode
C:\Users\fastr\AppData\Local\Temp\ccqOszTH.s:808    .text.HAL_DBGMCU_EnableDBGStandbyMode:0000000c $d
C:\Users\fastr\AppData\Local\Temp\ccqOszTH.s:813    .text.HAL_DBGMCU_DisableDBGStandbyMode:00000000 $t
C:\Users\fastr\AppData\Local\Temp\ccqOszTH.s:819    .text.HAL_DBGMCU_DisableDBGStandbyMode:00000000 HAL_DBGMCU_DisableDBGStandbyMode
C:\Users\fastr\AppData\Local\Temp\ccqOszTH.s:838    .text.HAL_DBGMCU_DisableDBGStandbyMode:0000000c $d
C:\Users\fastr\AppData\Local\Temp\ccqOszTH.s:850    .data.uwTickPrio:00000000 $d
C:\Users\fastr\AppData\Local\Temp\ccqOszTH.s:857    .bss.uwTick:00000000 $d

UNDEFINED SYMBOLS
__aeabi_uidiv
HAL_SYSTICK_Config
HAL_NVIC_SetPriority
SystemCoreClock
